Component: ARM Compiler 5.06 update 6 (build 750) Tool: armlink [4d35ed]

==============================================================================

Section Cross References

    startup_stm32h743xx.o(RESET) refers to startup_stm32h743xx.o(STACK) for __initial_sp
    startup_stm32h743xx.o(RESET) refers to startup_stm32h743xx.o(.text) for Reset_Handler
    startup_stm32h743xx.o(RESET) refers to stm32h7xx_it.o(i.NMI_Handler) for NMI_Handler
    startup_stm32h743xx.o(RESET) refers to stm32h7xx_it.o(i.HardFault_Handler) for HardFault_Handler
    startup_stm32h743xx.o(RESET) refers to stm32h7xx_it.o(i.MemManage_Handler) for MemManage_Handler
    startup_stm32h743xx.o(RESET) refers to stm32h7xx_it.o(i.BusFault_Handler) for BusFault_Handler
    startup_stm32h743xx.o(RESET) refers to stm32h7xx_it.o(i.UsageFault_Handler) for UsageFault_Handler
    startup_stm32h743xx.o(RESET) refers to port.o(.emb_text) for SVC_Handler
    startup_stm32h743xx.o(RESET) refers to stm32h7xx_it.o(i.DebugMon_Handler) for DebugMon_Handler
    startup_stm32h743xx.o(RESET) refers to stm32h7xx_it.o(i.SysTick_Handler) for SysTick_Handler
    startup_stm32h743xx.o(RESET) refers to lan8720a.o(i.ETH_IRQHandler) for ETH_IRQHandler
    startup_stm32h743xx.o(.text) refers to system_stm32h7xx.o(i.SystemInit) for SystemInit
    startup_stm32h743xx.o(.text) refers to entry.o(.ARM.Collect$$$$00000000) for __main
    system_stm32h7xx.o(i.SystemCoreClockUpdate) refers to system_stm32h7xx.o(.data) for .data
    system_stm32h7xx.o(i.SystemCoreClockUpdate) refers to system_stm32h7xx.o(.constdata) for .constdata
    stm32h7xx_hal.o(i.HAL_DeInit) refers to stm32h7xx_hal.o(i.HAL_MspDeInit) for HAL_MspDeInit
    stm32h7xx_hal.o(i.HAL_Delay) refers to core_delay.o(i.HAL_GetTick) for HAL_GetTick
    stm32h7xx_hal.o(i.HAL_Delay) refers to stm32h7xx_hal.o(.data) for .data
    stm32h7xx_hal.o(i.HAL_GetTick) refers to stm32h7xx_hal.o(.data) for .data
    stm32h7xx_hal.o(i.HAL_GetTickFreq) refers to stm32h7xx_hal.o(.data) for .data
    stm32h7xx_hal.o(i.HAL_GetTickPrio) refers to stm32h7xx_hal.o(.data) for .data
    stm32h7xx_hal.o(i.HAL_IncTick) refers to stm32h7xx_hal.o(.data) for .data
    stm32h7xx_hal.o(i.HAL_Init) refers to stm32h7xx_hal_cortex.o(i.HAL_NVIC_SetPriorityGrouping) for HAL_NVIC_SetPriorityGrouping
    stm32h7xx_hal.o(i.HAL_Init) refers to stm32h7xx_hal_rcc.o(i.HAL_RCC_GetSysClockFreq) for HAL_RCC_GetSysClockFreq
    stm32h7xx_hal.o(i.HAL_Init) refers to core_delay.o(i.HAL_InitTick) for HAL_InitTick
    stm32h7xx_hal.o(i.HAL_Init) refers to stm32h7xx_hal.o(i.HAL_MspInit) for HAL_MspInit
    stm32h7xx_hal.o(i.HAL_Init) refers to system_stm32h7xx.o(.constdata) for D1CorePrescTable
    stm32h7xx_hal.o(i.HAL_Init) refers to system_stm32h7xx.o(.data) for SystemCoreClock
    stm32h7xx_hal.o(i.HAL_InitTick) refers to stm32h7xx_hal_cortex.o(i.HAL_SYSTICK_Config) for HAL_SYSTICK_Config
    stm32h7xx_hal.o(i.HAL_InitTick) refers to stm32h7xx_hal_cortex.o(i.HAL_NVIC_SetPriority) for HAL_NVIC_SetPriority
    stm32h7xx_hal.o(i.HAL_InitTick) refers to stm32h7xx_hal.o(.data) for .data
    stm32h7xx_hal.o(i.HAL_InitTick) refers to system_stm32h7xx.o(.data) for SystemCoreClock
    stm32h7xx_hal.o(i.HAL_SYSCFG_EnableVREFBUF) refers to core_delay.o(i.HAL_GetTick) for HAL_GetTick
    stm32h7xx_hal.o(i.HAL_SetTickFreq) refers to core_delay.o(i.HAL_InitTick) for HAL_InitTick
    stm32h7xx_hal.o(i.HAL_SetTickFreq) refers to stm32h7xx_hal.o(.data) for .data
    stm32h7xx_hal_cortex.o(i.HAL_NVIC_SetPriority) refers to stm32h7xx_hal_cortex.o(i.__NVIC_SetPriority) for __NVIC_SetPriority
    stm32h7xx_hal_cortex.o(i.HAL_SYSTICK_Config) refers to stm32h7xx_hal_cortex.o(i.__NVIC_SetPriority) for __NVIC_SetPriority
    stm32h7xx_hal_cortex.o(i.HAL_SYSTICK_IRQHandler) refers to stm32h7xx_hal_cortex.o(i.HAL_SYSTICK_Callback) for HAL_SYSTICK_Callback
    stm32h7xx_hal_dma.o(i.DMA_CalcBaseAndBitshift) refers to stm32h7xx_hal_dma.o(.constdata) for .constdata
    stm32h7xx_hal_dma.o(i.HAL_DMA_Abort) refers to core_delay.o(i.HAL_GetTick) for HAL_GetTick
    stm32h7xx_hal_dma.o(i.HAL_DMA_DeInit) refers to stm32h7xx_hal_dma.o(i.DMA_CalcBaseAndBitshift) for DMA_CalcBaseAndBitshift
    stm32h7xx_hal_dma.o(i.HAL_DMA_DeInit) refers to stm32h7xx_hal_dma.o(i.DMA_CalcDMAMUXChannelBaseAndMask) for DMA_CalcDMAMUXChannelBaseAndMask
    stm32h7xx_hal_dma.o(i.HAL_DMA_DeInit) refers to stm32h7xx_hal_dma.o(i.DMA_CalcDMAMUXRequestGenBaseAndMask) for DMA_CalcDMAMUXRequestGenBaseAndMask
    stm32h7xx_hal_dma.o(i.HAL_DMA_IRQHandler) refers to system_stm32h7xx.o(.data) for SystemCoreClock
    stm32h7xx_hal_dma.o(i.HAL_DMA_Init) refers to core_delay.o(i.HAL_GetTick) for HAL_GetTick
    stm32h7xx_hal_dma.o(i.HAL_DMA_Init) refers to stm32h7xx_hal_dma.o(i.DMA_CheckFifoParam) for DMA_CheckFifoParam
    stm32h7xx_hal_dma.o(i.HAL_DMA_Init) refers to stm32h7xx_hal_dma.o(i.DMA_CalcBaseAndBitshift) for DMA_CalcBaseAndBitshift
[...]
    netconn_prepare_delete                   0x0800a901   Thumb Code    36  api_lib.o(i.netconn_prepare_delete)
    netconn_send                             0x0800a929   Thumb Code    36  api_lib.o(i.netconn_send)
    netconn_write_partly                     0x0800a96d   Thumb Code    20  api_lib.o(i.netconn_write_partly)
    netconn_write_vectors_partly             0x0800a981   Thumb Code   196  api_lib.o(i.netconn_write_vectors_partly)
    netif_add                                0x0800aaad   Thumb Code   216  netif.o(i.netif_add)
    netif_get_by_index                       0x0800acb5   Thumb Code    34  netif.o(i.netif_get_by_index)
    netif_init                               0x0800acdd   Thumb Code     2  netif.o(i.netif_init)
    netif_set_addr                           0x0800ad45   Thumb Code    94  netif.o(i.netif_set_addr)
    netif_set_default                        0x0800ada9   Thumb Code     6  netif.o(i.netif_set_default)
    netif_set_down                           0x0800adb5   Thumb Code    36  netif.o(i.netif_set_down)
    netif_set_link_down                      0x0800adf9   Thumb Code    28  netif.o(i.netif_set_link_down)
    netif_set_link_up                        0x0800ae39   Thumb Code    54  netif.o(i.netif_set_link_up)
    netif_set_up                             0x0800ae95   Thumb Code    34  netif.o(i.netif_set_up)
    pbuf_add_header                          0x0800aed5   Thumb Code     6  pbuf.o(i.pbuf_add_header)
    pbuf_alloc                               0x0800af4d   Thumb Code   280  pbuf.o(i.pbuf_alloc)
    pbuf_alloc_reference                     0x0800b111   Thumb Code    62  pbuf.o(i.pbuf_alloc_reference)
    pbuf_alloced_custom                      0x0800b165   Thumb Code    54  pbuf.o(i.pbuf_alloced_custom)
    pbuf_cat                                 0x0800b19d   Thumb Code    76  pbuf.o(i.pbuf_cat)
    pbuf_chain                               0x0800b261   Thumb Code    20  pbuf.o(i.pbuf_chain)
    pbuf_clen                                0x0800b275   Thumb Code    18  pbuf.o(i.pbuf_clen)
    pbuf_clone                               0x0800b289   Thumb Code    42  pbuf.o(i.pbuf_clone)
    pbuf_copy                                0x0800b2c9   Thumb Code   194  pbuf.o(i.pbuf_copy)
    pbuf_copy_partial                        0x0800b42d   Thumb Code   118  pbuf.o(i.pbuf_copy_partial)
    pbuf_free                                0x0800b4e9   Thumb Code   152  pbuf.o(i.pbuf_free)
    pbuf_free_custom                         0x0800b5dd   Thumb Code    24  ethernetif.o(i.pbuf_free_custom)
    pbuf_header_force                        0x0800b5f9   Thumb Code     6  pbuf.o(i.pbuf_header_force)
    pbuf_realloc                             0x0800b629   Thumb Code   114  pbuf.o(i.pbuf_realloc)
    pbuf_ref                                 0x0800b6e9   Thumb Code    40  pbuf.o(i.pbuf_ref)
    pbuf_remove_header                       0x0800b725   Thumb Code    72  pbuf.o(i.pbuf_remove_header)
    pvPortMalloc                             0x0800bf11   Thumb Code   206  heap_4.o(i.pvPortMalloc)
    pvTaskIncrementMutexHeldCount            0x0800c01d   Thumb Code    20  tasks.o(i.pvTaskIncrementMutexHeldCount)
    pxPortInitialiseStack                    0x0800c035   Thumb Code    30  port.o(i.pxPortInitialiseStack)
    sys_arch_mbox_fetch                      0x0800c3c1   Thumb Code    66  sys_arch.o(i.sys_arch_mbox_fetch)
    sys_arch_mbox_tryfetch                   0x0800c403   Thumb Code    32  sys_arch.o(i.sys_arch_mbox_tryfetch)
    sys_arch_protect                         0x0800c423   Thumb Code    10  sys_arch.o(i.sys_arch_protect)
    sys_arch_sem_wait                        0x0800c42d   Thumb Code    64  sys_arch.o(i.sys_arch_sem_wait)
    sys_arch_unprotect                       0x0800c46d   Thumb Code     4  sys_arch.o(i.sys_arch_unprotect)
    sys_check_timeouts                       0x0800c471   Thumb Code    62  timeouts.o(i.sys_check_timeouts)
    sys_init                                 0x0800c4b5   Thumb Code    28  sys_arch.o(i.sys_init)
    sys_mbox_free                            0x0800c4d9   Thumb Code    20  sys_arch.o(i.sys_mbox_free)
    sys_mbox_new                             0x0800c4ed   Thumb Code    28  sys_arch.o(i.sys_mbox_new)
    sys_mbox_set_invalid                     0x0800c509   Thumb Code     6  sys_arch.o(i.sys_mbox_set_invalid)
    sys_mbox_trypost                         0x0800c50f   Thumb Code    28  sys_arch.o(i.sys_mbox_trypost)
    sys_mbox_valid                           0x0800c52b   Thumb Code    14  sys_arch.o(i.sys_mbox_valid)
    sys_mutex_lock                           0x0800c539   Thumb Code    12  sys_arch.o(i.sys_mutex_lock)
    sys_mutex_new                            0x0800c545   Thumb Code    30  sys_arch.o(i.sys_mutex_new)
    sys_mutex_unlock                         0x0800c581   Thumb Code    12  sys_arch.o(i.sys_mutex_unlock)
    sys_now                                  0x0800c58d   Thumb Code    12  sys_arch.o(i.sys_now)
    sys_sem_free                             0x0800c59d   Thumb Code    16  sys_arch.o(i.sys_sem_free)
    sys_sem_new                              0x0800c5ad   Thumb Code    62  sys_arch.o(i.sys_sem_new)
    sys_sem_set_invalid                      0x0800c609   Thumb Code     6  sys_arch.o(i.sys_sem_set_invalid)
    sys_sem_signal                           0x0800c611   Thumb Code    30  sys_arch.o(i.sys_sem_signal)
    sys_sem_valid                            0x0800c651   Thumb Code    14  sys_arch.o(i.sys_sem_valid)
    sys_thread_new                           0x0800c661   Thumb Code    52  sys_arch.o(i.sys_thread_new)
    sys_timeout                              0x0800c6bd   Thumb Code    38  timeouts.o(i.sys_timeout)
    sys_timeouts_init                        0x0800c7bd   Thumb Code    28  timeouts.o(i.sys_timeouts_init)
    sys_timeouts_sleeptime                   0x0800c7e1   Thumb Code    36  timeouts.o(i.sys_timeouts_sleeptime)
    tcp_abandon                              0x0800c809   Thumb Code   232  tcp.o(i.tcp_abandon)
    tcp_abort                                0x0800c945   Thumb Code     6  tcp.o(i.tcp_abort)
    tcp_accept                               0x0800c94b   Thumb Code    14  tcp.o(i.tcp_accept)
    tcp_alloc                                0x0800c959   Thumb Code   160  tcp.o(i.tcp_alloc)
    tcp_arg                                  0x0800ca05   Thumb Code     8  tcp.o(i.tcp_arg)
    tcp_close                                0x0800ca0d   Thumb Code    42  tcp.o(i.tcp_close)
    tcp_connect                              0x0800cc19   Thumb Code   280  tcp.o(i.tcp_connect)
    tcp_eff_send_mss_netif                   0x0800ceb9   Thumb Code    50  tcp.o(i.tcp_eff_send_mss_netif)
    tcp_enqueue_flags                        0x0800cf15   Thumb Code   240  tcp_out.o(i.tcp_enqueue_flags)
    tcp_err                                  0x0800d0d1   Thumb Code    28  tcp.o(i.tcp_err)
    tcp_fasttmr                              0x0800d115   Thumb Code   102  tcp.o(i.tcp_fasttmr)
    tcp_free                                 0x0800d181   Thumb Code    28  tcp.o(i.tcp_free)
    tcp_init                                 0x0800d311   Thumb Code     2  tcp.o(i.tcp_init)
    tcp_input                                0x0800d315   Thumb Code  1528  tcp_in.o(i.tcp_input)
    tcp_keepalive                            0x0800d981   Thumb Code    74  tcp_out.o(i.tcp_keepalive)
    tcp_netif_ip_addr_changed                0x0800dc59   Thumb Code    72  tcp.o(i.tcp_netif_ip_addr_changed)
    tcp_new_ip_type                          0x0800dd09   Thumb Code     6  tcp.o(i.tcp_new_ip_type)
    tcp_next_iss                             0x0800dd69   Thumb Code    24  tcp.o(i.tcp_next_iss)
    tcp_output                               0x0800dda1   Thumb Code   552  tcp_out.o(i.tcp_output)
    tcp_pcb_purge                            0x0800e551   Thumb Code    72  tcp.o(i.tcp_pcb_purge)
    tcp_pcb_remove                           0x0800e5b5   Thumb Code   124  tcp.o(i.tcp_pcb_remove)
    tcp_poll                                 0x0800e6a1   Thumb Code    44  tcp.o(i.tcp_poll)
    tcp_process_refused_data                 0x0800ec11   Thumb Code   130  tcp.o(i.tcp_process_refused_data)
    tcp_recv                                 0x0800f22d   Thumb Code    28  tcp.o(i.tcp_recv)
    tcp_recv_null                            0x0800f271   Thumb Code    52  tcp.o(i.tcp_recv_null)
    tcp_recved                               0x0800f2c1   Thumb Code    92  tcp.o(i.tcp_recved)
    tcp_rexmit                               0x0800f3a9   Thumb Code   116  tcp_out.o(i.tcp_rexmit)
    tcp_rexmit_fast                          0x0800f435   Thumb Code   102  tcp_out.o(i.tcp_rexmit_fast)
    tcp_rexmit_rto                           0x0800f4bd   Thumb Code    36  tcp_out.o(i.tcp_rexmit_rto)
    tcp_rexmit_rto_commit                    0x0800f4fd   Thumb Code    38  tcp_out.o(i.tcp_rexmit_rto_commit)
    tcp_rexmit_rto_prepare                   0x0800f549   Thumb Code   124  tcp_out.o(i.tcp_rexmit_rto_prepare)
    tcp_rst                                  0x0800f5fd   Thumb Code   112  tcp_out.o(i.tcp_rst)
    tcp_seg_free                             0x0800f6a5   Thumb Code    30  tcp.o(i.tcp_seg_free)
    tcp_segs_free                            0x0800f6c3   Thumb Code    18  tcp.o(i.tcp_segs_free)
    tcp_send_empty_ack                       0x0800f6d5   Thumb Code   106  tcp_out.o(i.tcp_send_empty_ack)
    tcp_send_fin                             0x0800f761   Thumb Code    80  tcp_out.o(i.tcp_send_fin)
    tcp_sent                                 0x0800f7cd   Thumb Code    26  tcp.o(i.tcp_sent)
    tcp_shutdown                             0x0800f811   Thumb Code   114  tcp.o(i.tcp_shutdown)
    tcp_slowtmr                              0x0800f8a1   Thumb Code   834  tcp.o(i.tcp_slowtmr)
    tcp_split_unsent_seg                     0x0800fdc1   Thumb Code   338  tcp_out.o(i.tcp_split_unsent_seg)
    tcp_timer_needed                         0x0800ff7d   Thumb Code    36  timeouts.o(i.tcp_timer_needed)
    tcp_tmr                                  0x08010049   Thumb Code    28  tcp.o(i.tcp_tmr)
    tcp_trigger_input_pcb_close              0x08010069   Thumb Code    12  tcp_in.o(i.tcp_trigger_input_pcb_close)
    tcp_update_rcv_ann_wnd                   0x08010079   Thumb Code    78  tcp.o(i.tcp_update_rcv_ann_wnd)
    tcp_write                                0x08010109   Thumb Code  1032  tcp_out.o(i.tcp_write)
    tcp_zero_window_probe                    0x08010815   Thumb Code   198  tcp_out.o(i.tcp_zero_window_probe)
    tcpip_init                               0x08010901   Thumb Code    68  tcpip.o(i.tcpip_init)
    tcpip_inpkt                              0x0801099d   Thumb Code    80  tcpip.o(i.tcpip_inpkt)
    tcpip_input                              0x08010a01   Thumb Code    22  tcpip.o(i.tcpip_input)
    tcpip_send_msg_wait_sem                  0x08010a21   Thumb Code    26  tcpip.o(i.tcpip_send_msg_wait_sem)
    udp_bind                                 0x08010bcd   Thumb Code   136  udp.o(i.udp_bind)
    udp_connect                              0x08010c75   Thumb Code   102  udp.o(i.udp_connect)
    udp_disconnect                           0x08010d19   Thumb Code    28  udp.o(i.udp_disconnect)
    udp_init                                 0x08010d51   Thumb Code     2  udp.o(i.udp_init)
    udp_input                                0x08010d55   Thumb Code   342  udp.o(i.udp_input)
    udp_netif_ip_addr_changed                0x08010fb9   Thumb Code    48  udp.o(i.udp_netif_ip_addr_changed)
    udp_new                                  0x08010fed   Thumb Code    28  udp.o(i.udp_new)
    udp_new_ip_type                          0x08011009   Thumb Code     4  udp.o(i.udp_new_ip_type)
    udp_recv                                 0x08011055   Thumb Code    16  udp.o(i.udp_recv)
    udp_remove                               0x0801107d   Thumb Code    52  udp.o(i.udp_remove)
    udp_send                                 0x080110cd   Thumb Code    44  udp.o(i.udp_send)
    udp_sendto                               0x08011129   Thumb Code    96  udp.o(i.udp_sendto)
    udp_sendto_if                            0x080111d9   Thumb Code   100  udp.o(i.udp_sendto_if)
    udp_sendto_if_src                        0x080112b5   Thumb Code   264  udp.o(i.udp_sendto_if_src)
    uxListRemove                             0x08011499   Thumb Code    36  list.o(i.uxListRemove)
    uxQueueMessagesWaiting                   0x080114bd   Thumb Code    34  queue.o(i.uxQueueMessagesWaiting)
    vListInitialise                          0x0801150d   Thumb Code    22  list.o(i.vListInitialise)
    vListInitialiseItem                      0x08011523   Thumb Code     6  list.o(i.vListInitialiseItem)
    vListInsert                              0x08011529   Thumb Code    48  list.o(i.vListInsert)
    vListInsertEnd                           0x08011559   Thumb Code    24  list.o(i.vListInsertEnd)
    vPortEnterCritical                       0x08011571   Thumb Code    54  port.o(i.vPortEnterCritical)
    vPortExitCritical                        0x080115f1   Thumb Code    38  port.o(i.vPortExitCritical)
    vPortFree                                0x0801165d   Thumb Code    94  heap_4.o(i.vPortFree)
    vPortSetupTimerInterrupt                 0x080116f9   Thumb Code    26  port.o(i.vPortSetupTimerInterrupt)
    vPortValidateInterruptPriority           0x08011719   Thumb Code    70  port.o(i.vPortValidateInterruptPriority)
    vQueueDelete                             0x080117a9   Thumb Code    36  queue.o(i.vQueueDelete)
    vQueueUnregisterQueue                    0x080117f9   Thumb Code    36  queue.o(i.vQueueUnregisterQueue)
    vTaskDelay                               0x08011821   Thumb Code    66  tasks.o(i.vTaskDelay)
    vTaskDelete                              0x08011899   Thumb Code   152  tasks.o(i.vTaskDelete)
    vTaskMissedYield                         0x0801196d   Thumb Code     8  tasks.o(i.vTaskMissedYield)
    vTaskPlaceOnEventList                    0x08011979   Thumb Code    46  tasks.o(i.vTaskPlaceOnEventList)
    vTaskPriorityInherit                     0x080119d9   Thumb Code   126  tasks.o(i.vTaskPriorityInherit)
    vTaskSetTimeOutState                     0x08011a61   Thumb Code    32  tasks.o(i.vTaskSetTimeOutState)
    vTaskStartScheduler                      0x08011ab1   Thumb Code    92  tasks.o(i.vTaskStartScheduler)
    vTaskSuspendAll                          0x08011b49   Thumb Code    10  tasks.o(i.vTaskSuspendAll)
    vTaskSwitchContext                       0x08011b59   Thumb Code    84  tasks.o(i.vTaskSwitchContext)
    xPortStartScheduler                      0x08011be1   Thumb Code   146  port.o(i.xPortStartScheduler)
    xPortSysTickHandler                      0x08011cc5   Thumb Code    42  port.o(i.xPortSysTickHandler)
    xQueueCreateCountingSemaphore            0x08011cf5   Thumb Code    56  queue.o(i.xQueueCreateCountingSemaphore)
    xQueueCreateMutex                        0x08011d59   Thumb Code    24  queue.o(i.xQueueCreateMutex)
    xQueueGenericCreate                      0x08011d71   Thumb Code    64  queue.o(i.xQueueGenericCreate)
    xQueueGenericReceive                     0x08011ddd   Thumb Code   374  queue.o(i.xQueueGenericReceive)
    xQueueGenericReset                       0x08011f85   Thumb Code   130  queue.o(i.xQueueGenericReset)
    xQueueGenericSend                        0x08012039   Thumb Code   334  queue.o(i.xQueueGenericSend)
    xQueueGiveFromISR                        0x080121b9   Thumb Code   150  queue.o(i.xQueueGiveFromISR)
    xTaskCheckForTimeOut                     0x0801227d   Thumb Code   104  tasks.o(i.xTaskCheckForTimeOut)
    xTaskCreate                              0x08012315   Thumb Code    96  tasks.o(i.xTaskCreate)
    xTaskGetSchedulerState                   0x08012375   Thumb Code    24  tasks.o(i.xTaskGetSchedulerState)
    xTaskGetTickCount                        0x08012391   Thumb Code     6  tasks.o(i.xTaskGetTickCount)
    xTaskIncrementTick                       0x0801239d   Thumb Code   192  tasks.o(i.xTaskIncrementTick)
    xTaskPriorityDisinherit                  0x08012491   Thumb Code   136  tasks.o(i.xTaskPriorityDisinherit)
    xTaskRemoveFromEventList                 0x0801254d   Thumb Code   108  tasks.o(i.xTaskRemoveFromEventList)
    xTaskResumeAll                           0x080125f1   Thumb Code   184  tasks.o(i.xTaskResumeAll)
    D1CorePrescTable                         0x080126e4   Data          16  system_stm32h7xx.o(.constdata)
    netconn_aborted                          0x080126f4   Data           1  api_msg.o(.constdata)
    netconn_reset                            0x080126f5   Data           1  api_msg.o(.constdata)
    netconn_closed                           0x080126f6   Data           1  api_msg.o(.constdata)
    memp_UDP_PCB                             0x0801273c   Data          12  memp.o(.constdata)
    memp_TCP_PCB                             0x08012748   Data          12  memp.o(.constdata)
    memp_TCP_PCB_LISTEN                      0x08012754   Data          12  memp.o(.constdata)
    memp_TCP_SEG                             0x08012760   Data          12  memp.o(.constdata)
    memp_REASSDATA                           0x0801276c   Data          12  memp.o(.constdata)
    memp_FRAG_PBUF                           0x08012778   Data          12  memp.o(.constdata)
    memp_NETBUF                              0x08012784   Data          12  memp.o(.constdata)
    memp_NETCONN                             0x08012790   Data          12  memp.o(.constdata)
    memp_TCPIP_MSG_API                       0x0801279c   Data          12  memp.o(.constdata)
    memp_TCPIP_MSG_INPKT                     0x080127a8   Data          12  memp.o(.constdata)
    memp_SYS_TIMEOUT                         0x080127b4   Data          12  memp.o(.constdata)
    memp_PBUF                                0x080127c0   Data          12  memp.o(.constdata)
    memp_PBUF_POOL                           0x080127cc   Data          12  memp.o(.constdata)
    memp_pools                               0x080127d8   Data          52  memp.o(.constdata)
    tcp_pcb_lists                            0x08012850   Data          16  tcp.o(.constdata)
    lwip_cyclic_timers                       0x08012860   Data          40  timeouts.o(.constdata)
    ip_addr_any                              0x08012888   Data           4  ip4_addr.o(.constdata)
    ip_addr_broadcast                        0x0801288c   Data           4  ip4_addr.o(.constdata)
    ethbroadcast                             0x08012890   Data           6  ethernet.o(.constdata)
    ethzero                                  0x08012896   Data           6  ethernet.o(.constdata)
    memp_RX_POOL                             0x0801289c   Data          12  ethernetif.o(.constdata)
    Region$$Table$$Base                      0x08012b50   Number         0  anon$$obj.o(Region$$Table)
    Region$$Table$$Limit                     0x08012b70   Number         0  anon$$obj.o(Region$$Table)
    SystemCoreClock                          0x24000000   Data           4  system_stm32h7xx.o(.data)
    SystemD2Clock                            0x24000004   Data           4  system_stm32h7xx.o(.data)
    uwTickFreq                               0x24000008   Data           1  stm32h7xx_hal.o(.data)
    uwTickPrio                               0x2400000c   Data           4  stm32h7xx_hal.o(.data)
    uwTick                                   0x24000010   Data           4  stm32h7xx_hal.o(.data)
    pxCurrentTCB                             0x24000020   Data           4  tasks.o(.data)
    lock_tcpip_core                          0x24000090   Data           4  tcpip.o(.data)
    netif_list                               0x240000dc   Data           4  netif.o(.data)
    netif_default                            0x240000e0   Data           4  netif.o(.data)
    tcp_active_pcbs_changed                  0x240000e4   Data           1  tcp.o(.data)
    tcp_ticks                                0x240000f0   Data           4  tcp.o(.data)
    tcp_bound_pcbs                           0x240000f4   Data           4  tcp.o(.data)
    tcp_listen_pcbs                          0x240000f8   Data           4  tcp.o(.data)
    tcp_active_pcbs                          0x240000fc   Data           4  tcp.o(.data)
    tcp_tw_pcbs                              0x24000100   Data           4  tcp.o(.data)
    tcp_input_pcb                            0x24000124   Data           4  tcp_in.o(.data)
    udp_pcbs                                 0x24000138   Data           4  udp.o(.data)
    dhcp_rx_options_given                    0x24000148   Data           8  dhcp.o(.data)
    s_xSemaphore                             0x2400015c   Data           4  ethernetif.o(.data)
    tx_sem                                   0x24000160   Data           4  ethernetif.o(.data)
    eth_tx_mb                                0x24000164   Data           4  ethernetif.o(.data)
    lwip_sys_now                             0x24000174   Data           4  sys_arch.o(.data)
    ipaddr                                   0x24000178   Data           4  sys_arch.o(.data)
    netmask                                  0x2400017c   Data           4  sys_arch.o(.data)
    gw                                       0x24000180   Data           4  sys_arch.o(.data)
    errno                                    0x24000184   Data           4  sys_arch.o(.data)
    __stdout                                 0x24000188   Data           4  stdout.o(.data)
    UartHandle                               0x2400018c   Data         140  bsp_debug_usart.o(.bss)
    xQueueRegistry                           0x24000218   Data          80  queue.o(.bss)
    ip_data                                  0x2400698c   Data          24  ip.o(.bss)
    ram_heap                                 0x240069a4   Data       25619  mem.o(.bss)
    memp_memory_UDP_PCB_base                 0x2400cdb7   Data         131  memp.o(.bss)
    memp_memory_TCP_PCB_base                 0x2400ce3a   Data         915  memp.o(.bss)
    memp_memory_TCP_PCB_LISTEN_base          0x2400d1cd   Data         171  memp.o(.bss)
    memp_memory_TCP_SEG_base                 0x2400d278   Data        1923  memp.o(.bss)
    memp_memory_REASSDATA_base               0x2400d9fb   Data         163  memp.o(.bss)
    memp_memory_FRAG_PBUF_base               0x2400da9e   Data         363  memp.o(.bss)
    memp_memory_NETBUF_base                  0x2400dc09   Data          35  memp.o(.bss)
    memp_memory_NETCONN_base                 0x2400dc2c   Data         163  memp.o(.bss)
    memp_memory_TCPIP_MSG_API_base           0x2400dccf   Data         131  memp.o(.bss)
    memp_memory_TCPIP_MSG_INPKT_base         0x2400dd52   Data         131  memp.o(.bss)
    memp_memory_SYS_TIMEOUT_base             0x2400ddd5   Data          99  memp.o(.bss)
    memp_memory_PBUF_base                    0x2400de38   Data         403  memp.o(.bss)
    memp_memory_PBUF_POOL_base               0x2400dfcb   Data       45963  memp.o(.bss)
    dhcp_rx_options_val                      0x24019368   Data          32  dhcp.o(.bss)
    EthHandle                                0x24019478   Data         112  ethernetif.o(.bss)
    TxConfig                                 0x240194e8   Data          52  ethernetif.o(.bss)
    MACConfig                                0x2401951c   Data         100  ethernetif.o(.bss)
    memp_memory_RX_POOL_base                 0x24019580   Data         403  ethernetif.o(.bss)
    gnetif                                   0x24019734   Data          52  sys_arch.o(.bss)
    __initial_sp                             0x24019b68   Data           0  startup_stm32h743xx.o(STACK)
    DMARxDscrTab                             0x30040000   Data          96  ethernetif.o(.ARM.__AT_0x30040000)
    DMATxDscrTab                             0x30040060   Data          96  ethernetif.o(.ARM.__AT_0x30040060)
    Rx_Buff                                  0x30040200   Data        6144  ethernetif.o(.ARM.__AT_0x30040200)



==============================================================================

Memory Map of the image

  Image Entry point : 0x08000299

  Load Region LR_IROM1 (Base: 0x08000000, Size: 0x00012cfc, Max: 0x00200000, ABSOLUTE, COMPRESSED[0x00012b90])

    Execution Region ER_IROM1 (Exec base: 0x08000000, Load base: 0x08000000, Size: 0x00012b70, Max: 0x00200000, ABSOLUTE)

    Exec Addr    Load Addr    Size         Type   Attr      Idx    E Section Name        Object

    0x08000000   0x08000000   0x00000298   Data   RO            3    RESET               startup_stm32h743xx.o
    0x08000298   0x08000298   0x00000000   Code   RO        11457  * .ARM.Collect$$$$00000000  mc_w.l(entry.o)
    0x08000298   0x08000298   0x00000004   Code   RO        11769    .ARM.Collect$$$$00000001  mc_w.l(entry2.o)
    0x0800029c   0x0800029c   0x00000004   Code   RO        11772    .ARM.Collect$$$$00000004  mc_w.l(entry5.o)
    0x080002a0   0x080002a0   0x00000000   Code   RO        11774    .ARM.Collect$$$$00000008  mc_w.l(entry7b.o)
    0x080002a0   0x080002a0   0x00000000   Code   RO        11776    .ARM.Collect$$$$0000000A  mc_w.l(entry8b.o)
    0x080002a0   0x080002a0   0x00000008   Code   RO        11777    .ARM.Collect$$$$0000000B  mc_w.l(entry9a.o)
    0x080002a8   0x080002a8   0x00000000   Code   RO        11779    .ARM.Collect$$$$0000000D  mc_w.l(entry10a.o)
    0x080002a8   0x080002a8   0x00000000   Code   RO        11781    .ARM.Collect$$$$0000000F  mc_w.l(entry11a.o)
    0x080002a8   0x080002a8   0x00000004   Code   RO        11770    .ARM.Collect$$$$00002712  mc_w.l(entry2.o)
    0x080002ac   0x080002ac   0x000000ba   Code   RO         7360    .emb_text           port.o
    0x08000366   0x08000366   0x00000002   PAD
    0x08000368   0x08000368   0x00000024   Code   RO            4    .text               startup_stm32h743xx.o
    0x0800038c   0x0800038c   0x00000062   Code   RO        11460    .text               mc_w.l(uldiv.o)
    0x080003ee   0x080003ee   0x00000040   Code   RO        11492    .text               mc_w.l(memmovea.o)
    0x0800042e   0x0800042e   0x00000024   Code   RO        11494    .text               mc_w.l(memseta.o)
    0x08000452   0x08000452   0x0000001a   Code   RO        11498    .text               mc_w.l(memcmp.o)
    0x0800046c   0x0800046c   0x0000001e   Code   RO        11786    .text               mc_w.l(llshl.o)
    0x0800048a   0x0800048a   0x00000020   Code   RO        11788    .text               mc_w.l(llushr.o)
    0x080004aa   0x080004aa   0x00000002   PAD
    0x080004ac   0x080004ac   0x00000024   Code   RO        11810    .text               mc_w.l(init.o)
    0x080004d0   0x080004d0   0x00000056   Code   RO        11828    .text               mc_w.l(__dczerorl2.o)
    0x08000526   0x08000526   0x00000002   PAD
    0x08000528   0x08000528   0x000001bc   Code   RO         6021    i.AppTaskCreate     main.o
    0x080006e4   0x080006e4   0x0000005c   Code   RO         6343    i.BSP_Init          board.o
    0x08000740   0x08000740   0x00000002   Code   RO         6113    i.BusFault_Handler  stm32h7xx_it.o
    0x08000742   0x08000742   0x00000002   PAD
    0x08000744   0x08000744   0x00000080   Code   RO         6344    i.CPU_CACHE_Enable  board.o
    0x080007c4   0x080007c4   0x000000c4   Code   RO         6216    i.DEBUG_USART_Config  bsp_debug_usart.o
    0x08000888   0x08000888   0x00000002   Code   RO         6114    i.DebugMon_Handler  stm32h7xx_it.o
    0x0800088a   0x0800088a   0x0000005c   Code   RO         1065    i.ETH_DMARxDescListInit  stm32h7xx_hal_eth.o
    0x080008e6   0x080008e6   0x0000004c   Code   RO         1066    i.ETH_DMATxDescListInit  stm32h7xx_hal_eth.o
    0x08000932   0x08000932   0x00000002   PAD
    0x08000934   0x08000934   0x0000013c   Code   RO         6391    i.ETH_GPIO_Config   lan8720a.o
    0x08000a70   0x08000a70   0x00000028   Code   RO         6392    i.ETH_IRQHandler    lan8720a.o
    0x08000a98   0x08000a98   0x000000d8   Code   RO         1067    i.ETH_MACDMAConfig  stm32h7xx_hal_eth.o
    0x08000b70   0x08000b70   0x00000078   Code   RO         1068    i.ETH_MAC_MDIO_ClkConfig  stm32h7xx_hal_eth.o
    0x08000be8   0x08000be8   0x0000031c   Code   RO         1069    i.ETH_Prepare_Tx_Descriptors  stm32h7xx_hal_eth.o
    0x08000f04   0x08000f04   0x000000a0   Code   RO         1070    i.ETH_SetDMAConfig  stm32h7xx_hal_eth.o
    0x08000fa4   0x08000fa4   0x00000194   Code   RO         1071    i.ETH_SetMACConfig  stm32h7xx_hal_eth.o
    0x08001138   0x08001138   0x0000006c   Code   RO         6345    i.GPIO_CLK_Init     board.o
    0x080011a4   0x080011a4   0x00000024   Code   RO          170    i.HAL_Delay         stm32h7xx_hal.o
    0x080011c8   0x080011c8   0x00000078   Code   RO         1072    i.HAL_ETH_BuildRxDescriptors  stm32h7xx_hal_eth.o
    0x08001240   0x08001240   0x00000002   Code   RO         1073    i.HAL_ETH_DMAErrorCallback  stm32h7xx_hal_eth.o
    0x08001242   0x08001242   0x0000003e   Code   RO         1075    i.HAL_ETH_DescAssignMemory  stm32h7xx_hal_eth.o
    0x08001280   0x08001280   0x00000002   Code   RO         1076    i.HAL_ETH_EEECallback  stm32h7xx_hal_eth.o
    0x08001282   0x08001282   0x000001cc   Code   RO         1082    i.HAL_ETH_GetMACConfig  stm32h7xx_hal_eth.o
    0x0800144e   0x0800144e   0x0000009c   Code   RO         1086    i.HAL_ETH_GetRxDataBuffer  stm32h7xx_hal_eth.o
    0x080014ea   0x080014ea   0x00000036   Code   RO         1088    i.HAL_ETH_GetRxDataLength  stm32h7xx_hal_eth.o
    0x08001520   0x08001520   0x00000128   Code   RO         1090    i.HAL_ETH_IRQHandler  stm32h7xx_hal_eth.o
    0x08001648   0x08001648   0x00000128   Code   RO         1091    i.HAL_ETH_Init      stm32h7xx_hal_eth.o
    0x08001770   0x08001770   0x000000da   Code   RO         1092    i.HAL_ETH_IsRxDataAvailable  stm32h7xx_hal_eth.o
    0x0800184a   0x0800184a   0x00000002   Code   RO         1093    i.HAL_ETH_MACErrorCallback  stm32h7xx_hal_eth.o
    0x0800184c   0x0800184c   0x00000050   Code   RO         6394    i.HAL_ETH_MspInit   lan8720a.o
    0x0800189c   0x0800189c   0x00000002   Code   RO         1096    i.HAL_ETH_PMTCallback  stm32h7xx_hal_eth.o
    0x0800189e   0x0800189e   0x0000006a   Code   RO         1097    i.HAL_ETH_ReadPHYRegister  stm32h7xx_hal_eth.o
    0x08001908   0x08001908   0x00000040   Code   RO         6395    i.HAL_ETH_RxCpltCallback  lan8720a.o
    0x08001948   0x08001948   0x0000001c   Code   RO         1101    i.HAL_ETH_SetMACConfig  stm32h7xx_hal_eth.o
    0x08001964   0x08001964   0x000000ae   Code   RO         1108    i.HAL_ETH_Start_IT  stm32h7xx_hal_eth.o
    0x08001a12   0x08001a12   0x0000008a   Code   RO         1110    i.HAL_ETH_Stop_IT   stm32h7xx_hal_eth.o
    0x08001a9c   0x08001a9c   0x000000c4   Code   RO         1111    i.HAL_ETH_Transmit  stm32h7xx_hal_eth.o
    0x08001b60   0x08001b60   0x00000002   Code   RO         6396    i.HAL_ETH_TxCpltCallback  lan8720a.o
    0x08001b62   0x08001b62   0x00000002   Code   RO         1114    i.HAL_ETH_WakeUpCallback  stm32h7xx_hal_eth.o
    0x08001b64   0x08001b64   0x00000064   Code   RO         1115    i.HAL_ETH_WritePHYRegister  stm32h7xx_hal_eth.o
    0x08001bc8   0x08001bc8   0x000001f0   Code   RO         1817    i.HAL_GPIO_Init     stm32h7xx_hal_gpio.o
    0x08001db8   0x08001db8   0x0000000c   Code   RO          185    i.HAL_GetREVID      stm32h7xx_hal.o
    0x08001dc4   0x08001dc4   0x0000001c   Code   RO         6267    i.HAL_GetTick       core_delay.o
    0x08001de0   0x08001de0   0x00000010   Code   RO          192    i.HAL_IncTick       stm32h7xx_hal.o
    0x08001df0   0x08001df0   0x00000058   Code   RO          193    i.HAL_Init          stm32h7xx_hal.o
    0x08001e48   0x08001e48   0x00000024   Code   RO         6268    i.HAL_InitTick      core_delay.o
    0x08001e6c   0x08001e6c   0x00000058   Code   RO          576    i.HAL_MPU_ConfigRegion  stm32h7xx_hal_cortex.o
    0x08001ec4   0x08001ec4   0x0000001c   Code   RO          577    i.HAL_MPU_Disable   stm32h7xx_hal_cortex.o
    0x08001ee0   0x08001ee0   0x00000024   Code   RO          578    i.HAL_MPU_Enable    stm32h7xx_hal_cortex.o
    0x08001f04   0x08001f04   0x00000002   Code   RO          196    i.HAL_MspInit       stm32h7xx_hal.o
    0x08001f06   0x08001f06   0x0000001a   Code   RO          581    i.HAL_NVIC_EnableIRQ  stm32h7xx_hal_cortex.o
    0x08001f20   0x08001f20   0x00000040   Code   RO          587    i.HAL_NVIC_SetPriority  stm32h7xx_hal_cortex.o
    0x08001f60   0x08001f60   0x00000024   Code   RO          588    i.HAL_NVIC_SetPriorityGrouping  stm32h7xx_hal_cortex.o
    0x08001f84   0x08001f84   0x0000002c   Code   RO         3709    i.HAL_RCCEx_GetD1SysClockFreq  stm32h7xx_hal_rcc_ex.o
    0x08001fb0   0x08001fb0   0x00000024   Code   RO         3710    i.HAL_RCCEx_GetD3PCLK1Freq  stm32h7xx_hal_rcc_ex.o
    0x08001fd4   0x08001fd4   0x000001c0   Code   RO         3712    i.HAL_RCCEx_GetPLL2ClockFreq  stm32h7xx_hal_rcc_ex.o
    0x08002194   0x08002194   0x000001c0   Code   RO         3713    i.HAL_RCCEx_GetPLL3ClockFreq  stm32h7xx_hal_rcc_ex.o
    0x08002354   0x08002354   0x0000091c   Code   RO         3717    i.HAL_RCCEx_PeriphCLKConfig  stm32h7xx_hal_rcc_ex.o
    0x08002c70   0x08002c70   0x00000264   Code   RO         3596    i.HAL_RCC_ClockConfig  stm32h7xx_hal_rcc.o
    0x08002ed4   0x08002ed4   0x0000002c   Code   RO         3601    i.HAL_RCC_GetHCLKFreq  stm32h7xx_hal_rcc.o
    0x08002f00   0x08002f00   0x00000024   Code   RO         3603    i.HAL_RCC_GetPCLK1Freq  stm32h7xx_hal_rcc.o
    0x08002f24   0x08002f24   0x00000024   Code   RO         3604    i.HAL_RCC_GetPCLK2Freq  stm32h7xx_hal_rcc.o
    0x08002f48   0x08002f48   0x000001b4   Code   RO         3605    i.HAL_RCC_GetSysClockFreq  stm32h7xx_hal_rcc.o
    0x080030fc   0x080030fc   0x00000594   Code   RO         3608    i.HAL_RCC_OscConfig  stm32h7xx_hal_rcc.o
    0x08003690   0x08003690   0x00000014   Code   RO          205    i.HAL_SYSCFG_ETHInterfaceSelect  stm32h7xx_hal.o
    0x080036a4   0x080036a4   0x00000070   Code   RO         5164    i.HAL_UART_Init     stm32h7xx_hal_uart.o
    0x08003714   0x08003714   0x00000002   Code   RO         5166    i.HAL_UART_MspInit  stm32h7xx_hal_uart.o
    0x08003716   0x08003716   0x000000c8   Code   RO         5173    i.HAL_UART_Transmit  stm32h7xx_hal_uart.o
    0x080037de   0x080037de   0x00000002   Code   RO         6115    i.HardFault_Handler  stm32h7xx_it.o
    0x080037e0   0x080037e0   0x00000018   Code   RO         6397    i.LAN8720_GetLinkState  lan8720a.o
    0x080037f8   0x080037f8   0x00000062   Code   RO         6398    i.LAN8720_Init      lan8720a.o
    0x0800385a   0x0800385a   0x00000002   PAD
    0x0800385c   0x0800385c   0x00000080   Code   RO         6192    i.LED_GPIO_Config   bsp_led.o
    0x080038dc   0x080038dc   0x00000084   Code   RO         6346    i.MPU_Config        board.o
    0x08003960   0x08003960   0x00000002   Code   RO         6116    i.MemManage_Handler  stm32h7xx_it.o
    0x08003962   0x08003962   0x00000002   Code   RO         6117    i.NMI_Handler       stm32h7xx_it.o
    0x08003964   0x08003964   0x00000124   Code   RO         3720    i.RCCEx_PLL2_Config  stm32h7xx_hal_rcc_ex.o
    0x08003a88   0x08003a88   0x00000124   Code   RO         3721    i.RCCEx_PLL3_Config  stm32h7xx_hal_rcc_ex.o
    0x08003bac   0x08003bac   0x00000024   Code   RO        11166    i.SCB_InvalidateDCache_by_Addr  ethernetif.o
    0x08003bd0   0x08003bd0   0x0000002e   Code   RO         6118    i.SysTick_Handler   stm32h7xx_it.o
    0x08003bfe   0x08003bfe   0x00000002   PAD
    0x08003c00   0x08003c00   0x000000ac   Code   RO         6347    i.SystemClock_Config  board.o
    0x08003cac   0x08003cac   0x00000098   Code   RO           14    i.SystemInit        system_stm32h7xx.o
    0x08003d44   0x08003d44   0x000000fc   Code   RO        11255    i.TCPIP_Init        sys_arch.o
    0x08003e40   0x08003e40   0x0000001c   Code   RO         6022    i.Test1_Task        main.o
    0x08003e5c   0x08003e5c   0x0000001c   Code   RO         6023    i.Test2_Task        main.o
    0x08003e78   0x08003e78   0x000000c8   Code   RO         5178    i.UART_AdvFeatureConfig  stm32h7xx_hal_uart.o
    0x08003f40   0x08003f40   0x0000005e   Code   RO         5179    i.UART_CheckIdleState  stm32h7xx_hal_uart.o
    0x08003f9e   0x08003f9e   0x00000002   PAD
    0x08003fa0   0x08003fa0   0x00001540   Code   RO         5197    i.UART_SetConfig    stm32h7xx_hal_uart.o
    0x080054e0   0x080054e0   0x000000a8   Code   RO         5202    i.UART_WaitOnFlagUntilTimeout  stm32h7xx_hal_uart.o
    0x08005588   0x08005588   0x00000002   Code   RO         6119    i.UsageFault_Handler  stm32h7xx_it.o
    0x0800558a   0x0800558a   0x00000002   PAD
    0x0800558c   0x0800558c   0x00000020   Code   RO        11639    i.__0printf$5       mc_w.l(printf5.o)
    0x080055ac   0x080055ac   0x00000020   Code   RO          594    i.__NVIC_SetPriority  stm32h7xx_hal_cortex.o
    0x080055cc   0x080055cc   0x0000000e   Code   RO        11822    i.__scatterload_copy  mc_w.l(handlers.o)
    0x080055da   0x080055da   0x00000002   Code   RO        11823    i.__scatterload_null  mc_w.l(handlers.o)
    0x080055dc   0x080055dc   0x0000000e   Code   RO        11824    i.__scatterload_zeroinit  mc_w.l(handlers.o)
    0x080055ea   0x080055ea   0x00000002   PAD
    0x080055ec   0x080055ec   0x000002c0   Code   RO        11646    i._printf_core      mc_w.l(printf5.o)
    0x080058ac   0x080058ac   0x00000090   Code   RO         8116    i.alloc_socket      sockets.o
    0x0800593c   0x0800593c   0x0000014c   Code   RO         6463    i.client            client.o
    0x08005a88   0x08005a88   0x00000020   Code   RO         6464    i.client_init       client.o
    0x08005aa8   0x08005aa8   0x00000034   Code   RO        10384    i.dhcp_arp_reply    dhcp.o
    0x08005adc   0x08005adc   0x00000120   Code   RO        10385    i.dhcp_bind         dhcp.o
    0x08005bfc   0x08005bfc   0x00000034   Code   RO        10386    i.dhcp_check        dhcp.o
    0x08005c30   0x08005c30   0x00000064   Code   RO        10388    i.dhcp_coarse_tmr   dhcp.o
    0x08005c94   0x08005c94   0x00000178   Code   RO        10389    i.dhcp_create_msg   dhcp.o
    0x08005e0c   0x08005e0c   0x00000050   Code   RO        10390    i.dhcp_dec_pcb_refcount  dhcp.o
    0x08005e5c   0x08005e5c   0x0000009c   Code   RO        10391    i.dhcp_decline      dhcp.o
    0x08005ef8   0x08005ef8   0x000000e4   Code   RO        10392    i.dhcp_discover     dhcp.o
    0x08005fdc   0x08005fdc   0x00000034   Code   RO        10393    i.dhcp_fine_tmr     dhcp.o
    0x08006010   0x08006010   0x0000006c   Code   RO        10394    i.dhcp_handle_ack   dhcp.o
    0x0800607c   0x0800607c   0x00000028   Code   RO        10395    i.dhcp_handle_nak   dhcp.o
    0x080060a4   0x080060a4   0x00000038   Code   RO        10396    i.dhcp_handle_offer  dhcp.o
    0x080060dc   0x080060dc   0x00000084   Code   RO        10397    i.dhcp_inc_pcb_refcount  dhcp.o
    0x08006160   0x08006160   0x00000060   Code   RO        10399    i.dhcp_network_changed  dhcp.o
    0x080061c0   0x080061c0   0x00000030   Code   RO        10400    i.dhcp_option       dhcp.o
    0x080061f0   0x080061f0   0x00000054   Code   RO        10401    i.dhcp_option_byte  dhcp.o
    0x08006244   0x08006244   0x00000070   Code   RO        10402    i.dhcp_option_long  dhcp.o
    0x080062b4   0x080062b4   0x00000060   Code   RO        10403    i.dhcp_option_short  dhcp.o
    0x08006314   0x08006314   0x00000030   Code   RO        10404    i.dhcp_option_trailer  dhcp.o
    0x08006344   0x08006344   0x00000378   Code   RO        10405    i.dhcp_parse_reply  dhcp.o
    0x080066bc   0x080066bc   0x000000d4   Code   RO        10406    i.dhcp_rebind       dhcp.o
    0x08006790   0x08006790   0x000000f4   Code   RO        10407    i.dhcp_reboot       dhcp.o
    0x08006884   0x08006884   0x000000fc   Code   RO        10408    i.dhcp_recv         dhcp.o
    0x08006980   0x08006980   0x000000bc   Code   RO        10410    i.dhcp_release_and_stop  dhcp.o
    0x08006a3c   0x08006a3c   0x000000d0   Code   RO        10411    i.dhcp_renew        dhcp.o
    0x08006b0c   0x08006b0c   0x0000017c   Code   RO        10412    i.dhcp_select       dhcp.o
    0x08006c88   0x08006c88   0x00000010   Code   RO        10413    i.dhcp_set_state    dhcp.o
    0x08006c98   0x08006c98   0x000000c8   Code   RO        10415    i.dhcp_start        dhcp.o
    0x08006d60   0x08006d60   0x00000022   Code   RO        10417    i.dhcp_supplied_address  dhcp.o
    0x08006d82   0x08006d82   0x0000002a   Code   RO        10418    i.dhcp_t1_timeout   dhcp.o
    0x08006dac   0x08006dac   0x0000002e   Code   RO        10419    i.dhcp_t2_timeout   dhcp.o
    0x08006dda   0x08006dda   0x0000007c   Code   RO        10420    i.dhcp_timeout      dhcp.o
    0x08006e56   0x08006e56   0x00000002   PAD
    0x08006e58   0x08006e58   0x00000048   Code   RO         8971    i.do_memp_free_pool  memp.o
    0x08006ea0   0x08006ea0   0x00000058   Code   RO         8972    i.do_memp_malloc_pool  memp.o
    0x08006ef8   0x08006ef8   0x00000150   Code   RO         7715    i.err_tcp           api_msg.o
    0x08007048   0x08007048   0x0000001c   Code   RO         7923    i.err_to_errno      err.o
    0x08007064   0x08007064   0x0000002c   Code   RO        10615    i.etharp_cleanup_netif  etharp.o
    0x08007090   0x08007090   0x000001e0   Code   RO        10617    i.etharp_find_entry  etharp.o
    0x08007270   0x08007270   0x00000028   Code   RO        10618    i.etharp_free_entry  etharp.o
    0x08007298   0x08007298   0x000000c4   Code   RO        10620    i.etharp_input      etharp.o
    0x0800735c   0x0800735c   0x00000144   Code   RO        10621    i.etharp_output     etharp.o
    0x080074a0   0x080074a0   0x000000b0   Code   RO        10622    i.etharp_output_to_arp_index  etharp.o
    0x08007550   0x08007550   0x00000180   Code   RO        10623    i.etharp_query      etharp.o
    0x080076d0   0x080076d0   0x000000fc   Code   RO        10624    i.etharp_raw        etharp.o
    0x080077cc   0x080077cc   0x0000000c   Code   RO        10625    i.etharp_request    etharp.o
    0x080077d8   0x080077d8   0x00000020   Code   RO        10626    i.etharp_request_dst  etharp.o
    0x080077f8   0x080077f8   0x00000060   Code   RO        10627    i.etharp_tmr        etharp.o
    0x08007858   0x08007858   0x000000b4   Code   RO        10628    i.etharp_update_arp_entry  etharp.o
    0x0800790c   0x0800790c   0x000000a8   Code   RO        10999    i.ethernet_input    ethernet.o
    0x080079b4   0x080079b4   0x000000a8   Code   RO        11167    i.ethernet_link_check_state  ethernetif.o
    0x08007a5c   0x08007a5c   0x0000008c   Code   RO        11000    i.ethernet_output   ethernet.o
    0x08007ae8   0x08007ae8   0x00000058   Code   RO        11168    i.ethernetif_init   ethernetif.o
    0x08007b40   0x08007b40   0x00000064   Code   RO        11169    i.ethernetif_input  ethernetif.o
    0x08007ba4   0x08007ba4   0x000000e4   Code   RO         8117    i.event_callback    sockets.o
    0x08007c88   0x08007c88   0x00000018   Code   RO         6219    i.fputc             bsp_debug_usart.o
    0x08007ca0   0x08007ca0   0x00000030   Code   RO         8118    i.free_socket       sockets.o
    0x08007cd0   0x08007cd0   0x00000028   Code   RO         8119    i.free_socket_free_elements  sockets.o
    0x08007cf8   0x08007cf8   0x00000012   Code   RO         8120    i.free_socket_locked  sockets.o
    0x08007d0a   0x08007d0a   0x00000002   PAD
    0x08007d0c   0x08007d0c   0x00000018   Code   RO         8121    i.get_socket        sockets.o
    0x08007d24   0x08007d24   0x00000008   Code   RO        10722    i.icmp_dest_unreach  icmp.o
    0x08007d2c   0x08007d2c   0x000001b4   Code   RO        10723    i.icmp_input        icmp.o
    0x08007ee0   0x08007ee0   0x000000a8   Code   RO        10724    i.icmp_send_response  icmp.o
    0x08007f88   0x08007f88   0x00000008   Code   RO        10725    i.icmp_time_exceeded  icmp.o
    0x08007f90   0x08007f90   0x0000004a   Code   RO         8734    i.inet_chksum_pbuf  inet_chksum.o
    0x08007fda   0x08007fda   0x00000040   Code   RO        10849    i.ip4_addr_isbroadcast_u32  ip4_addr.o
    0x0800801a   0x0800801a   0x00000002   PAD
    0x0800801c   0x0800801c   0x000001f8   Code   RO        10918    i.ip4_frag          ip4_frag.o
    0x08008214   0x08008214   0x000001c0   Code   RO        10784    i.ip4_input         ip4.o
    0x080083d4   0x080083d4   0x0000002c   Code   RO        10785    i.ip4_input_accept  ip4.o
    0x08008400   0x08008400   0x00000022   Code   RO        10787    i.ip4_output_if     ip4.o
    0x08008422   0x08008422   0x00000002   PAD
    0x08008424   0x08008424   0x00000110   Code   RO        10788    i.ip4_output_if_src  ip4.o
    0x08008534   0x08008534   0x000001e0   Code   RO        10919    i.ip4_reass         ip4_frag.o
    0x08008714   0x08008714   0x00000060   Code   RO        10789    i.ip4_route         ip4.o
    0x08008774   0x08008774   0x00000006   Code   RO        10920    i.ip_frag_alloc_pbuf_custom_ref  ip4_frag.o
    0x0800877a   0x0800877a   0x00000002   PAD
    0x0800877c   0x0800877c   0x00000028   Code   RO        10921    i.ip_frag_free_pbuf_custom_ref  ip4_frag.o
    0x080087a4   0x080087a4   0x000001dc   Code   RO        10922    i.ip_reass_chain_frag_into_datagram_and_validate  ip4_frag.o
    0x08008980   0x08008980   0x0000004c   Code   RO        10923    i.ip_reass_dequeue_datagram  ip4_frag.o
    0x080089cc   0x080089cc   0x00000054   Code   RO        10924    i.ip_reass_enqueue_new_datagram  ip4_frag.o
    0x08008a20   0x08008a20   0x00000118   Code   RO        10925    i.ip_reass_free_complete_datagram  ip4_frag.o
    0x08008b38   0x08008b38   0x00000088   Code   RO        10926    i.ip_reass_remove_oldest_datagram  ip4_frag.o
    0x08008bc0   0x08008bc0   0x0000002c   Code   RO        10927    i.ip_reass_tmr      ip4_frag.o
    0x08008bec   0x08008bec   0x0000002c   Code   RO        10928    i.ipfrag_free_pbuf_custom  ip4_frag.o
    0x08008c18   0x08008c18   0x00000120   Code   RO        11170    i.low_level_init    ethernetif.o
    0x08008d38   0x08008d38   0x00000060   Code   RO        11171    i.low_level_input   ethernetif.o
    0x08008d98   0x08008d98   0x000000a0   Code   RO        11172    i.low_level_output  ethernetif.o
    0x08008e38   0x08008e38   0x00000070   Code   RO         8124    i.lwip_close        sockets.o
    0x08008ea8   0x08008ea8   0x0000009c   Code   RO         8125    i.lwip_connect      sockets.o
    0x08008f44   0x08008f44   0x00000040   Code   RO        10143    i.lwip_cyclic_timer  timeouts.o
    0x08008f84   0x08008f84   0x00000018   Code   RO         8661    i.lwip_htonl        def.o
    0x08008f9c   0x08008f9c   0x0000000a   Code   RO         8662    i.lwip_htons        def.o
    0x08008fa6   0x08008fa6   0x00000022   Code   RO         8806    i.lwip_init         init.o
    0x08008fc8   0x08008fc8   0x0000027c   Code   RO         7719    i.lwip_netconn_do_close_internal  api_msg.o
    0x08009244   0x08009244   0x000000f4   Code   RO         7720    i.lwip_netconn_do_connect  api_msg.o
    0x08009338   0x08009338   0x0000010c   Code   RO         7721    i.lwip_netconn_do_connected  api_msg.o
    0x08009444   0x08009444   0x00000154   Code   RO         7722    i.lwip_netconn_do_delconn  api_msg.o
    0x08009598   0x08009598   0x00000022   Code   RO         7723    i.lwip_netconn_do_disconnect  api_msg.o
    0x080095ba   0x080095ba   0x00000012   Code   RO         7726    i.lwip_netconn_do_newconn  api_msg.o
    0x080095cc   0x080095cc   0x00000042   Code   RO         7728    i.lwip_netconn_do_send  api_msg.o
    0x0800960e   0x0800960e   0x00000002   PAD
    0x08009610   0x08009610   0x000000d0   Code   RO         7729    i.lwip_netconn_do_write  api_msg.o
    0x080096e0   0x080096e0   0x00000304   Code   RO         7730    i.lwip_netconn_do_writemore  api_msg.o
    0x080099e4   0x080099e4   0x00000044   Code   RO         7731    i.lwip_netconn_err_to_msg  api_msg.o
    0x08009a28   0x08009a28   0x00000054   Code   RO         7732    i.lwip_netconn_is_err_msg  api_msg.o
    0x08009a7c   0x08009a7c   0x00000044   Code   RO         8138    i.lwip_poll_should_wake  sockets.o
    0x08009ac0   0x08009ac0   0x0000007c   Code   RO         8150    i.lwip_send         sockets.o
    0x08009b3c   0x08009b3c   0x000000f4   Code   RO         8152    i.lwip_sendto       sockets.o
    0x08009c30   0x08009c30   0x0000007c   Code   RO         8157    i.lwip_socket       sockets.o
    0x08009cac   0x08009cac   0x00000056   Code   RO         8741    i.lwip_standard_chksum  inet_chksum.o
    0x08009d02   0x08009d02   0x00000006   Code   RO         8163    i.lwip_write        sockets.o
    0x08009d08   0x08009d08   0x00000044   Code   RO         6024    i.main              main.o
    0x08009d4c   0x08009d4c   0x0000014c   Code   RO         8900    i.mem_free          mem.o
    0x08009e98   0x08009e98   0x00000068   Code   RO         8901    i.mem_init          mem.o
    0x08009f00   0x08009f00   0x00000050   Code   RO         8902    i.mem_link_valid    mem.o
    0x08009f50   0x08009f50   0x000001e0   Code   RO         8903    i.mem_malloc        mem.o
    0x0800a130   0x0800a130   0x00000010   Code   RO         8904    i.mem_to_ptr        mem.o
    0x0800a140   0x0800a140   0x0000018c   Code   RO         8905    i.mem_trim          mem.o
    0x0800a2cc   0x0800a2cc   0x0000003c   Code   RO         8973    i.memp_free         memp.o
    0x0800a308   0x0800a308   0x0000003c   Code   RO         8974    i.memp_free_pool    memp.o
    0x0800a344   0x0800a344   0x0000001c   Code   RO         8975    i.memp_init         memp.o
    0x0800a360   0x0800a360   0x0000002a   Code   RO         8976    i.memp_init_pool    memp.o
    0x0800a38a   0x0800a38a   0x00000002   PAD
    0x0800a38c   0x0800a38c   0x00000044   Code   RO         8977    i.memp_malloc       memp.o
    0x0800a3d0   0x0800a3d0   0x00000034   Code   RO         8978    i.memp_malloc_pool  memp.o
    0x0800a404   0x0800a404   0x00000024   Code   RO         7995    i.netbuf_delete     netbuf.o
    0x0800a428   0x0800a428   0x00000040   Code   RO         7997    i.netbuf_free       netbuf.o
    0x0800a468   0x0800a468   0x00000060   Code   RO         8000    i.netbuf_ref        netbuf.o
    0x0800a4c8   0x0800a4c8   0x000000a8   Code   RO         7733    i.netconn_alloc     api_msg.o
    0x0800a570   0x0800a570   0x00000018   Code   RO         7450    i.netconn_apimsg    api_lib.o
    0x0800a588   0x0800a588   0x00000058   Code   RO         7455    i.netconn_connect   api_lib.o
    0x0800a5e0   0x0800a5e0   0x00000022   Code   RO         7456    i.netconn_delete    api_lib.o
    0x0800a602   0x0800a602   0x00000002   PAD
    0x0800a604   0x0800a604   0x0000004c   Code   RO         7457    i.netconn_disconnect  api_lib.o
    0x0800a650   0x0800a650   0x0000009a   Code   RO         7734    i.netconn_drain     api_msg.o
    0x0800a6ea   0x0800a6ea   0x00000020   Code   RO         7458    i.netconn_err       api_lib.o
    0x0800a70a   0x0800a70a   0x00000002   PAD
    0x0800a70c   0x0800a70c   0x000000f4   Code   RO         7735    i.netconn_free      api_msg.o
    0x0800a800   0x0800a800   0x00000100   Code   RO         7461    i.netconn_new_with_proto_and_callback  api_lib.o
    0x0800a900   0x0800a900   0x00000028   Code   RO         7462    i.netconn_prepare_delete  api_lib.o
    0x0800a928   0x0800a928   0x00000044   Code   RO         7470    i.netconn_send      api_lib.o
    0x0800a96c   0x0800a96c   0x00000014   Code   RO         7475    i.netconn_write_partly  api_lib.o
    0x0800a980   0x0800a980   0x0000012c   Code   RO         7476    i.netconn_write_vectors_partly  api_lib.o
    0x0800aaac   0x0800aaac   0x00000168   Code   RO         9110    i.netif_add         netif.o
    0x0800ac14   0x0800ac14   0x0000001a   Code   RO         9112    i.netif_do_ip_addr_changed  netif.o
    0x0800ac2e   0x0800ac2e   0x00000016   Code   RO         9113    i.netif_do_set_gw   netif.o
    0x0800ac44   0x0800ac44   0x00000058   Code   RO         9114    i.netif_do_set_ipaddr  netif.o
    0x0800ac9c   0x0800ac9c   0x00000016   Code   RO         9115    i.netif_do_set_netmask  netif.o
    0x0800acb2   0x0800acb2   0x00000002   PAD
    0x0800acb4   0x0800acb4   0x00000028   Code   RO         9117    i.netif_get_by_index  netif.o
    0x0800acdc   0x0800acdc   0x00000002   Code   RO         9119    i.netif_init        netif.o
    0x0800acde   0x0800acde   0x00000002   PAD
    0x0800ace0   0x0800ace0   0x0000005c   Code   RO         9121    i.netif_issue_reports  netif.o
    0x0800ad3c   0x0800ad3c   0x00000006   Code   RO         9123    i.netif_null_output_ip4  netif.o
    0x0800ad42   0x0800ad42   0x00000002   PAD
    0x0800ad44   0x0800ad44   0x00000064   Code   RO         9125    i.netif_set_addr    netif.o
    0x0800ada8   0x0800ada8   0x0000000c   Code   RO         9126    i.netif_set_default  netif.o
    0x0800adb4   0x0800adb4   0x00000044   Code   RO         9127    i.netif_set_down    netif.o
    0x0800adf8   0x0800adf8   0x00000040   Code   RO         9130    i.netif_set_link_down  netif.o
    0x0800ae38   0x0800ae38   0x0000005c   Code   RO         9131    i.netif_set_link_up  netif.o
    0x0800ae94   0x0800ae94   0x00000040   Code   RO         9133    i.netif_set_up      netif.o
    0x0800aed4   0x0800aed4   0x00000006   Code   RO         9292    i.pbuf_add_header   pbuf.o
    0x0800aeda   0x0800aeda   0x00000002   PAD
    0x0800aedc   0x0800aedc   0x00000070   Code   RO         9294    i.pbuf_add_header_impl  pbuf.o
    0x0800af4c   0x0800af4c   0x000001c4   Code   RO         9295    i.pbuf_alloc        pbuf.o
    0x0800b110   0x0800b110   0x00000054   Code   RO         9296    i.pbuf_alloc_reference  pbuf.o
    0x0800b164   0x0800b164   0x00000036   Code   RO         9297    i.pbuf_alloced_custom  pbuf.o
    0x0800b19a   0x0800b19a   0x00000002   PAD
    0x0800b19c   0x0800b19c   0x000000c4   Code   RO         9298    i.pbuf_cat          pbuf.o
    0x0800b260   0x0800b260   0x00000014   Code   RO         9299    i.pbuf_chain        pbuf.o
    0x0800b274   0x0800b274   0x00000012   Code   RO         9300    i.pbuf_clen         pbuf.o
    0x0800b286   0x0800b286   0x00000002   PAD
    0x0800b288   0x0800b288   0x00000040   Code   RO         9301    i.pbuf_clone        pbuf.o
    0x0800b2c8   0x0800b2c8   0x00000164   Code   RO         9303    i.pbuf_copy         pbuf.o
    0x0800b42c   0x0800b42c   0x000000bc   Code   RO         9304    i.pbuf_copy_partial  pbuf.o
    0x0800b4e8   0x0800b4e8   0x000000f4   Code   RO         9306    i.pbuf_free         pbuf.o
    0x0800b5dc   0x0800b5dc   0x0000001c   Code   RO        11173    i.pbuf_free_custom  ethernetif.o
    0x0800b5f8   0x0800b5f8   0x00000006   Code   RO         9311    i.pbuf_header_force  pbuf.o
    0x0800b5fe   0x0800b5fe   0x0000000e   Code   RO         9312    i.pbuf_header_impl  pbuf.o
    0x0800b60c   0x0800b60c   0x0000001c   Code   RO         9313    i.pbuf_init_alloced_pbuf  pbuf.o
    0x0800b628   0x0800b628   0x000000c0   Code   RO         9317    i.pbuf_realloc      pbuf.o
    0x0800b6e8   0x0800b6e8   0x0000003c   Code   RO         9318    i.pbuf_ref          pbuf.o
    0x0800b724   0x0800b724   0x00000074   Code   RO         9319    i.pbuf_remove_header  pbuf.o
    0x0800b798   0x0800b798   0x00000094   Code   RO         7736    i.pcb_new           api_msg.o
    0x0800b82c   0x0800b82c   0x00000128   Code   RO         8906    i.plug_holes        mem.o
    0x0800b954   0x0800b954   0x0000007c   Code   RO         7737    i.poll_tcp          api_msg.o
    0x0800b9d0   0x0800b9d0   0x00000070   Code   RO         6961    i.prvAddCurrentTaskToDelayedList  tasks.o
    0x0800ba40   0x0800ba40   0x00000088   Code   RO         6962    i.prvAddNewTaskToReadyList  tasks.o
    0x0800bac8   0x0800bac8   0x00000054   Code   RO         6963    i.prvCheckTasksWaitingTermination  tasks.o
    0x0800bb1c   0x0800bb1c   0x00000028   Code   RO         6775    i.prvCopyDataFromQueue  queue.o
    0x0800bb44   0x0800bb44   0x0000006e   Code   RO         6776    i.prvCopyDataToQueue  queue.o
    0x0800bbb2   0x0800bbb2   0x00000014   Code   RO         6964    i.prvDeleteTCB      tasks.o
    0x0800bbc6   0x0800bbc6   0x00000002   PAD
    0x0800bbc8   0x0800bbc8   0x0000004c   Code   RO         7299    i.prvHeapInit       heap_4.o
    0x0800bc14   0x0800bc14   0x00000028   Code   RO         6965    i.prvIdleTask       tasks.o
    0x0800bc3c   0x0800bc3c   0x00000018   Code   RO         6777    i.prvInitialiseMutex  queue.o
    0x0800bc54   0x0800bc54   0x00000018   Code   RO         6778    i.prvInitialiseNewQueue  queue.o
    0x0800bc6c   0x0800bc6c   0x000000b8   Code   RO         6966    i.prvInitialiseNewTask  tasks.o
    0x0800bd24   0x0800bd24   0x00000058   Code   RO         6967    i.prvInitialiseTaskLists  tasks.o
    0x0800bd7c   0x0800bd7c   0x00000054   Code   RO         7300    i.prvInsertBlockIntoFreeList  heap_4.o
    0x0800bdd0   0x0800bdd0   0x0000001a   Code   RO         6779    i.prvIsQueueEmpty   queue.o
    0x0800bdea   0x0800bdea   0x0000001e   Code   RO         6780    i.prvIsQueueFull    queue.o
    0x0800be08   0x0800be08   0x00000024   Code   RO         6968    i.prvResetNextTaskUnblockTime  tasks.o
    0x0800be2c   0x0800be2c   0x0000006c   Code   RO         7361    i.prvTaskExitError  port.o
    0x0800be98   0x0800be98   0x0000006a   Code   RO         6781    i.prvUnlockQueue    queue.o
    0x0800bf02   0x0800bf02   0x00000002   PAD
    0x0800bf04   0x0800bf04   0x0000000c   Code   RO         8907    i.ptr_to_mem        mem.o
    0x0800bf10   0x0800bf10   0x0000010c   Code   RO         7301    i.pvPortMalloc      heap_4.o
    0x0800c01c   0x0800c01c   0x00000018   Code   RO         6970    i.pvTaskIncrementMutexHeldCount  tasks.o
    0x0800c034   0x0800c034   0x00000024   Code   RO         7362    i.pxPortInitialiseStack  port.o
    0x0800c058   0x0800c058   0x00000108   Code   RO         7738    i.recv_tcp          api_msg.o
    0x0800c160   0x0800c160   0x00000108   Code   RO         7739    i.recv_udp          api_msg.o
    0x0800c268   0x0800c268   0x000000a4   Code   RO         8165    i.select_check_waiters  sockets.o
    0x0800c30c   0x0800c30c   0x00000070   Code   RO         7740    i.sent_tcp          api_msg.o
    0x0800c37c   0x0800c37c   0x00000044   Code   RO         7741    i.setup_tcp         api_msg.o
    0x0800c3c0   0x0800c3c0   0x00000042   Code   RO        11256    i.sys_arch_mbox_fetch  sys_arch.o
    0x0800c402   0x0800c402   0x00000020   Code   RO        11257    i.sys_arch_mbox_tryfetch  sys_arch.o
    0x0800c422   0x0800c422   0x0000000a   Code   RO        11258    i.sys_arch_protect  sys_arch.o
    0x0800c42c   0x0800c42c   0x00000040   Code   RO        11259    i.sys_arch_sem_wait  sys_arch.o
    0x0800c46c   0x0800c46c   0x00000004   Code   RO        11261    i.sys_arch_unprotect  sys_arch.o
    0x0800c470   0x0800c470   0x00000044   Code   RO        10144    i.sys_check_timeouts  timeouts.o
    0x0800c4b4   0x0800c4b4   0x00000024   Code   RO        11262    i.sys_init          sys_arch.o
    0x0800c4d8   0x0800c4d8   0x00000014   Code   RO        11264    i.sys_mbox_free     sys_arch.o
    0x0800c4ec   0x0800c4ec   0x0000001c   Code   RO        11265    i.sys_mbox_new      sys_arch.o
    0x0800c508   0x0800c508   0x00000006   Code   RO        11267    i.sys_mbox_set_invalid  sys_arch.o
    0x0800c50e   0x0800c50e   0x0000001c   Code   RO        11268    i.sys_mbox_trypost  sys_arch.o
    0x0800c52a   0x0800c52a   0x0000000e   Code   RO        11270    i.sys_mbox_valid    sys_arch.o
    0x0800c538   0x0800c538   0x0000000c   Code   RO        11272    i.sys_mutex_lock    sys_arch.o
    0x0800c544   0x0800c544   0x0000003c   Code   RO        11273    i.sys_mutex_new     sys_arch.o
    0x0800c580   0x0800c580   0x0000000c   Code   RO        11275    i.sys_mutex_unlock  sys_arch.o
    0x0800c58c   0x0800c58c   0x00000010   Code   RO        11276    i.sys_now           sys_arch.o
    0x0800c59c   0x0800c59c   0x00000010   Code   RO        11277    i.sys_sem_free      sys_arch.o
    0x0800c5ac   0x0800c5ac   0x0000005c   Code   RO        11278    i.sys_sem_new       sys_arch.o
    0x0800c608   0x0800c608   0x00000006   Code   RO        11279    i.sys_sem_set_invalid  sys_arch.o
    0x0800c60e   0x0800c60e   0x00000002   PAD
    0x0800c610   0x0800c610   0x00000040   Code   RO        11280    i.sys_sem_signal    sys_arch.o
    0x0800c650   0x0800c650   0x0000000e   Code   RO        11281    i.sys_sem_valid     sys_arch.o
    0x0800c65e   0x0800c65e   0x00000002   PAD
    0x0800c660   0x0800c660   0x0000005c   Code   RO        11282    i.sys_thread_new    sys_arch.o
    0x0800c6bc   0x0800c6bc   0x00000060   Code   RO        10146    i.sys_timeout       timeouts.o
    0x0800c71c   0x0800c71c   0x000000a0   Code   RO        10147    i.sys_timeout_abs   timeouts.o
    0x0800c7bc   0x0800c7bc   0x00000024   Code   RO        10148    i.sys_timeouts_init  timeouts.o
    0x0800c7e0   0x0800c7e0   0x00000028   Code   RO        10149    i.sys_timeouts_sleeptime  timeouts.o
    0x0800c808   0x0800c808   0x0000013c   Code   RO         9574    i.tcp_abandon       tcp.o
    0x0800c944   0x0800c944   0x00000006   Code   RO         9575    i.tcp_abort         tcp.o
    0x0800c94a   0x0800c94a   0x0000000e   Code   RO         9576    i.tcp_accept        tcp.o
    0x0800c958   0x0800c958   0x000000ac   Code   RO         9578    i.tcp_alloc         tcp.o
    0x0800ca04   0x0800ca04   0x00000008   Code   RO         9579    i.tcp_arg           tcp.o
    0x0800ca0c   0x0800ca0c   0x00000044   Code   RO         9582    i.tcp_close         tcp.o
    0x0800ca50   0x0800ca50   0x00000150   Code   RO         9583    i.tcp_close_shutdown  tcp.o
    0x0800cba0   0x0800cba0   0x00000078   Code   RO         9584    i.tcp_close_shutdown_fin  tcp.o
    0x0800cc18   0x0800cc18   0x00000184   Code   RO         9585    i.tcp_connect       tcp.o
    0x0800cd9c   0x0800cd9c   0x0000011c   Code   RO         9983    i.tcp_create_segment  tcp_out.o
    0x0800ceb8   0x0800ceb8   0x0000005c   Code   RO         9587    i.tcp_eff_send_mss_netif  tcp.o
    0x0800cf14   0x0800cf14   0x000001bc   Code   RO         9984    i.tcp_enqueue_flags  tcp_out.o
    0x0800d0d0   0x0800d0d0   0x00000044   Code   RO         9588    i.tcp_err           tcp.o
    0x0800d114   0x0800d114   0x0000006c   Code   RO         9589    i.tcp_fasttmr       tcp.o
    0x0800d180   0x0800d180   0x00000030   Code   RO         9590    i.tcp_free          tcp.o
    0x0800d1b0   0x0800d1b0   0x000000d8   Code   RO         9899    i.tcp_free_acked_segments  tcp_in.o
    0x0800d288   0x0800d288   0x00000038   Code   RO         9591    i.tcp_free_listen   tcp.o
    0x0800d2c0   0x0800d2c0   0x00000028   Code   RO         9900    i.tcp_get_next_optbyte  tcp_in.o
    0x0800d2e8   0x0800d2e8   0x00000028   Code   RO         9592    i.tcp_handle_closepend  tcp.o
    0x0800d310   0x0800d310   0x00000002   Code   RO         9593    i.tcp_init          tcp.o
    0x0800d312   0x0800d312   0x00000002   PAD
    0x0800d314   0x0800d314   0x000005fc   Code   RO         9901    i.tcp_input         tcp_in.o
    0x0800d910   0x0800d910   0x00000070   Code   RO         9902    i.tcp_input_delayed_close  tcp_in.o
    0x0800d980   0x0800d980   0x00000068   Code   RO         9985    i.tcp_keepalive     tcp_out.o
    0x0800d9e8   0x0800d9e8   0x00000050   Code   RO         9594    i.tcp_kill_prio     tcp.o
    0x0800da38   0x0800da38   0x0000005c   Code   RO         9595    i.tcp_kill_state    tcp.o
    0x0800da94   0x0800da94   0x00000034   Code   RO         9596    i.tcp_kill_timewait  tcp.o
    0x0800dac8   0x0800dac8   0x0000005c   Code   RO         9597    i.tcp_listen_closed  tcp.o
    0x0800db24   0x0800db24   0x00000134   Code   RO         9903    i.tcp_listen_input  tcp_in.o
    0x0800dc58   0x0800dc58   0x0000004c   Code   RO         9600    i.tcp_netif_ip_addr_changed  tcp.o
    0x0800dca4   0x0800dca4   0x00000064   Code   RO         9601    i.tcp_netif_ip_addr_changed_pcblist  tcp.o
    0x0800dd08   0x0800dd08   0x00000006   Code   RO         9603    i.tcp_new_ip_type   tcp.o
    0x0800dd0e   0x0800dd0e   0x00000002   PAD
    0x0800dd10   0x0800dd10   0x00000058   Code   RO         9604    i.tcp_new_port      tcp.o
    0x0800dd68   0x0800dd68   0x00000038   Code   RO         9605    i.tcp_next_iss      tcp.o
    0x0800dda0   0x0800dda0   0x00000284   Code   RO         9986    i.tcp_output        tcp_out.o
    0x0800e024   0x0800e024   0x0000006c   Code   RO         9987    i.tcp_output_alloc_header  tcp_out.o
    0x0800e090   0x0800e090   0x000000b0   Code   RO         9988    i.tcp_output_alloc_header_common  tcp_out.o
    0x0800e140   0x0800e140   0x0000007c   Code   RO         9989    i.tcp_output_control_segment  tcp_out.o
    0x0800e1bc   0x0800e1bc   0x00000070   Code   RO         9990    i.tcp_output_fill_options  tcp_out.o
    0x0800e22c   0x0800e22c   0x00000164   Code   RO         9991    i.tcp_output_segment  tcp_out.o
    0x0800e390   0x0800e390   0x00000048   Code   RO         9992    i.tcp_output_segment_busy  tcp_out.o
    0x0800e3d8   0x0800e3d8   0x00000098   Code   RO         9904    i.tcp_parseopt      tcp_in.o
    0x0800e470   0x0800e470   0x000000e0   Code   RO         9993    i.tcp_pbuf_prealloc  tcp_out.o
    0x0800e550   0x0800e550   0x00000064   Code   RO         9606    i.tcp_pcb_purge     tcp.o
    0x0800e5b4   0x0800e5b4   0x000000ec   Code   RO         9607    i.tcp_pcb_remove    tcp.o
    0x0800e6a0   0x0800e6a0   0x00000064   Code   RO         9608    i.tcp_poll          tcp.o
    0x0800e704   0x0800e704   0x0000050a   Code   RO         9905    i.tcp_process       tcp_in.o
    0x0800ec0e   0x0800ec0e   0x00000002   PAD
    0x0800ec10   0x0800ec10   0x000000ac   Code   RO         9609    i.tcp_process_refused_data  tcp.o
    0x0800ecbc   0x0800ecbc   0x00000570   Code   RO         9906    i.tcp_receive       tcp_in.o
    0x0800f22c   0x0800f22c   0x00000044   Code   RO         9610    i.tcp_recv          tcp.o
    0x0800f270   0x0800f270   0x00000050   Code   RO         9611    i.tcp_recv_null     tcp.o
    0x0800f2c0   0x0800f2c0   0x0000009c   Code   RO         9612    i.tcp_recved        tcp.o
    0x0800f35c   0x0800f35c   0x0000004c   Code   RO         9613    i.tcp_remove_listener  tcp.o
    0x0800f3a8   0x0800f3a8   0x0000008c   Code   RO         9994    i.tcp_rexmit        tcp_out.o
    0x0800f434   0x0800f434   0x00000088   Code   RO         9995    i.tcp_rexmit_fast   tcp_out.o
    0x0800f4bc   0x0800f4bc   0x00000040   Code   RO         9996    i.tcp_rexmit_rto    tcp_out.o
    0x0800f4fc   0x0800f4fc   0x0000004c   Code   RO         9997    i.tcp_rexmit_rto_commit  tcp_out.o
    0x0800f548   0x0800f548   0x000000a0   Code   RO         9998    i.tcp_rexmit_rto_prepare  tcp_out.o
    0x0800f5e8   0x0800f5e8   0x00000012   Code   RO         9999    i.tcp_route         tcp_out.o
    0x0800f5fa   0x0800f5fa   0x00000002   PAD
    0x0800f5fc   0x0800f5fc   0x000000a8   Code   RO        10000    i.tcp_rst           tcp_out.o
    0x0800f6a4   0x0800f6a4   0x0000001e   Code   RO         9614    i.tcp_seg_free      tcp.o
    0x0800f6c2   0x0800f6c2   0x00000012   Code   RO         9615    i.tcp_segs_free     tcp.o
    0x0800f6d4   0x0800f6d4   0x0000008c   Code   RO        10001    i.tcp_send_empty_ack  tcp_out.o
    0x0800f760   0x0800f760   0x0000006c   Code   RO        10002    i.tcp_send_fin      tcp_out.o
    0x0800f7cc   0x0800f7cc   0x00000044   Code   RO         9616    i.tcp_sent          tcp.o
    0x0800f810   0x0800f810   0x00000090   Code   RO         9618    i.tcp_shutdown      tcp.o
    0x0800f8a0   0x0800f8a0   0x00000520   Code   RO         9619    i.tcp_slowtmr       tcp.o
    0x0800fdc0   0x0800fdc0   0x000001bc   Code   RO        10003    i.tcp_split_unsent_seg  tcp_out.o
    0x0800ff7c   0x0800ff7c   0x00000034   Code   RO        10151    i.tcp_timer_needed  timeouts.o
    0x0800ffb0   0x0800ffb0   0x00000098   Code   RO         9907    i.tcp_timewait_input  tcp_in.o
    0x08010048   0x08010048   0x00000020   Code   RO         9621    i.tcp_tmr           tcp.o
    0x08010068   0x08010068   0x00000010   Code   RO         9908    i.tcp_trigger_input_pcb_close  tcp_in.o
    0x08010078   0x08010078   0x00000090   Code   RO         9623    i.tcp_update_rcv_ann_wnd  tcp.o
    0x08010108   0x08010108   0x000005fc   Code   RO        10004    i.tcp_write         tcp_out.o
    0x08010704   0x08010704   0x00000110   Code   RO        10005    i.tcp_write_checks  tcp_out.o
    0x08010814   0x08010814   0x000000ec   Code   RO        10006    i.tcp_zero_window_probe  tcp_out.o
    0x08010900   0x08010900   0x0000009c   Code   RO         8462    i.tcpip_init        tcpip.o
    0x0801099c   0x0801099c   0x00000064   Code   RO         8463    i.tcpip_inpkt       tcpip.o
    0x08010a00   0x08010a00   0x00000020   Code   RO         8464    i.tcpip_input       tcpip.o
    0x08010a20   0x08010a20   0x00000020   Code   RO         8465    i.tcpip_send_msg_wait_sem  tcpip.o
    0x08010a40   0x08010a40   0x00000038   Code   RO        10152    i.tcpip_tcp_timer   timeouts.o
    0x08010a78   0x08010a78   0x00000058   Code   RO         8466    i.tcpip_thread      tcpip.o
    0x08010ad0   0x08010ad0   0x00000074   Code   RO         8467    i.tcpip_thread_handle_msg  tcpip.o
    0x08010b44   0x08010b44   0x0000005c   Code   RO         8468    i.tcpip_timeouts_mbox_fetch  tcpip.o
    0x08010ba0   0x08010ba0   0x00000012   Code   RO         8166    i.tryget_socket     sockets.o
    0x08010bb2   0x08010bb2   0x00000004   Code   RO         8167    i.tryget_socket_unconn  sockets.o
    0x08010bb6   0x08010bb6   0x00000002   PAD
    0x08010bb8   0x08010bb8   0x00000014   Code   RO         8169    i.tryget_socket_unconn_nouse  sockets.o
    0x08010bcc   0x08010bcc   0x000000a8   Code   RO        10232    i.udp_bind          udp.o
    0x08010c74   0x08010c74   0x000000a4   Code   RO        10234    i.udp_connect       udp.o
    0x08010d18   0x08010d18   0x00000038   Code   RO        10235    i.udp_disconnect    udp.o
    0x08010d50   0x08010d50   0x00000002   Code   RO        10236    i.udp_init          udp.o
    0x08010d52   0x08010d52   0x00000002   PAD
    0x08010d54   0x08010d54   0x000001b0   Code   RO        10237    i.udp_input         udp.o
    0x08010f04   0x08010f04   0x000000b4   Code   RO        10238    i.udp_input_local_match  udp.o
    0x08010fb8   0x08010fb8   0x00000034   Code   RO        10239    i.udp_netif_ip_addr_changed  udp.o
    0x08010fec   0x08010fec   0x0000001c   Code   RO        10240    i.udp_new           udp.o
    0x08011008   0x08011008   0x00000004   Code   RO        10241    i.udp_new_ip_type   udp.o
    0x0801100c   0x0801100c   0x00000048   Code   RO        10242    i.udp_new_port      udp.o
    0x08011054   0x08011054   0x00000028   Code   RO        10243    i.udp_recv          udp.o
    0x0801107c   0x0801107c   0x00000050   Code   RO        10244    i.udp_remove        udp.o
    0x080110cc   0x080110cc   0x0000005c   Code   RO        10245    i.udp_send          udp.o
    0x08011128   0x08011128   0x000000b0   Code   RO        10246    i.udp_sendto        udp.o
    0x080111d8   0x080111d8   0x000000dc   Code   RO        10247    i.udp_sendto_if     udp.o
    0x080112b4   0x080112b4   0x000001e4   Code   RO        10248    i.udp_sendto_if_src  udp.o
    0x08011498   0x08011498   0x00000024   Code   RO         6726    i.uxListRemove      list.o
    0x080114bc   0x080114bc   0x00000050   Code   RO         6782    i.uxQueueMessagesWaiting  queue.o
    0x0801150c   0x0801150c   0x00000016   Code   RO         6727    i.vListInitialise   list.o
    0x08011522   0x08011522   0x00000006   Code   RO         6728    i.vListInitialiseItem  list.o
    0x08011528   0x08011528   0x00000030   Code   RO         6729    i.vListInsert       list.o
    0x08011558   0x08011558   0x00000018   Code   RO         6730    i.vListInsertEnd    list.o
    0x08011570   0x08011570   0x00000080   Code   RO         7364    i.vPortEnterCritical  port.o
    0x080115f0   0x080115f0   0x0000006c   Code   RO         7365    i.vPortExitCritical  port.o
    0x0801165c   0x0801165c   0x0000009c   Code   RO         7302    i.vPortFree         heap_4.o
    0x080116f8   0x080116f8   0x00000020   Code   RO         7366    i.vPortSetupTimerInterrupt  port.o
    0x08011718   0x08011718   0x00000090   Code   RO         7367    i.vPortValidateInterruptPriority  port.o
    0x080117a8   0x080117a8   0x00000050   Code   RO         6786    i.vQueueDelete      queue.o
    0x080117f8   0x080117f8   0x00000028   Code   RO         6787    i.vQueueUnregisterQueue  queue.o
    0x08011820   0x08011820   0x00000078   Code   RO         6976    i.vTaskDelay        tasks.o
    0x08011898   0x08011898   0x000000d4   Code   RO         6978    i.vTaskDelete       tasks.o
    0x0801196c   0x0801196c   0x0000000c   Code   RO         6980    i.vTaskMissedYield  tasks.o
    0x08011978   0x08011978   0x00000060   Code   RO         6982    i.vTaskPlaceOnEventList  tasks.o
    0x080119d8   0x080119d8   0x00000088   Code   RO         6984    i.vTaskPriorityInherit  tasks.o
    0x08011a60   0x08011a60   0x00000050   Code   RO         6987    i.vTaskSetTimeOutState  tasks.o
    0x08011ab0   0x08011ab0   0x00000098   Code   RO         6988    i.vTaskStartScheduler  tasks.o
    0x08011b48   0x08011b48   0x00000010   Code   RO         6990    i.vTaskSuspendAll   tasks.o
    0x08011b58   0x08011b58   0x00000088   Code   RO         6991    i.vTaskSwitchContext  tasks.o
    0x08011be0   0x08011be0   0x000000e4   Code   RO         7368    i.xPortStartScheduler  port.o
    0x08011cc4   0x08011cc4   0x00000030   Code   RO         7369    i.xPortSysTickHandler  port.o
    0x08011cf4   0x08011cf4   0x00000064   Code   RO         6788    i.xQueueCreateCountingSemaphore  queue.o
    0x08011d58   0x08011d58   0x00000018   Code   RO         6789    i.xQueueCreateMutex  queue.o
    0x08011d70   0x08011d70   0x0000006c   Code   RO         6790    i.xQueueGenericCreate  queue.o
    0x08011ddc   0x08011ddc   0x000001a8   Code   RO         6791    i.xQueueGenericReceive  queue.o
    0x08011f84   0x08011f84   0x000000b4   Code   RO         6792    i.xQueueGenericReset  queue.o
    0x08012038   0x08012038   0x00000180   Code   RO         6793    i.xQueueGenericSend  queue.o
    0x080121b8   0x080121b8   0x000000c4   Code   RO         6795    i.xQueueGiveFromISR  queue.o
    0x0801227c   0x0801227c   0x00000098   Code   RO         6992    i.xTaskCheckForTimeOut  tasks.o
    0x08012314   0x08012314   0x00000060   Code   RO         6993    i.xTaskCreate       tasks.o
    0x08012374   0x08012374   0x0000001c   Code   RO         6997    i.xTaskGetSchedulerState  tasks.o
    0x08012390   0x08012390   0x0000000c   Code   RO         6998    i.xTaskGetTickCount  tasks.o
    0x0801239c   0x0801239c   0x000000f4   Code   RO         7000    i.xTaskIncrementTick  tasks.o
    0x08012490   0x08012490   0x000000bc   Code   RO         7003    i.xTaskPriorityDisinherit  tasks.o
    0x0801254c   0x0801254c   0x000000a4   Code   RO         7004    i.xTaskRemoveFromEventList  tasks.o
    0x080125f0   0x080125f0   0x000000f4   Code   RO         7006    i.xTaskResumeAll    tasks.o
    0x080126e4   0x080126e4   0x00000010   Data   RO           15    .constdata          system_stm32h7xx.o
    0x080126f4   0x080126f4   0x00000003   Data   RO         7742    .constdata          api_msg.o
    0x080126f7   0x080126f7   0x00000001   PAD
    0x080126f8   0x080126f8   0x00000044   Data   RO         7924    .constdata          err.o
    0x0801273c   0x0801273c   0x0000000c   Data   RO         8992    .constdata          memp.o
    0x08012748   0x08012748   0x0000000c   Data   RO         8993    .constdata          memp.o
    0x08012754   0x08012754   0x0000000c   Data   RO         8994    .constdata          memp.o
    0x08012760   0x08012760   0x0000000c   Data   RO         8995    .constdata          memp.o
    0x0801276c   0x0801276c   0x0000000c   Data   RO         8996    .constdata          memp.o
    0x08012778   0x08012778   0x0000000c   Data   RO         8997    .constdata          memp.o
    0x08012784   0x08012784   0x0000000c   Data   RO         8998    .constdata          memp.o
    0x08012790   0x08012790   0x0000000c   Data   RO         8999    .constdata          memp.o
    0x0801279c   0x0801279c   0x0000000c   Data   RO         9000    .constdata          memp.o
    0x080127a8   0x080127a8   0x0000000c   Data   RO         9001    .constdata          memp.o
    0x080127b4   0x080127b4   0x0000000c   Data   RO         9002    .constdata          memp.o
    0x080127c0   0x080127c0   0x0000000c   Data   RO         9003    .constdata          memp.o
    0x080127cc   0x080127cc   0x0000000c   Data   RO         9004    .constdata          memp.o
    0x080127d8   0x080127d8   0x00000034   Data   RO         9005    .constdata          memp.o
    0x0801280c   0x0801280c   0x00000054   Data   RO         9624    .constdata          tcp.o
    0x08012860   0x08012860   0x00000028   Data   RO        10153    .constdata          timeouts.o
    0x08012888   0x08012888   0x00000004   Data   RO        10856    .constdata          ip4_addr.o
    0x0801288c   0x0801288c   0x00000004   Data   RO        10857    .constdata          ip4_addr.o
    0x08012890   0x08012890   0x00000006   Data   RO        11001    .constdata          ethernet.o
    0x08012896   0x08012896   0x00000006   Data   RO        11002    .constdata          ethernet.o
    0x0801289c   0x0801289c   0x0000000c   Data   RO        11179    .constdata          ethernetif.o
    0x080128a8   0x080128a8   0x00000046   Data   RO         6025    .conststring        main.o
    0x080128ee   0x080128ee   0x00000002   PAD
    0x080128f0   0x080128f0   0x000000b8   Data   RO         6465    .conststring        client.o
    0x080129a8   0x080129a8   0x00000075   Data   RO         9625    .conststring        tcp.o
    0x08012a1d   0x08012a1d   0x00000003   PAD
    0x08012a20   0x08012a20   0x00000055   Data   RO        10007    .conststring        tcp_out.o
    0x08012a75   0x08012a75   0x00000003   PAD
    0x08012a78   0x08012a78   0x00000042   Data   RO        10422    .conststring        dhcp.o
    0x08012aba   0x08012aba   0x00000002   PAD
    0x08012abc   0x08012abc   0x00000041   Data   RO        10630    .conststring        etharp.o
    0x08012afd   0x08012afd   0x00000003   PAD
    0x08012b00   0x08012b00   0x0000004e   Data   RO        11284    .conststring        sys_arch.o
    0x08012b4e   0x08012b4e   0x00000002   PAD
    0x08012b50   0x08012b50   0x00000020   Data   RO        11820    Region$$Table       anon$$obj.o


    Execution Region RW_IRAM1 (Exec base: 0x20000000, Load base: 0x08012b70, Size: 0x00000000, Max: 0x00020000, ABSOLUTE)

    **** No section assigned to this execution region ****


    Execution Region RW_IRAM2 (Exec base: 0x24000000, Load base: 0x08012b70, Size: 0x00019b68, Max: 0x00080000, ABSOLUTE, COMPRESSED[0x00000020])

    Exec Addr    Load Addr    Size         Type   Attr      Idx    E Section Name        Object

    0x24000000   COMPRESSED   0x00000008   Data   RW           16    .data               system_stm32h7xx.o
    0x24000008   COMPRESSED   0x0000000c   Data   RW          215    .data               stm32h7xx_hal.o
    0x24000014   COMPRESSED   0x0000000c   Data   RW         6026    .data               main.o
    0x24000020   COMPRESSED   0x0000003c   Data   RW         7009    .data               tasks.o
    0x2400005c   COMPRESSED   0x00000018   Data   RW         7307    .data               heap_4.o
    0x24000074   COMPRESSED   0x0000000c   Data   RW         7370    .data               port.o
    0x24000080   COMPRESSED   0x00000004   Data   RW         8171    .data               sockets.o
    0x24000084   COMPRESSED   0x00000010   Data   RW         8470    .data               tcpip.o
    0x24000094   COMPRESSED   0x00000010   Data   RW         8909    .data               mem.o
    0x240000a4   COMPRESSED   0x00000004   Data   RW         9006    .data               memp.o
    0x240000a8   COMPRESSED   0x00000004   Data   RW         9007    .data               memp.o
    0x240000ac   COMPRESSED   0x00000004   Data   RW         9008    .data               memp.o
    0x240000b0   COMPRESSED   0x00000004   Data   RW         9009    .data               memp.o
    0x240000b4   COMPRESSED   0x00000004   Data   RW         9010    .data               memp.o
    0x240000b8   COMPRESSED   0x00000004   Data   RW         9011    .data               memp.o
    0x240000bc   COMPRESSED   0x00000004   Data   RW         9012    .data               memp.o
    0x240000c0   COMPRESSED   0x00000004   Data   RW         9013    .data               memp.o
    0x240000c4   COMPRESSED   0x00000004   Data   RW         9014    .data               memp.o
    0x240000c8   COMPRESSED   0x00000004   Data   RW         9015    .data               memp.o
    0x240000cc   COMPRESSED   0x00000004   Data   RW         9016    .data               memp.o
    0x240000d0   COMPRESSED   0x00000004   Data   RW         9017    .data               memp.o
    0x240000d4   COMPRESSED   0x00000004   Data   RW         9018    .data               memp.o
    0x240000d8   COMPRESSED   0x0000000c   Data   RW         9134    .data               netif.o
    0x240000e4   COMPRESSED   0x00000020   Data   RW         9626    .data               tcp.o
    0x24000104   COMPRESSED   0x00000024   Data   RW         9910    .data               tcp_in.o
    0x24000128   COMPRESSED   0x0000000c   Data   RW        10155    .data               timeouts.o
    0x24000134   COMPRESSED   0x00000008   Data   RW        10249    .data               udp.o
    0x2400013c   COMPRESSED   0x00000014   Data   RW        10423    .data               dhcp.o
    0x24000150   COMPRESSED   0x00000001   Data   RW        10631    .data               etharp.o
    0x24000151   COMPRESSED   0x00000001   PAD
    0x24000152   COMPRESSED   0x00000002   Data   RW        10790    .data               ip4.o
    0x24000154   COMPRESSED   0x00000008   Data   RW        10929    .data               ip4_frag.o
    0x2400015c   COMPRESSED   0x00000010   Data   RW        11181    .data               ethernetif.o
    0x2400016c   COMPRESSED   0x00000004   Data   RW        11182    .data               ethernetif.o
    0x24000170   COMPRESSED   0x00000014   Data   RW        11285    .data               sys_arch.o
    0x24000184   COMPRESSED   0x00000004   Data   RW        11286    .data               sys_arch.o
    0x24000188   COMPRESSED   0x00000004   Data   RW        11783    .data               mc_w.l(stdout.o)
    0x2400018c        -       0x0000008c   Zero   RW         6220    .bss                bsp_debug_usart.o
    0x24000218        -       0x00000050   Zero   RW         6802    .bss                queue.o
    0x24000268        -       0x000002e4   Zero   RW         7008    .bss                tasks.o
    0x2400054c        -       0x00006400   Zero   RW         7306    .bss                heap_4.o
    0x2400694c        -       0x00000040   Zero   RW         8170    .bss                sockets.o
    0x2400698c        -       0x00000018   Zero   RW         8875    .bss                ip.o
    0x240069a4        -       0x00006413   Zero   RW         8908    .bss                mem.o
    0x2400cdb7        -       0x00000083   Zero   RW         8979    .bss                memp.o
    0x2400ce3a        -       0x00000393   Zero   RW         8980    .bss                memp.o
    0x2400d1cd        -       0x000000ab   Zero   RW         8981    .bss                memp.o
    0x2400d278        -       0x00000783   Zero   RW         8982    .bss                memp.o
    0x2400d9fb        -       0x000000a3   Zero   RW         8983    .bss                memp.o
    0x2400da9e        -       0x0000016b   Zero   RW         8984    .bss                memp.o
    0x2400dc09        -       0x00000023   Zero   RW         8985    .bss                memp.o
    0x2400dc2c        -       0x000000a3   Zero   RW         8986    .bss                memp.o
    0x2400dccf        -       0x00000083   Zero   RW         8987    .bss                memp.o
    0x2400dd52        -       0x00000083   Zero   RW         8988    .bss                memp.o
    0x2400ddd5        -       0x00000063   Zero   RW         8989    .bss                memp.o
    0x2400de38        -       0x00000193   Zero   RW         8990    .bss                memp.o
    0x2400dfcb        -       0x0000b38b   Zero   RW         8991    .bss                memp.o
    0x24019356   COMPRESSED   0x00000002   PAD
    0x24019358        -       0x00000010   Zero   RW         9909    .bss                tcp_in.o
    0x24019368        -       0x00000020   Zero   RW        10421    .bss                dhcp.o
    0x24019388        -       0x000000f0   Zero   RW        10629    .bss                etharp.o
    0x24019478        -       0x00000108   Zero   RW        11177    .bss                ethernetif.o
    0x24019580        -       0x00000193   Zero   RW        11178    .bss                ethernetif.o
    0x24019713   COMPRESSED   0x00000001   PAD
    0x24019714        -       0x00000054   Zero   RW        11283    .bss                sys_arch.o
    0x24019768        -       0x00000400   Zero   RW            1    STACK               startup_stm32h743xx.o



  Load Region LR$$.ARM.__AT_0x30040000 (Base: 0x30040000, Size: 0x00000000, Max: 0x00000060, ABSOLUTE)

    Execution Region ER$$.ARM.__AT_0x30040000 (Exec base: 0x30040000, Load base: 0x30040000, Size: 0x00000060, Max: 0x00000060, ABSOLUTE, UNINIT)

    Exec Addr    Load Addr    Size         Type   Attr      Idx    E Section Name        Object

    0x30040000        -       0x00000060   Zero   RW        11174    .ARM.__AT_0x30040000  ethernetif.o



  Load Region LR$$.ARM.__AT_0x30040060 (Base: 0x30040060, Size: 0x00000000, Max: 0x00000060, ABSOLUTE)

    Execution Region ER$$.ARM.__AT_0x30040060 (Exec base: 0x30040060, Load base: 0x30040060, Size: 0x00000060, Max: 0x00000060, ABSOLUTE, UNINIT)

    Exec Addr    Load Addr    Size         Type   Attr      Idx    E Section Name        Object

    0x30040060        -       0x00000060   Zero   RW        11175    .ARM.__AT_0x30040060  ethernetif.o



  Load Region LR$$.ARM.__AT_0x30040200 (Base: 0x30040200, Size: 0x00000000, Max: 0x00001800, ABSOLUTE)

    Execution Region ER$$.ARM.__AT_0x30040200 (Exec base: 0x30040200, Load base: 0x30040200, Size: 0x00001800, Max: 0x00001800, ABSOLUTE, UNINIT)

    Exec Addr    Load Addr    Size         Type   Attr      Idx    E Section Name        Object

    0x30040200        -       0x00001800   Zero   RW        11176    .ARM.__AT_0x30040200  ethernetif.o


==============================================================================

Image component sizes


      Code (inc. data)   RO Data    RW Data    ZI Data      Debug   Object Name

       938        352          0          0          0      40759   api_lib.o
      4620       1440          3          0          0      36310   api_msg.o
       632         78          0          0          0      38342   board.o
       220         22          0          0        140       2043   bsp_debug_usart.o
       128         14          0          0          0       1010   bsp_led.o
       364        164        184          0          0      33635   client.o
        64         18          0          0          0       1077   core_delay.o
        34          0          0          0          0       1050   def.o
      5038        894         66         20         32      32063   dhcp.o
        28          4         68          0          0       1155   err.o
      2216        516         65          1        240      12283   etharp.o
       308         56         12          0          0       2654   ethernet.o
       964        146         12         20       7003      42017   ethernetif.o
         0          0          0          0          0       1472   event_groups.o
       584        138          0         24      25600       4203   heap_4.o
       620        160          0          0          0       4486   icmp.o
       160          0          0          0          0       2234   inet_chksum.o
        34          0          0          0          0       1592   init.o
         0          0          0          0         24       3162   ip.o
       894         92          0          2          0       5836   ip4.o
        64          0          8          0          0       8694   ip4_addr.o
      2170        462          0          8          0      12690   ip4_frag.o
       624         42          0          0          0       7712   lan8720a.o
       136          0          0          0          0       3366   list.o
       568        356         70         12          0      16187   main.o
      1716        604          0         16      25619       8297   mem.o
       470        192        208         52      50591      12036   memp.o
       196         54          0          0          0      11163   netbuf.o
         0          0          0          0          0       2044   netdb.o
      1058        350          0         12          0      16328   netif.o
      2210        816          0          0          0      19139   pbuf.o
      1018        402          0         12          0      10909   port.o
      1976        378          0          0         80      15615   queue.o
      1542        188          0          4         64      35396   sockets.o
        36          8        664          0       1024        980   startup_stm32h743xx.o
       174         34          0         12          0      23009   stm32h7xx_hal.o
       310         30          0          0          0      40096   stm32h7xx_hal_cortex.o
      4278         78          0          0          0      24790   stm32h7xx_hal_eth.o
       496         50          0          0          0       1948   stm32h7xx_hal_gpio.o
      2592        120          0          0          0       7852   stm32h7xx_hal_rcc.o
      3892        140          0          0          0       8919   stm32h7xx_hal_rcc_ex.o
      6216        130          0          0          0      11816   stm32h7xx_hal_uart.o
        58          0          0          0          0      11623   stm32h7xx_it.o
       944        252         78         24         84      15217   sys_arch.o
       152         22         16          8          0    1239785   system_stm32h7xx.o
      2812        732          0         60        740      30101   tasks.o
      5220       1654        201         32          0      40821   tcp.o
      5210       1050          0         36         16      21199   tcp_in.o
      6142       1936         85          0          0      33634   tcp_out.o
       616        200          0         16          0      10745   tcpip.o
       572        186         40         12          0       7167   timeouts.o
      2250        824          0          8          0      15028   udp.o

    ----------------------------------------------------------------------
     73628      15384       1828        392     111260    1991689   Object Totals
         0          0         32          0          0          0   (incl. Generated)
        64          0         16          1          3          0   (incl. Padding)

    ----------------------------------------------------------------------

      Code (inc. data)   RO Data    RW Data    ZI Data      Debug   Library Member Name

        86          0          0          0          0          0   __dczerorl2.o
         0          0          0          0          0          0   entry.o
         0          0          0          0          0          0   entry10a.o
         0          0          0          0          0          0   entry11a.o
         8          4          0          0          0          0   entry2.o
         4          0          0          0          0          0   entry5.o
         0          0          0          0          0          0   entry7b.o
         0          0          0          0          0          0   entry8b.o
         8          4          0          0          0          0   entry9a.o
        30          0          0          0          0          0   handlers.o
        36          8          0          0          0         68   init.o
        30          0          0          0          0         68   llshl.o
        32          0          0          0          0         68   llushr.o
        26          0          0          0          0         80   memcmp.o
        64          0          0          0          0         76   memmovea.o
        36          0          0          0          0        108   memseta.o
       736         56          0          0          0        184   printf5.o
         0          0          0          4          0          0   stdout.o
        98          0          0          0          0         92   uldiv.o

    ----------------------------------------------------------------------
      1200         72          0          4          0        744   Library Totals
         6          0          0          0          0          0   (incl. Padding)

    ----------------------------------------------------------------------

      Code (inc. data)   RO Data    RW Data    ZI Data      Debug   Library Name

      1194         72          0          4          0        744   mc_w.l

    ----------------------------------------------------------------------
      1200         72          0          4          0        744   Library Totals

    ----------------------------------------------------------------------

==============================================================================


      Code (inc. data)   RO Data    RW Data    ZI Data      Debug   

     74828      15456       1828        396     111260    1947105   Grand Totals
     74828      15456       1828         32     111260    1947105   ELF Image Totals (compressed)
     74828      15456       1828         32          0          0   ROM Totals

==============================================================================

    Total RO  Size (Code + RO Data)                76656 (  74.86kB)
    Total RW  Size (RW Data + ZI Data)            111656 ( 109.04kB)
    Total ROM Size (Code + RO Data + RW Data)      76688 (  74.89kB)

==============================================================================

