Component: ARM Compiler 5.06 update 6 (build 750) Tool: armlink [4d35ed]

==============================================================================

Section Cross References

    startup_stm32h743xx.o(RESET) refers to startup_stm32h743xx.o(STACK) for __initial_sp
    startup_stm32h743xx.o(RESET) refers to startup_stm32h743xx.o(.text) for Reset_Handler
    startup_stm32h743xx.o(RESET) refers to stm32h7xx_it.o(i.NMI_Handler) for NMI_Handler
    startup_stm32h743xx.o(RESET) refers to stm32h7xx_it.o(i.HardFault_Handler) for HardFault_Handler
    startup_stm32h743xx.o(RESET) refers to stm32h7xx_it.o(i.MemManage_Handler) for MemManage_Handler
    startup_stm32h743xx.o(RESET) refers to stm32h7xx_it.o(i.BusFault_Handler) for BusFault_Handler
    startup_stm32h743xx.o(RESET) refers to stm32h7xx_it.o(i.UsageFault_Handler) for UsageFault_Handler
    startup_stm32h743xx.o(RESET) refers to port.o(.emb_text) for SVC_Handler
    startup_stm32h743xx.o(RESET) refers to stm32h7xx_it.o(i.DebugMon_Handler) for DebugMon_Handler
    startup_stm32h743xx.o(RESET) refers to stm32h7xx_it.o(i.SysTick_Handler) for SysTick_Handler
    startup_stm32h743xx.o(RESET) refers to lan8720a.o(i.ETH_IRQHandler) for ETH_IRQHandler
    startup_stm32h743xx.o(.text) refers to system_stm32h7xx.o(i.SystemInit) for SystemInit
    startup_stm32h743xx.o(.text) refers to entry.o(.ARM.Collect$$$$00000000) for __main
    system_stm32h7xx.o(i.SystemCoreClockUpdate) refers to system_stm32h7xx.o(.data) for .data
    system_stm32h7xx.o(i.SystemCoreClockUpdate) refers to system_stm32h7xx.o(.constdata) for .constdata
    stm32h7xx_hal.o(i.HAL_DeInit) refers to stm32h7xx_hal_msp_template.o(i.HAL_MspDeInit) for HAL_MspDeInit
    stm32h7xx_hal.o(i.HAL_Delay) refers to core_delay.o(i.HAL_GetTick) for HAL_GetTick
    stm32h7xx_hal.o(i.HAL_Delay) refers to stm32h7xx_hal.o(.data) for .data
    stm32h7xx_hal.o(i.HAL_GetTick) refers to stm32h7xx_hal.o(.data) for .data
    stm32h7xx_hal.o(i.HAL_GetTickFreq) refers to stm32h7xx_hal.o(.data) for .data
    stm32h7xx_hal.o(i.HAL_GetTickPrio) refers to stm32h7xx_hal.o(.data) for .data
    stm32h7xx_hal.o(i.HAL_IncTick) refers to stm32h7xx_hal.o(.data) for .data
    stm32h7xx_hal.o(i.HAL_Init) refers to stm32h7xx_hal_cortex.o(i.HAL_NVIC_SetPriorityGrouping) for HAL_NVIC_SetPriorityGrouping
    stm32h7xx_hal.o(i.HAL_Init) refers to stm32h7xx_hal_rcc.o(i.HAL_RCC_GetSysClockFreq) for HAL_RCC_GetSysClockFreq
    stm32h7xx_hal.o(i.HAL_Init) refers to core_delay.o(i.HAL_InitTick) for HAL_InitTick
    stm32h7xx_hal.o(i.HAL_Init) refers to stm32h7xx_hal_msp_template.o(i.HAL_MspInit) for HAL_MspInit
    stm32h7xx_hal.o(i.HAL_Init) refers to system_stm32h7xx.o(.constdata) for D1CorePrescTable
    stm32h7xx_hal.o(i.HAL_Init) refers to system_stm32h7xx.o(.data) for SystemCoreClock
    stm32h7xx_hal.o(i.HAL_InitTick) refers to stm32h7xx_hal_cortex.o(i.HAL_SYSTICK_Config) for HAL_SYSTICK_Config
    stm32h7xx_hal.o(i.HAL_InitTick) refers to stm32h7xx_hal_cortex.o(i.HAL_NVIC_SetPriority) for HAL_NVIC_SetPriority
    stm32h7xx_hal.o(i.HAL_InitTick) refers to stm32h7xx_hal.o(.data) for .data
    stm32h7xx_hal.o(i.HAL_InitTick) refers to system_stm32h7xx.o(.data) for SystemCoreClock
    stm32h7xx_hal.o(i.HAL_SYSCFG_EnableVREFBUF) refers to core_delay.o(i.HAL_GetTick) for HAL_GetTick
    stm32h7xx_hal.o(i.HAL_SetTickFreq) refers to core_delay.o(i.HAL_InitTick) for HAL_InitTick
    stm32h7xx_hal.o(i.HAL_SetTickFreq) refers to stm32h7xx_hal.o(.data) for .data
    stm32h7xx_hal_cortex.o(i.HAL_NVIC_SetPriority) refers to stm32h7xx_hal_cortex.o(i.__NVIC_SetPriority) for __NVIC_SetPriority
    stm32h7xx_hal_cortex.o(i.HAL_SYSTICK_Config) refers to stm32h7xx_hal_cortex.o(i.__NVIC_SetPriority) for __NVIC_SetPriority
    stm32h7xx_hal_cortex.o(i.HAL_SYSTICK_IRQHandler) refers to stm32h7xx_hal_cortex.o(i.HAL_SYSTICK_Callback) for HAL_SYSTICK_Callback
    stm32h7xx_hal_dma.o(i.DMA_CalcBaseAndBitshift) refers to stm32h7xx_hal_dma.o(.constdata) for .constdata
    stm32h7xx_hal_dma.o(i.HAL_DMA_Abort) refers to core_delay.o(i.HAL_GetTick) for HAL_GetTick
    stm32h7xx_hal_dma.o(i.HAL_DMA_DeInit) refers to stm32h7xx_hal_dma.o(i.DMA_CalcBaseAndBitshift) for DMA_CalcBaseAndBitshift
    stm32h7xx_hal_dma.o(i.HAL_DMA_DeInit) refers to stm32h7xx_hal_dma.o(i.DMA_CalcDMAMUXChannelBaseAndMask) for DMA_CalcDMAMUXChannelBaseAndMask
    stm32h7xx_hal_dma.o(i.HAL_DMA_DeInit) refers to stm32h7xx_hal_dma.o(i.DMA_CalcDMAMUXRequestGenBaseAndMask) for DMA_CalcDMAMUXRequestGenBaseAndMask
    stm32h7xx_hal_dma.o(i.HAL_DMA_IRQHandler) refers to system_stm32h7xx.o(.data) for SystemCoreClock
    stm32h7xx_hal_dma.o(i.HAL_DMA_Init) refers to core_delay.o(i.HAL_GetTick) for HAL_GetTick
    stm32h7xx_hal_dma.o(i.HAL_DMA_Init) refers to stm32h7xx_hal_dma.o(i.DMA_CheckFifoParam) for DMA_CheckFifoParam
    stm32h7xx_hal_dma.o(i.HAL_DMA_Init) refers to stm32h7xx_hal_dma.o(i.DMA_CalcBaseAndBitshift) for DMA_CalcBaseAndBitshift
[...]
    pbuf_cat                                 0x0800ba2d   Thumb Code    76  pbuf.o(i.pbuf_cat)
    pbuf_clen                                0x0800baf1   Thumb Code    18  pbuf.o(i.pbuf_clen)
    pbuf_clone                               0x0800bb05   Thumb Code    42  pbuf.o(i.pbuf_clone)
    pbuf_copy                                0x0800bb45   Thumb Code   194  pbuf.o(i.pbuf_copy)
    pbuf_copy_partial                        0x0800bca9   Thumb Code   118  pbuf.o(i.pbuf_copy_partial)
    pbuf_free                                0x0800bd65   Thumb Code   152  pbuf.o(i.pbuf_free)
    pbuf_free_custom                         0x0800be59   Thumb Code    24  ethernetif.o(i.pbuf_free_custom)
    pbuf_free_header                         0x0800be75   Thumb Code    52  pbuf.o(i.pbuf_free_header)
    pbuf_header_force                        0x0800bea9   Thumb Code     6  pbuf.o(i.pbuf_header_force)
    pbuf_realloc                             0x0800bed9   Thumb Code   114  pbuf.o(i.pbuf_realloc)
    pbuf_ref                                 0x0800bf99   Thumb Code    40  pbuf.o(i.pbuf_ref)
    pbuf_remove_header                       0x0800bfd5   Thumb Code    72  pbuf.o(i.pbuf_remove_header)
    pvPortMalloc                             0x0800c7c1   Thumb Code   206  heap_4.o(i.pvPortMalloc)
    pvTaskIncrementMutexHeldCount            0x0800c8cd   Thumb Code    20  tasks.o(i.pvTaskIncrementMutexHeldCount)
    pxPortInitialiseStack                    0x0800c8e5   Thumb Code    30  port.o(i.pxPortInitialiseStack)
    sys_arch_mbox_fetch                      0x0800cc71   Thumb Code    66  sys_arch.o(i.sys_arch_mbox_fetch)
    sys_arch_mbox_tryfetch                   0x0800ccb3   Thumb Code    32  sys_arch.o(i.sys_arch_mbox_tryfetch)
    sys_arch_protect                         0x0800ccd3   Thumb Code    10  sys_arch.o(i.sys_arch_protect)
    sys_arch_sem_wait                        0x0800ccdd   Thumb Code    64  sys_arch.o(i.sys_arch_sem_wait)
    sys_arch_unprotect                       0x0800cd1d   Thumb Code     4  sys_arch.o(i.sys_arch_unprotect)
    sys_check_timeouts                       0x0800cd21   Thumb Code    62  timeouts.o(i.sys_check_timeouts)
    sys_init                                 0x0800cd65   Thumb Code    28  sys_arch.o(i.sys_init)
    sys_mbox_free                            0x0800cd89   Thumb Code    20  sys_arch.o(i.sys_mbox_free)
    sys_mbox_new                             0x0800cd9d   Thumb Code    28  sys_arch.o(i.sys_mbox_new)
    sys_mbox_set_invalid                     0x0800cdb9   Thumb Code     6  sys_arch.o(i.sys_mbox_set_invalid)
    sys_mbox_trypost                         0x0800cdbf   Thumb Code    28  sys_arch.o(i.sys_mbox_trypost)
    sys_mbox_valid                           0x0800cddb   Thumb Code    14  sys_arch.o(i.sys_mbox_valid)
    sys_mutex_lock                           0x0800cde9   Thumb Code    12  sys_arch.o(i.sys_mutex_lock)
    sys_mutex_new                            0x0800cdf5   Thumb Code    30  sys_arch.o(i.sys_mutex_new)
    sys_mutex_unlock                         0x0800ce31   Thumb Code    12  sys_arch.o(i.sys_mutex_unlock)
    sys_now                                  0x0800ce3d   Thumb Code    12  sys_arch.o(i.sys_now)
    sys_sem_free                             0x0800ce4d   Thumb Code    16  sys_arch.o(i.sys_sem_free)
    sys_sem_new                              0x0800ce5d   Thumb Code    62  sys_arch.o(i.sys_sem_new)
    sys_sem_set_invalid                      0x0800ceb9   Thumb Code     6  sys_arch.o(i.sys_sem_set_invalid)
    sys_sem_signal                           0x0800cec1   Thumb Code    30  sys_arch.o(i.sys_sem_signal)
    sys_sem_valid                            0x0800cf01   Thumb Code    14  sys_arch.o(i.sys_sem_valid)
    sys_thread_new                           0x0800cf11   Thumb Code    52  sys_arch.o(i.sys_thread_new)
    sys_timeout                              0x0800cf6d   Thumb Code    38  timeouts.o(i.sys_timeout)
    sys_timeouts_init                        0x0800d06d   Thumb Code    28  timeouts.o(i.sys_timeouts_init)
    sys_timeouts_sleeptime                   0x0800d091   Thumb Code    36  timeouts.o(i.sys_timeouts_sleeptime)
    tcp_abandon                              0x0800d0b9   Thumb Code   232  tcp.o(i.tcp_abandon)
    tcp_abort                                0x0800d1f5   Thumb Code     6  tcp.o(i.tcp_abort)
    tcp_accept                               0x0800d1fb   Thumb Code    14  tcp.o(i.tcp_accept)
    tcp_alloc                                0x0800d245   Thumb Code   160  tcp.o(i.tcp_alloc)
    tcp_arg                                  0x0800d2f1   Thumb Code     8  tcp.o(i.tcp_arg)
    tcp_bind                                 0x0800d2f9   Thumb Code   146  tcp.o(i.tcp_bind)
    tcp_bind_netif                           0x0800d3d9   Thumb Code    20  tcp.o(i.tcp_bind_netif)
    tcp_close                                0x0800d3ed   Thumb Code    42  tcp.o(i.tcp_close)
    tcp_eff_send_mss_netif                   0x0800d715   Thumb Code    50  tcp.o(i.tcp_eff_send_mss_netif)
    tcp_enqueue_flags                        0x0800d771   Thumb Code   240  tcp_out.o(i.tcp_enqueue_flags)
    tcp_err                                  0x0800d92d   Thumb Code    28  tcp.o(i.tcp_err)
    tcp_fasttmr                              0x0800d971   Thumb Code   102  tcp.o(i.tcp_fasttmr)
    tcp_free                                 0x0800d9dd   Thumb Code    28  tcp.o(i.tcp_free)
    tcp_init                                 0x0800db6d   Thumb Code     2  tcp.o(i.tcp_init)
    tcp_input                                0x0800db71   Thumb Code  1528  tcp_in.o(i.tcp_input)
    tcp_keepalive                            0x0800e1dd   Thumb Code    74  tcp_out.o(i.tcp_keepalive)
    tcp_listen_with_backlog_and_err          0x0800e4b5   Thumb Code   166  tcp.o(i.tcp_listen_with_backlog_and_err)
    tcp_netif_ip_addr_changed                0x0800e5cd   Thumb Code    72  tcp.o(i.tcp_netif_ip_addr_changed)
    tcp_new_ip_type                          0x0800e67d   Thumb Code     6  tcp.o(i.tcp_new_ip_type)
    tcp_next_iss                             0x0800e6dd   Thumb Code    24  tcp.o(i.tcp_next_iss)
    tcp_output                               0x0800e715   Thumb Code   552  tcp_out.o(i.tcp_output)
    tcp_pcb_purge                            0x0800eec5   Thumb Code    72  tcp.o(i.tcp_pcb_purge)
    tcp_pcb_remove                           0x0800ef29   Thumb Code   124  tcp.o(i.tcp_pcb_remove)
    tcp_poll                                 0x0800f015   Thumb Code    44  tcp.o(i.tcp_poll)
    tcp_process_refused_data                 0x0800f585   Thumb Code   130  tcp.o(i.tcp_process_refused_data)
    tcp_recv                                 0x0800fba1   Thumb Code    28  tcp.o(i.tcp_recv)
    tcp_recv_null                            0x0800fbe5   Thumb Code    52  tcp.o(i.tcp_recv_null)
    tcp_recved                               0x0800fc35   Thumb Code    92  tcp.o(i.tcp_recved)
    tcp_rexmit                               0x0800fd1d   Thumb Code   116  tcp_out.o(i.tcp_rexmit)
    tcp_rexmit_fast                          0x0800fda9   Thumb Code   102  tcp_out.o(i.tcp_rexmit_fast)
    tcp_rexmit_rto                           0x0800fe31   Thumb Code    36  tcp_out.o(i.tcp_rexmit_rto)
    tcp_rexmit_rto_commit                    0x0800fe71   Thumb Code    38  tcp_out.o(i.tcp_rexmit_rto_commit)
    tcp_rexmit_rto_prepare                   0x0800febd   Thumb Code   124  tcp_out.o(i.tcp_rexmit_rto_prepare)
    tcp_rst                                  0x0800ff71   Thumb Code   112  tcp_out.o(i.tcp_rst)
    tcp_seg_free                             0x08010019   Thumb Code    30  tcp.o(i.tcp_seg_free)
    tcp_segs_free                            0x08010037   Thumb Code    18  tcp.o(i.tcp_segs_free)
    tcp_send_empty_ack                       0x08010049   Thumb Code   106  tcp_out.o(i.tcp_send_empty_ack)
    tcp_send_fin                             0x080100d5   Thumb Code    80  tcp_out.o(i.tcp_send_fin)
    tcp_sent                                 0x08010141   Thumb Code    26  tcp.o(i.tcp_sent)
    tcp_shutdown                             0x08010185   Thumb Code   114  tcp.o(i.tcp_shutdown)
    tcp_slowtmr                              0x08010215   Thumb Code   834  tcp.o(i.tcp_slowtmr)
    tcp_split_unsent_seg                     0x08010735   Thumb Code   338  tcp_out.o(i.tcp_split_unsent_seg)
    tcp_timer_needed                         0x080108f1   Thumb Code    36  timeouts.o(i.tcp_timer_needed)
    tcp_tmr                                  0x080109bd   Thumb Code    28  tcp.o(i.tcp_tmr)
    tcp_trigger_input_pcb_close              0x080109dd   Thumb Code    12  tcp_in.o(i.tcp_trigger_input_pcb_close)
    tcp_update_rcv_ann_wnd                   0x080109ed   Thumb Code    78  tcp.o(i.tcp_update_rcv_ann_wnd)
    tcp_write                                0x08010a7d   Thumb Code  1032  tcp_out.o(i.tcp_write)
    tcp_zero_window_probe                    0x08011189   Thumb Code   198  tcp_out.o(i.tcp_zero_window_probe)
    tcpip_init                               0x08011275   Thumb Code    68  tcpip.o(i.tcpip_init)
    tcpip_inpkt                              0x08011311   Thumb Code    80  tcpip.o(i.tcpip_inpkt)
    tcpip_input                              0x08011375   Thumb Code    22  tcpip.o(i.tcpip_input)
    tcpip_send_msg_wait_sem                  0x08011395   Thumb Code    26  tcpip.o(i.tcpip_send_msg_wait_sem)
    udp_bind                                 0x08011545   Thumb Code   136  udp.o(i.udp_bind)
    udp_bind_netif                           0x080115ed   Thumb Code    20  udp.o(i.udp_bind_netif)
    udp_init                                 0x08011601   Thumb Code     2  udp.o(i.udp_init)
    udp_input                                0x08011605   Thumb Code   342  udp.o(i.udp_input)
    udp_netif_ip_addr_changed                0x08011869   Thumb Code    48  udp.o(i.udp_netif_ip_addr_changed)
    udp_new                                  0x0801189d   Thumb Code    28  udp.o(i.udp_new)
    udp_new_ip_type                          0x080118b9   Thumb Code     4  udp.o(i.udp_new_ip_type)
    udp_recv                                 0x08011905   Thumb Code    16  udp.o(i.udp_recv)
    udp_remove                               0x0801192d   Thumb Code    52  udp.o(i.udp_remove)
    uxListRemove                             0x0801197d   Thumb Code    36  list.o(i.uxListRemove)
    uxQueueMessagesWaiting                   0x080119a1   Thumb Code    34  queue.o(i.uxQueueMessagesWaiting)
    vListInitialise                          0x080119f1   Thumb Code    22  list.o(i.vListInitialise)
    vListInitialiseItem                      0x08011a07   Thumb Code     6  list.o(i.vListInitialiseItem)
    vListInsert                              0x08011a0d   Thumb Code    48  list.o(i.vListInsert)
    vListInsertEnd                           0x08011a3d   Thumb Code    24  list.o(i.vListInsertEnd)
    vPortEnterCritical                       0x08011a55   Thumb Code    54  port.o(i.vPortEnterCritical)
    vPortExitCritical                        0x08011ad5   Thumb Code    38  port.o(i.vPortExitCritical)
    vPortFree                                0x08011b41   Thumb Code    94  heap_4.o(i.vPortFree)
    vPortSetupTimerInterrupt                 0x08011bdd   Thumb Code    26  port.o(i.vPortSetupTimerInterrupt)
    vPortValidateInterruptPriority           0x08011bfd   Thumb Code    70  port.o(i.vPortValidateInterruptPriority)
    vQueueDelete                             0x08011c8d   Thumb Code    36  queue.o(i.vQueueDelete)
    vQueueUnregisterQueue                    0x08011cdd   Thumb Code    36  queue.o(i.vQueueUnregisterQueue)
    vTaskDelay                               0x08011d05   Thumb Code    66  tasks.o(i.vTaskDelay)
    vTaskDelete                              0x08011d7d   Thumb Code   152  tasks.o(i.vTaskDelete)
    vTaskMissedYield                         0x08011e51   Thumb Code     8  tasks.o(i.vTaskMissedYield)
    vTaskPlaceOnEventList                    0x08011e5d   Thumb Code    46  tasks.o(i.vTaskPlaceOnEventList)
    vTaskPriorityInherit                     0x08011ebd   Thumb Code   126  tasks.o(i.vTaskPriorityInherit)
    vTaskSetTimeOutState                     0x08011f45   Thumb Code    32  tasks.o(i.vTaskSetTimeOutState)
    vTaskStartScheduler                      0x08011f95   Thumb Code    92  tasks.o(i.vTaskStartScheduler)
    vTaskSuspendAll                          0x0801202d   Thumb Code    10  tasks.o(i.vTaskSuspendAll)
    vTaskSwitchContext                       0x0801203d   Thumb Code    84  tasks.o(i.vTaskSwitchContext)
    xPortStartScheduler                      0x080120c5   Thumb Code   146  port.o(i.xPortStartScheduler)
    xPortSysTickHandler                      0x080121a9   Thumb Code    42  port.o(i.xPortSysTickHandler)
    xQueueCreateCountingSemaphore            0x080121d9   Thumb Code    56  queue.o(i.xQueueCreateCountingSemaphore)
    xQueueCreateMutex                        0x0801223d   Thumb Code    24  queue.o(i.xQueueCreateMutex)
    xQueueGenericCreate                      0x08012255   Thumb Code    64  queue.o(i.xQueueGenericCreate)
    xQueueGenericReceive                     0x080122c1   Thumb Code   374  queue.o(i.xQueueGenericReceive)
    xQueueGenericReset                       0x08012469   Thumb Code   130  queue.o(i.xQueueGenericReset)
    xQueueGenericSend                        0x0801251d   Thumb Code   334  queue.o(i.xQueueGenericSend)
    xQueueGiveFromISR                        0x0801269d   Thumb Code   150  queue.o(i.xQueueGiveFromISR)
    xTaskCheckForTimeOut                     0x08012761   Thumb Code   104  tasks.o(i.xTaskCheckForTimeOut)
    xTaskCreate                              0x080127f9   Thumb Code    96  tasks.o(i.xTaskCreate)
    xTaskGetSchedulerState                   0x08012859   Thumb Code    24  tasks.o(i.xTaskGetSchedulerState)
    xTaskGetTickCount                        0x08012875   Thumb Code     6  tasks.o(i.xTaskGetTickCount)
    xTaskIncrementTick                       0x08012881   Thumb Code   192  tasks.o(i.xTaskIncrementTick)
    xTaskPriorityDisinherit                  0x08012975   Thumb Code   136  tasks.o(i.xTaskPriorityDisinherit)
    xTaskRemoveFromEventList                 0x08012a31   Thumb Code   108  tasks.o(i.xTaskRemoveFromEventList)
    xTaskResumeAll                           0x08012ad5   Thumb Code   184  tasks.o(i.xTaskResumeAll)
    D1CorePrescTable                         0x08012bc8   Data          16  system_stm32h7xx.o(.constdata)
    netconn_aborted                          0x08012bd8   Data           1  api_msg.o(.constdata)
    netconn_reset                            0x08012bd9   Data           1  api_msg.o(.constdata)
    netconn_closed                           0x08012bda   Data           1  api_msg.o(.constdata)
    memp_UDP_PCB                             0x08012c20   Data          12  memp.o(.constdata)
    memp_TCP_PCB                             0x08012c2c   Data          12  memp.o(.constdata)
    memp_TCP_PCB_LISTEN                      0x08012c38   Data          12  memp.o(.constdata)
    memp_TCP_SEG                             0x08012c44   Data          12  memp.o(.constdata)
    memp_REASSDATA                           0x08012c50   Data          12  memp.o(.constdata)
    memp_FRAG_PBUF                           0x08012c5c   Data          12  memp.o(.constdata)
    memp_NETBUF                              0x08012c68   Data          12  memp.o(.constdata)
    memp_NETCONN                             0x08012c74   Data          12  memp.o(.constdata)
    memp_TCPIP_MSG_API                       0x08012c80   Data          12  memp.o(.constdata)
    memp_TCPIP_MSG_INPKT                     0x08012c8c   Data          12  memp.o(.constdata)
    memp_SYS_TIMEOUT                         0x08012c98   Data          12  memp.o(.constdata)
    memp_PBUF                                0x08012ca4   Data          12  memp.o(.constdata)
    memp_PBUF_POOL                           0x08012cb0   Data          12  memp.o(.constdata)
    memp_pools                               0x08012cbc   Data          52  memp.o(.constdata)
    tcp_pcb_lists                            0x08012d34   Data          16  tcp.o(.constdata)
    lwip_cyclic_timers                       0x08012d44   Data          24  timeouts.o(.constdata)
    ip_addr_any                              0x08012d5c   Data           4  ip4_addr.o(.constdata)
    ethbroadcast                             0x08012d60   Data           6  ethernet.o(.constdata)
    ethzero                                  0x08012d66   Data           6  ethernet.o(.constdata)
    memp_RX_POOL                             0x08012d6c   Data          12  ethernetif.o(.constdata)
    __ctype_table                            0x08012d78   Data         129  ctype_o.o(.constdata)
    Region$$Table$$Base                      0x08012fa0   Number         0  anon$$obj.o(Region$$Table)
    Region$$Table$$Limit                     0x08012fc0   Number         0  anon$$obj.o(Region$$Table)
    SystemCoreClock                          0x24000000   Data           4  system_stm32h7xx.o(.data)
    SystemD2Clock                            0x24000004   Data           4  system_stm32h7xx.o(.data)
    uwTickFreq                               0x24000008   Data           1  stm32h7xx_hal.o(.data)
    uwTickPrio                               0x2400000c   Data           4  stm32h7xx_hal.o(.data)
    uwTick                                   0x24000010   Data           4  stm32h7xx_hal.o(.data)
    pxCurrentTCB                             0x2400002c   Data           4  tasks.o(.data)
    lock_tcpip_core                          0x2400009c   Data           4  tcpip.o(.data)
    netif_list                               0x240000e8   Data           4  netif.o(.data)
    netif_default                            0x240000ec   Data           4  netif.o(.data)
    tcp_active_pcbs_changed                  0x240000f0   Data           1  tcp.o(.data)
    tcp_ticks                                0x240000fc   Data           4  tcp.o(.data)
    tcp_bound_pcbs                           0x24000100   Data           4  tcp.o(.data)
    tcp_listen_pcbs                          0x24000104   Data           4  tcp.o(.data)
    tcp_active_pcbs                          0x24000108   Data           4  tcp.o(.data)
    tcp_tw_pcbs                              0x2400010c   Data           4  tcp.o(.data)
    tcp_input_pcb                            0x24000130   Data           4  tcp_in.o(.data)
    udp_pcbs                                 0x24000144   Data           4  udp.o(.data)
    s_xSemaphore                             0x24000154   Data           4  ethernetif.o(.data)
    tx_sem                                   0x24000158   Data           4  ethernetif.o(.data)
    eth_tx_mb                                0x2400015c   Data           4  ethernetif.o(.data)
    lwip_sys_now                             0x2400016c   Data           4  sys_arch.o(.data)
    ipaddr                                   0x24000170   Data           4  sys_arch.o(.data)
    netmask                                  0x24000174   Data           4  sys_arch.o(.data)
    gw                                       0x24000178   Data           4  sys_arch.o(.data)
    errno                                    0x2400017c   Data           4  sys_arch.o(.data)
    __stdout                                 0x24000180   Data           4  stdout.o(.data)
    __microlib_freelist                      0x24000184   Data           4  mvars.o(.data)
    UartHandle                               0x2400018c   Data         140  bsp_debug_usart.o(.bss)
    xQueueRegistry                           0x24000218   Data          80  queue.o(.bss)
    ip_data                                  0x2400698c   Data          24  ip.o(.bss)
    ram_heap                                 0x240069a4   Data       25619  mem.o(.bss)
    memp_memory_UDP_PCB_base                 0x2400cdb7   Data         131  memp.o(.bss)
    memp_memory_TCP_PCB_base                 0x2400ce3a   Data         915  memp.o(.bss)
    memp_memory_TCP_PCB_LISTEN_base          0x2400d1cd   Data         171  memp.o(.bss)
    memp_memory_TCP_SEG_base                 0x2400d278   Data        1923  memp.o(.bss)
    memp_memory_REASSDATA_base               0x2400d9fb   Data         163  memp.o(.bss)
    memp_memory_FRAG_PBUF_base               0x2400da9e   Data         363  memp.o(.bss)
    memp_memory_NETBUF_base                  0x2400dc09   Data          35  memp.o(.bss)
    memp_memory_NETCONN_base                 0x2400dc2c   Data         163  memp.o(.bss)
    memp_memory_TCPIP_MSG_API_base           0x2400dccf   Data         131  memp.o(.bss)
    memp_memory_TCPIP_MSG_INPKT_base         0x2400dd52   Data         131  memp.o(.bss)
    memp_memory_SYS_TIMEOUT_base             0x2400ddd5   Data          99  memp.o(.bss)
    memp_memory_PBUF_base                    0x2400de38   Data         403  memp.o(.bss)
    memp_memory_PBUF_POOL_base               0x2400dfcb   Data       45963  memp.o(.bss)
    EthHandle                                0x24019468   Data         112  ethernetif.o(.bss)
    TxConfig                                 0x240194d8   Data          52  ethernetif.o(.bss)
    MACConfig                                0x2401950c   Data         100  ethernetif.o(.bss)
    memp_memory_RX_POOL_base                 0x24019570   Data         403  ethernetif.o(.bss)
    gnetif                                   0x24019724   Data          48  sys_arch.o(.bss)
    __initial_sp                             0x24019b58   Data           0  startup_stm32h743xx.o(STACK)
    DMARxDscrTab                             0x30040000   Data          96  ethernetif.o(.ARM.__AT_0x30040000)
    DMATxDscrTab                             0x30040060   Data          96  ethernetif.o(.ARM.__AT_0x30040060)
    Rx_Buff                                  0x30040200   Data        6144  ethernetif.o(.ARM.__AT_0x30040200)



==============================================================================

Memory Map of the image

  Image Entry point : 0x08000299

  Load Region LR_IROM1 (Base: 0x08000000, Size: 0x0001314c, Max: 0x00200000, ABSOLUTE, COMPRESSED[0x00012fe0])

    Execution Region ER_IROM1 (Exec base: 0x08000000, Load base: 0x08000000, Size: 0x00012fc0, Max: 0x00200000, ABSOLUTE)

    Exec Addr    Load Addr    Size         Type   Attr      Idx    E Section Name        Object

    0x08000000   0x08000000   0x00000298   Data   RO            3    RESET               startup_stm32h743xx.o
    0x08000298   0x08000298   0x00000000   Code   RO        11152  * .ARM.Collect$$$$00000000  mc_w.l(entry.o)
    0x08000298   0x08000298   0x00000004   Code   RO        11496    .ARM.Collect$$$$00000001  mc_w.l(entry2.o)
    0x0800029c   0x0800029c   0x00000004   Code   RO        11499    .ARM.Collect$$$$00000004  mc_w.l(entry5.o)
    0x080002a0   0x080002a0   0x00000000   Code   RO        11501    .ARM.Collect$$$$00000008  mc_w.l(entry7b.o)
    0x080002a0   0x080002a0   0x00000000   Code   RO        11503    .ARM.Collect$$$$0000000A  mc_w.l(entry8b.o)
    0x080002a0   0x080002a0   0x00000008   Code   RO        11504    .ARM.Collect$$$$0000000B  mc_w.l(entry9a.o)
    0x080002a8   0x080002a8   0x00000000   Code   RO        11506    .ARM.Collect$$$$0000000D  mc_w.l(entry10a.o)
    0x080002a8   0x080002a8   0x00000000   Code   RO        11508    .ARM.Collect$$$$0000000F  mc_w.l(entry11a.o)
    0x080002a8   0x080002a8   0x00000004   Code   RO        11497    .ARM.Collect$$$$00002712  mc_w.l(entry2.o)
    0x080002ac   0x080002ac   0x000000ba   Code   RO         7263    .emb_text           port.o
    0x08000366   0x08000366   0x00000002   PAD
    0x08000368   0x08000368   0x00000024   Code   RO            4    .text               startup_stm32h743xx.o
    0x0800038c   0x0800038c   0x00000062   Code   RO        11155    .text               mc_w.l(uldiv.o)
    0x080003ee   0x080003ee   0x00000002   PAD
    0x080003f0   0x080003f0   0x00000008   Code   RO        11157    .text               mc_w.l(ctype_o.o)
    0x080003f8   0x080003f8   0x00000040   Code   RO        11187    .text               mc_w.l(memmovea.o)
    0x08000438   0x08000438   0x00000024   Code   RO        11189    .text               mc_w.l(memseta.o)
    0x0800045c   0x0800045c   0x0000001a   Code   RO        11195    .text               mc_w.l(memcmp.o)
    0x08000476   0x08000476   0x0000001a   Code   RO        11492    .text               mc_w.l(atoi.o)
    0x08000490   0x08000490   0x0000002c   Code   RO        11511    .text               mc_w.l(uidiv.o)
    0x080004bc   0x080004bc   0x0000001e   Code   RO        11513    .text               mc_w.l(llshl.o)
    0x080004da   0x080004da   0x00000020   Code   RO        11515    .text               mc_w.l(llushr.o)
    0x080004fa   0x080004fa   0x00000070   Code   RO        11526    .text               mc_w.l(strtol.o)
    0x0800056a   0x0800056a   0x00000000   Code   RO        11528    .text               mc_w.l(iusefp.o)
    0x0800056a   0x0800056a   0x0000014e   Code   RO        11531    .text               mf_w.l(dadd.o)
    0x080006b8   0x080006b8   0x000000e4   Code   RO        11533    .text               mf_w.l(dmul.o)
    0x0800079c   0x0800079c   0x000000de   Code   RO        11535    .text               mf_w.l(ddiv.o)
    0x0800087a   0x0800087a   0x00000030   Code   RO        11537    .text               mf_w.l(dfixul.o)
    0x080008aa   0x080008aa   0x00000002   PAD
    0x080008ac   0x080008ac   0x00000030   Code   RO        11539    .text               mf_w.l(cdrcmple.o)
    0x080008dc   0x080008dc   0x00000024   Code   RO        11541    .text               mc_w.l(init.o)
    0x08000900   0x08000900   0x00000024   Code   RO        11543    .text               mc_w.l(llsshr.o)
    0x08000924   0x08000924   0x0000009e   Code   RO        11545    .text               mc_w.l(_strtoul.o)
    0x080009c2   0x080009c2   0x000000ba   Code   RO        11547    .text               mf_w.l(depilogue.o)
    0x08000a7c   0x08000a7c   0x0000001c   Code   RO        11549    .text               mc_w.l(_chval.o)
    0x08000a98   0x08000a98   0x00000056   Code   RO        11559    .text               mc_w.l(__dczerorl2.o)
    0x08000aee   0x08000aee   0x00000002   PAD
    0x08000af0   0x08000af0   0x000001d0   Code   RO         5916    i.AppTaskCreate     main.o
    0x08000cc0   0x08000cc0   0x0000005c   Code   RO         6305    i.BSP_Init          board.o
    0x08000d1c   0x08000d1c   0x00000002   Code   RO         6075    i.BusFault_Handler  stm32h7xx_it.o
    0x08000d1e   0x08000d1e   0x00000002   PAD
    0x08000d20   0x08000d20   0x00000080   Code   RO         6306    i.CPU_CACHE_Enable  board.o
    0x08000da0   0x08000da0   0x000000c4   Code   RO         6178    i.DEBUG_USART_Config  bsp_debug_usart.o
    0x08000e64   0x08000e64   0x00000002   Code   RO         6076    i.DebugMon_Handler  stm32h7xx_it.o
    0x08000e66   0x08000e66   0x0000005c   Code   RO         1086    i.ETH_DMARxDescListInit  stm32h7xx_hal_eth.o
    0x08000ec2   0x08000ec2   0x0000004c   Code   RO         1087    i.ETH_DMATxDescListInit  stm32h7xx_hal_eth.o
    0x08000f0e   0x08000f0e   0x00000002   PAD
    0x08000f10   0x08000f10   0x0000013c   Code   RO         6353    i.ETH_GPIO_Config   lan8720a.o
    0x0800104c   0x0800104c   0x00000028   Code   RO         6354    i.ETH_IRQHandler    lan8720a.o
    0x08001074   0x08001074   0x000000d8   Code   RO         1088    i.ETH_MACDMAConfig  stm32h7xx_hal_eth.o
    0x0800114c   0x0800114c   0x00000078   Code   RO         1089    i.ETH_MAC_MDIO_ClkConfig  stm32h7xx_hal_eth.o
    0x080011c4   0x080011c4   0x0000031c   Code   RO         1090    i.ETH_Prepare_Tx_Descriptors  stm32h7xx_hal_eth.o
    0x080014e0   0x080014e0   0x000000a0   Code   RO         1091    i.ETH_SetDMAConfig  stm32h7xx_hal_eth.o
    0x08001580   0x08001580   0x00000194   Code   RO         1092    i.ETH_SetMACConfig  stm32h7xx_hal_eth.o
    0x08001714   0x08001714   0x0000006c   Code   RO         6307    i.GPIO_CLK_Init     board.o
    0x08001780   0x08001780   0x00000024   Code   RO          173    i.HAL_Delay         stm32h7xx_hal.o
    0x080017a4   0x080017a4   0x00000078   Code   RO         1093    i.HAL_ETH_BuildRxDescriptors  stm32h7xx_hal_eth.o
    0x0800181c   0x0800181c   0x00000002   Code   RO         1094    i.HAL_ETH_DMAErrorCallback  stm32h7xx_hal_eth.o
    0x0800181e   0x0800181e   0x0000003e   Code   RO         1096    i.HAL_ETH_DescAssignMemory  stm32h7xx_hal_eth.o
    0x0800185c   0x0800185c   0x00000002   Code   RO         1097    i.HAL_ETH_EEECallback  stm32h7xx_hal_eth.o
    0x0800185e   0x0800185e   0x000001cc   Code   RO         1103    i.HAL_ETH_GetMACConfig  stm32h7xx_hal_eth.o
    0x08001a2a   0x08001a2a   0x0000009c   Code   RO         1107    i.HAL_ETH_GetRxDataBuffer  stm32h7xx_hal_eth.o
    0x08001ac6   0x08001ac6   0x00000036   Code   RO         1109    i.HAL_ETH_GetRxDataLength  stm32h7xx_hal_eth.o
    0x08001afc   0x08001afc   0x00000128   Code   RO         1111    i.HAL_ETH_IRQHandler  stm32h7xx_hal_eth.o
    0x08001c24   0x08001c24   0x00000128   Code   RO         1112    i.HAL_ETH_Init      stm32h7xx_hal_eth.o
    0x08001d4c   0x08001d4c   0x000000da   Code   RO         1113    i.HAL_ETH_IsRxDataAvailable  stm32h7xx_hal_eth.o
    0x08001e26   0x08001e26   0x00000002   Code   RO         1114    i.HAL_ETH_MACErrorCallback  stm32h7xx_hal_eth.o
    0x08001e28   0x08001e28   0x00000050   Code   RO         6356    i.HAL_ETH_MspInit   lan8720a.o
    0x08001e78   0x08001e78   0x00000002   Code   RO         1117    i.HAL_ETH_PMTCallback  stm32h7xx_hal_eth.o
    0x08001e7a   0x08001e7a   0x0000006a   Code   RO         1118    i.HAL_ETH_ReadPHYRegister  stm32h7xx_hal_eth.o
    0x08001ee4   0x08001ee4   0x00000040   Code   RO         6357    i.HAL_ETH_RxCpltCallback  lan8720a.o
    0x08001f24   0x08001f24   0x0000001c   Code   RO         1122    i.HAL_ETH_SetMACConfig  stm32h7xx_hal_eth.o
    0x08001f40   0x08001f40   0x000000ae   Code   RO         1129    i.HAL_ETH_Start_IT  stm32h7xx_hal_eth.o
    0x08001fee   0x08001fee   0x0000008a   Code   RO         1131    i.HAL_ETH_Stop_IT   stm32h7xx_hal_eth.o
    0x08002078   0x08002078   0x000000c4   Code   RO         1132    i.HAL_ETH_Transmit  stm32h7xx_hal_eth.o
    0x0800213c   0x0800213c   0x00000002   Code   RO         6358    i.HAL_ETH_TxCpltCallback  lan8720a.o
    0x0800213e   0x0800213e   0x00000002   Code   RO         1135    i.HAL_ETH_WakeUpCallback  stm32h7xx_hal_eth.o
    0x08002140   0x08002140   0x00000064   Code   RO         1136    i.HAL_ETH_WritePHYRegister  stm32h7xx_hal_eth.o
    0x080021a4   0x080021a4   0x000001f0   Code   RO         1856    i.HAL_GPIO_Init     stm32h7xx_hal_gpio.o
    0x08002394   0x08002394   0x0000000c   Code   RO          188    i.HAL_GetREVID      stm32h7xx_hal.o
    0x080023a0   0x080023a0   0x0000001c   Code   RO         6229    i.HAL_GetTick       core_delay.o
    0x080023bc   0x080023bc   0x00000010   Code   RO          195    i.HAL_IncTick       stm32h7xx_hal.o
    0x080023cc   0x080023cc   0x00000058   Code   RO          196    i.HAL_Init          stm32h7xx_hal.o
    0x08002424   0x08002424   0x00000024   Code   RO         6230    i.HAL_InitTick      core_delay.o
    0x08002448   0x08002448   0x00000058   Code   RO          579    i.HAL_MPU_ConfigRegion  stm32h7xx_hal_cortex.o
    0x080024a0   0x080024a0   0x0000001c   Code   RO          580    i.HAL_MPU_Disable   stm32h7xx_hal_cortex.o
    0x080024bc   0x080024bc   0x00000024   Code   RO          581    i.HAL_MPU_Enable    stm32h7xx_hal_cortex.o
    0x080024e0   0x080024e0   0x00000002   Code   RO         2927    i.HAL_MspInit       stm32h7xx_hal_msp_template.o
    0x080024e2   0x080024e2   0x0000001a   Code   RO          584    i.HAL_NVIC_EnableIRQ  stm32h7xx_hal_cortex.o
    0x080024fc   0x080024fc   0x00000040   Code   RO          590    i.HAL_NVIC_SetPriority  stm32h7xx_hal_cortex.o
    0x0800253c   0x0800253c   0x00000024   Code   RO          591    i.HAL_NVIC_SetPriorityGrouping  stm32h7xx_hal_cortex.o
    0x08002560   0x08002560   0x0000002c   Code   RO         3604    i.HAL_RCCEx_GetD1SysClockFreq  stm32h7xx_hal_rcc_ex.o
    0x0800258c   0x0800258c   0x00000024   Code   RO         3605    i.HAL_RCCEx_GetD3PCLK1Freq  stm32h7xx_hal_rcc_ex.o
    0x080025b0   0x080025b0   0x000001c0   Code   RO         3607    i.HAL_RCCEx_GetPLL2ClockFreq  stm32h7xx_hal_rcc_ex.o
    0x08002770   0x08002770   0x000001c0   Code   RO         3608    i.HAL_RCCEx_GetPLL3ClockFreq  stm32h7xx_hal_rcc_ex.o
    0x08002930   0x08002930   0x0000091c   Code   RO         3612    i.HAL_RCCEx_PeriphCLKConfig  stm32h7xx_hal_rcc_ex.o
    0x0800324c   0x0800324c   0x00000264   Code   RO         3491    i.HAL_RCC_ClockConfig  stm32h7xx_hal_rcc.o
    0x080034b0   0x080034b0   0x0000002c   Code   RO         3496    i.HAL_RCC_GetHCLKFreq  stm32h7xx_hal_rcc.o
    0x080034dc   0x080034dc   0x00000024   Code   RO         3498    i.HAL_RCC_GetPCLK1Freq  stm32h7xx_hal_rcc.o
    0x08003500   0x08003500   0x00000024   Code   RO         3499    i.HAL_RCC_GetPCLK2Freq  stm32h7xx_hal_rcc.o
    0x08003524   0x08003524   0x000001b4   Code   RO         3500    i.HAL_RCC_GetSysClockFreq  stm32h7xx_hal_rcc.o
    0x080036d8   0x080036d8   0x00000594   Code   RO         3503    i.HAL_RCC_OscConfig  stm32h7xx_hal_rcc.o
    0x08003c6c   0x08003c6c   0x00000014   Code   RO          208    i.HAL_SYSCFG_ETHInterfaceSelect  stm32h7xx_hal.o
    0x08003c80   0x08003c80   0x00000070   Code   RO         5059    i.HAL_UART_Init     stm32h7xx_hal_uart.o
    0x08003cf0   0x08003cf0   0x00000002   Code   RO         5061    i.HAL_UART_MspInit  stm32h7xx_hal_uart.o
    0x08003cf2   0x08003cf2   0x000000c8   Code   RO         5068    i.HAL_UART_Transmit  stm32h7xx_hal_uart.o
    0x08003dba   0x08003dba   0x00000002   Code   RO         6077    i.HardFault_Handler  stm32h7xx_it.o
    0x08003dbc   0x08003dbc   0x00000018   Code   RO         6359    i.LAN8720_GetLinkState  lan8720a.o
    0x08003dd4   0x08003dd4   0x00000062   Code   RO         6360    i.LAN8720_Init      lan8720a.o
    0x08003e36   0x08003e36   0x00000002   PAD
    0x08003e38   0x08003e38   0x000000b8   Code   RO         6154    i.LED_GPIO_Config   bsp_led.o
    0x08003ef0   0x08003ef0   0x00000084   Code   RO         6308    i.MPU_Config        board.o
    0x08003f74   0x08003f74   0x00000002   Code   RO         6078    i.MemManage_Handler  stm32h7xx_it.o
    0x08003f76   0x08003f76   0x00000002   Code   RO         6079    i.NMI_Handler       stm32h7xx_it.o
    0x08003f78   0x08003f78   0x00000124   Code   RO         3615    i.RCCEx_PLL2_Config  stm32h7xx_hal_rcc_ex.o
    0x0800409c   0x0800409c   0x00000124   Code   RO         3616    i.RCCEx_PLL3_Config  stm32h7xx_hal_rcc_ex.o
    0x080041c0   0x080041c0   0x00000024   Code   RO        10871    i.SCB_InvalidateDCache_by_Addr  ethernetif.o
    0x080041e4   0x080041e4   0x0000002e   Code   RO         6080    i.SysTick_Handler   stm32h7xx_it.o
    0x08004212   0x08004212   0x00000002   PAD
    0x08004214   0x08004214   0x000000ac   Code   RO         6309    i.SystemClock_Config  board.o
    0x080042c0   0x080042c0   0x00000098   Code   RO           14    i.SystemInit        system_stm32h7xx.o
    0x08004358   0x08004358   0x000000a4   Code   RO        10951    i.TCPIP_Init        sys_arch.o
    0x080043fc   0x080043fc   0x0000001c   Code   RO         5917    i.Test1_Task        main.o
    0x08004418   0x08004418   0x0000000c   Code   RO         5918    i.Test2_Task        main.o
    0x08004424   0x08004424   0x000000c8   Code   RO         5073    i.UART_AdvFeatureConfig  stm32h7xx_hal_uart.o
    0x080044ec   0x080044ec   0x0000005e   Code   RO         5074    i.UART_CheckIdleState  stm32h7xx_hal_uart.o
    0x0800454a   0x0800454a   0x00000002   PAD
    0x0800454c   0x0800454c   0x00001540   Code   RO         5092    i.UART_SetConfig    stm32h7xx_hal_uart.o
    0x08005a8c   0x08005a8c   0x000000a8   Code   RO         5097    i.UART_WaitOnFlagUntilTimeout  stm32h7xx_hal_uart.o
    0x08005b34   0x08005b34   0x00000002   Code   RO         6081    i.UsageFault_Handler  stm32h7xx_it.o
    0x08005b36   0x08005b36   0x00000002   PAD
    0x08005b38   0x08005b38   0x00000020   Code   RO        11436    i.__0printf         mc_w.l(printfa.o)
    0x08005b58   0x08005b58   0x00000020   Code   RO          597    i.__NVIC_SetPriority  stm32h7xx_hal_cortex.o
    0x08005b78   0x08005b78   0x00000008   Code   RO        11519    i.__aeabi_errno_addr  mc_w.l(errno.o)
    0x08005b80   0x08005b80   0x0000000e   Code   RO        11553    i.__scatterload_copy  mc_w.l(handlers.o)
    0x08005b8e   0x08005b8e   0x00000002   Code   RO        11554    i.__scatterload_null  mc_w.l(handlers.o)
    0x08005b90   0x08005b90   0x0000000e   Code   RO        11555    i.__scatterload_zeroinit  mc_w.l(handlers.o)
    0x08005b9e   0x08005b9e   0x00000002   PAD
    0x08005ba0   0x08005ba0   0x00000184   Code   RO        11443    i._fp_digits        mc_w.l(printfa.o)
    0x08005d24   0x08005d24   0x000006dc   Code   RO        11444    i._printf_core      mc_w.l(printfa.o)
    0x08006400   0x08006400   0x00000024   Code   RO        11445    i._printf_post_padding  mc_w.l(printfa.o)
    0x08006424   0x08006424   0x0000002e   Code   RO        11446    i._printf_pre_padding  mc_w.l(printfa.o)
    0x08006452   0x08006452   0x00000002   PAD
    0x08006454   0x08006454   0x00000124   Code   RO         7626    i.accept_function   api_msg.o
    0x08006578   0x08006578   0x00000090   Code   RO         8031    i.alloc_socket      sockets.o
    0x08006608   0x08006608   0x00000048   Code   RO         8886    i.do_memp_free_pool  memp.o
    0x08006650   0x08006650   0x00000058   Code   RO         8887    i.do_memp_malloc_pool  memp.o
    0x080066a8   0x080066a8   0x00000150   Code   RO         7627    i.err_tcp           api_msg.o
    0x080067f8   0x080067f8   0x0000001c   Code   RO         7828    i.err_to_errno      err.o
    0x08006814   0x08006814   0x0000002c   Code   RO        10317    i.etharp_cleanup_netif  etharp.o
    0x08006840   0x08006840   0x000001e0   Code   RO        10319    i.etharp_find_entry  etharp.o
    0x08006a20   0x08006a20   0x00000028   Code   RO        10320    i.etharp_free_entry  etharp.o
    0x08006a48   0x08006a48   0x000000b0   Code   RO        10322    i.etharp_input      etharp.o
    0x08006af8   0x08006af8   0x00000144   Code   RO        10323    i.etharp_output     etharp.o
    0x08006c3c   0x08006c3c   0x000000b0   Code   RO        10324    i.etharp_output_to_arp_index  etharp.o
    0x08006cec   0x08006cec   0x00000180   Code   RO        10325    i.etharp_query      etharp.o
    0x08006e6c   0x08006e6c   0x000000fc   Code   RO        10326    i.etharp_raw        etharp.o
    0x08006f68   0x08006f68   0x0000000c   Code   RO        10327    i.etharp_request    etharp.o
    0x08006f74   0x08006f74   0x00000020   Code   RO        10328    i.etharp_request_dst  etharp.o
    0x08006f94   0x08006f94   0x00000060   Code   RO        10329    i.etharp_tmr        etharp.o
    0x08006ff4   0x08006ff4   0x000000b4   Code   RO        10330    i.etharp_update_arp_entry  etharp.o
    0x080070a8   0x080070a8   0x000000a8   Code   RO        10707    i.ethernet_input    ethernet.o
    0x08007150   0x08007150   0x000000a8   Code   RO        10872    i.ethernet_link_check_state  ethernetif.o
    0x080071f8   0x080071f8   0x0000008c   Code   RO        10708    i.ethernet_output   ethernet.o
    0x08007284   0x08007284   0x00000058   Code   RO        10873    i.ethernetif_init   ethernetif.o
    0x080072dc   0x080072dc   0x00000064   Code   RO        10874    i.ethernetif_input  ethernetif.o
    0x08007340   0x08007340   0x000000e4   Code   RO         8032    i.event_callback    sockets.o
    0x08007424   0x08007424   0x00000018   Code   RO         6181    i.fputc             bsp_debug_usart.o
    0x0800743c   0x0800743c   0x00000050   Code   RO        11464    i.free              mc_w.l(malloc.o)
    0x0800748c   0x0800748c   0x00000030   Code   RO         8033    i.free_socket       sockets.o
    0x080074bc   0x080074bc   0x00000028   Code   RO         8034    i.free_socket_free_elements  sockets.o
    0x080074e4   0x080074e4   0x00000012   Code   RO         8035    i.free_socket_locked  sockets.o
    0x080074f6   0x080074f6   0x00000002   PAD
    0x080074f8   0x080074f8   0x00000018   Code   RO         8036    i.get_socket        sockets.o
    0x08007510   0x08007510   0x00000008   Code   RO        10426    i.icmp_dest_unreach  icmp.o
    0x08007518   0x08007518   0x000001b4   Code   RO        10427    i.icmp_input        icmp.o
    0x080076cc   0x080076cc   0x000000a8   Code   RO        10428    i.icmp_send_response  icmp.o
    0x08007774   0x08007774   0x00000008   Code   RO        10429    i.icmp_time_exceeded  icmp.o
    0x0800777c   0x0800777c   0x0000004a   Code   RO         8649    i.inet_chksum_pbuf  inet_chksum.o
    0x080077c6   0x080077c6   0x00000040   Code   RO        10557    i.ip4_addr_isbroadcast_u32  ip4_addr.o
    0x08007806   0x08007806   0x00000002   PAD
    0x08007808   0x08007808   0x000001f8   Code   RO        10626    i.ip4_frag          ip4_frag.o
    0x08007a00   0x08007a00   0x00000198   Code   RO        10488    i.ip4_input         ip4.o
    0x08007b98   0x08007b98   0x0000002c   Code   RO        10489    i.ip4_input_accept  ip4.o
    0x08007bc4   0x08007bc4   0x00000022   Code   RO        10491    i.ip4_output_if     ip4.o
    0x08007be6   0x08007be6   0x00000002   PAD
    0x08007be8   0x08007be8   0x00000110   Code   RO        10492    i.ip4_output_if_src  ip4.o
    0x08007cf8   0x08007cf8   0x000001e0   Code   RO        10627    i.ip4_reass         ip4_frag.o
    0x08007ed8   0x08007ed8   0x00000060   Code   RO        10493    i.ip4_route         ip4.o
    0x08007f38   0x08007f38   0x0000000c   Code   RO        10560    i.ip4addr_ntoa      ip4_addr.o
    0x08007f44   0x08007f44   0x00000086   Code   RO        10561    i.ip4addr_ntoa_r    ip4_addr.o
    0x08007fca   0x08007fca   0x00000006   Code   RO        10628    i.ip_frag_alloc_pbuf_custom_ref  ip4_frag.o
    0x08007fd0   0x08007fd0   0x00000028   Code   RO        10629    i.ip_frag_free_pbuf_custom_ref  ip4_frag.o
    0x08007ff8   0x08007ff8   0x000001dc   Code   RO        10630    i.ip_reass_chain_frag_into_datagram_and_validate  ip4_frag.o
    0x080081d4   0x080081d4   0x0000004c   Code   RO        10631    i.ip_reass_dequeue_datagram  ip4_frag.o
    0x08008220   0x08008220   0x00000054   Code   RO        10632    i.ip_reass_enqueue_new_datagram  ip4_frag.o
    0x08008274   0x08008274   0x00000118   Code   RO        10633    i.ip_reass_free_complete_datagram  ip4_frag.o
    0x0800838c   0x0800838c   0x00000088   Code   RO        10634    i.ip_reass_remove_oldest_datagram  ip4_frag.o
    0x08008414   0x08008414   0x0000002c   Code   RO        10635    i.ip_reass_tmr      ip4_frag.o
    0x08008440   0x08008440   0x000001e4   Code   RO         6427    i.iperf_server      iperf.o
    0x08008624   0x08008624   0x0000002c   Code   RO        10636    i.ipfrag_free_pbuf_custom  ip4_frag.o
    0x08008650   0x08008650   0x00000120   Code   RO        10875    i.low_level_init    ethernetif.o
    0x08008770   0x08008770   0x00000060   Code   RO        10876    i.low_level_input   ethernetif.o
    0x080087d0   0x080087d0   0x000000a0   Code   RO        10877    i.low_level_output  ethernetif.o
    0x08008870   0x08008870   0x00000174   Code   RO         8037    i.lwip_accept       sockets.o
    0x080089e4   0x080089e4   0x0000008c   Code   RO         8038    i.lwip_bind         sockets.o
    0x08008a70   0x08008a70   0x00000070   Code   RO         8039    i.lwip_close        sockets.o
    0x08008ae0   0x08008ae0   0x00000040   Code   RO        10055    i.lwip_cyclic_timer  timeouts.o
    0x08008b20   0x08008b20   0x00000018   Code   RO         8576    i.lwip_htonl        def.o
    0x08008b38   0x08008b38   0x0000000a   Code   RO         8577    i.lwip_htons        def.o
    0x08008b42   0x08008b42   0x00000022   Code   RO         8721    i.lwip_init         init.o
    0x08008b64   0x08008b64   0x00000028   Code   RO         8050    i.lwip_link_select_cb  sockets.o
    0x08008b8c   0x08008b8c   0x00000058   Code   RO         8051    i.lwip_listen       sockets.o
    0x08008be4   0x08008be4   0x00000038   Code   RO         7628    i.lwip_netconn_do_bind  api_msg.o
    0x08008c1c   0x08008c1c   0x000000c8   Code   RO         7630    i.lwip_netconn_do_close  api_msg.o
    0x08008ce4   0x08008ce4   0x0000027c   Code   RO         7631    i.lwip_netconn_do_close_internal  api_msg.o
    0x08008f60   0x08008f60   0x00000154   Code   RO         7634    i.lwip_netconn_do_delconn  api_msg.o
    0x080090b4   0x080090b4   0x000000a0   Code   RO         7636    i.lwip_netconn_do_getaddr  api_msg.o
    0x08009154   0x08009154   0x000000b8   Code   RO         7637    i.lwip_netconn_do_listen  api_msg.o
    0x0800920c   0x0800920c   0x00000012   Code   RO         7638    i.lwip_netconn_do_newconn  api_msg.o
    0x0800921e   0x0800921e   0x00000046   Code   RO         7639    i.lwip_netconn_do_recv  api_msg.o
    0x08009264   0x08009264   0x00000304   Code   RO         7642    i.lwip_netconn_do_writemore  api_msg.o
    0x08009568   0x08009568   0x00000044   Code   RO         7643    i.lwip_netconn_err_to_msg  api_msg.o
    0x080095ac   0x080095ac   0x00000054   Code   RO         7644    i.lwip_netconn_is_err_msg  api_msg.o
    0x08009600   0x08009600   0x00000044   Code   RO         8053    i.lwip_poll_should_wake  sockets.o
    0x08009644   0x08009644   0x0000000e   Code   RO         8057    i.lwip_recv         sockets.o
    0x08009652   0x08009652   0x00000002   PAD
    0x08009654   0x08009654   0x00000188   Code   RO         8058    i.lwip_recv_tcp     sockets.o
    0x080097dc   0x080097dc   0x00000036   Code   RO         8059    i.lwip_recv_tcp_from  sockets.o
    0x08009812   0x08009812   0x00000002   PAD
    0x08009814   0x08009814   0x000000d8   Code   RO         8060    i.lwip_recvfrom     sockets.o
    0x080098ec   0x080098ec   0x00000118   Code   RO         8061    i.lwip_recvfrom_udp_raw  sockets.o
    0x08009a04   0x08009a04   0x000002d0   Code   RO         8063    i.lwip_select       sockets.o
    0x08009cd4   0x08009cd4   0x0000016c   Code   RO         8064    i.lwip_selscan      sockets.o
    0x08009e40   0x08009e40   0x00000068   Code   RO         8068    i.lwip_setsockopt   sockets.o
    0x08009ea8   0x08009ea8   0x00000200   Code   RO         8069    i.lwip_setsockopt_impl  sockets.o
    0x0800a0a8   0x0800a0a8   0x000000a4   Code   RO         8071    i.lwip_sock_make_addr  sockets.o
    0x0800a14c   0x0800a14c   0x0000007c   Code   RO         8072    i.lwip_socket       sockets.o
    0x0800a1c8   0x0800a1c8   0x0000003c   Code   RO         8076    i.lwip_sockopt_to_ipopt  sockets.o
    0x0800a204   0x0800a204   0x00000056   Code   RO         8656    i.lwip_standard_chksum  inet_chksum.o
    0x0800a25a   0x0800a25a   0x00000002   PAD
    0x0800a25c   0x0800a25c   0x0000007c   Code   RO         8077    i.lwip_unlink_select_cb  sockets.o
    0x0800a2d8   0x0800a2d8   0x00000044   Code   RO         5919    i.main              main.o
    0x0800a31c   0x0800a31c   0x0000014c   Code   RO         8815    i.mem_free          mem.o
    0x0800a468   0x0800a468   0x00000068   Code   RO         8816    i.mem_init          mem.o
    0x0800a4d0   0x0800a4d0   0x00000050   Code   RO         8817    i.mem_link_valid    mem.o
    0x0800a520   0x0800a520   0x000001e0   Code   RO         8818    i.mem_malloc        mem.o
    0x0800a700   0x0800a700   0x00000010   Code   RO         8819    i.mem_to_ptr        mem.o
    0x0800a710   0x0800a710   0x0000018c   Code   RO         8820    i.mem_trim          mem.o
    0x0800a89c   0x0800a89c   0x0000003c   Code   RO         8888    i.memp_free         memp.o
    0x0800a8d8   0x0800a8d8   0x0000003c   Code   RO         8889    i.memp_free_pool    memp.o
    0x0800a914   0x0800a914   0x0000001c   Code   RO         8890    i.memp_init         memp.o
    0x0800a930   0x0800a930   0x0000002a   Code   RO         8891    i.memp_init_pool    memp.o
    0x0800a95a   0x0800a95a   0x00000002   PAD
    0x0800a95c   0x0800a95c   0x00000044   Code   RO         8892    i.memp_malloc       memp.o
    0x0800a9a0   0x0800a9a0   0x00000034   Code   RO         8893    i.memp_malloc_pool  memp.o
    0x0800a9d4   0x0800a9d4   0x00000024   Code   RO         7910    i.netbuf_delete     netbuf.o
    0x0800a9f8   0x0800a9f8   0x000000d8   Code   RO         7352    i.netconn_accept    api_lib.o
    0x0800aad0   0x0800aad0   0x000000a8   Code   RO         7645    i.netconn_alloc     api_msg.o
    0x0800ab78   0x0800ab78   0x00000018   Code   RO         7353    i.netconn_apimsg    api_lib.o
    0x0800ab90   0x0800ab90   0x00000054   Code   RO         7354    i.netconn_bind      api_lib.o
    0x0800abe4   0x0800abe4   0x0000004c   Code   RO         7357    i.netconn_close_shutdown  api_lib.o
    0x0800ac30   0x0800ac30   0x00000022   Code   RO         7359    i.netconn_delete    api_lib.o
    0x0800ac52   0x0800ac52   0x0000009a   Code   RO         7646    i.netconn_drain     api_msg.o
    0x0800acec   0x0800acec   0x00000020   Code   RO         7361    i.netconn_err       api_lib.o
    0x0800ad0c   0x0800ad0c   0x000000f4   Code   RO         7647    i.netconn_free      api_msg.o
    0x0800ae00   0x0800ae00   0x000000a8   Code   RO         7362    i.netconn_getaddr   api_lib.o
    0x0800aea8   0x0800aea8   0x00000048   Code   RO         7363    i.netconn_listen_with_backlog  api_lib.o
    0x0800aef0   0x0800aef0   0x00000100   Code   RO         7364    i.netconn_new_with_proto_and_callback  api_lib.o
    0x0800aff0   0x0800aff0   0x00000028   Code   RO         7365    i.netconn_prepare_delete  api_lib.o
    0x0800b018   0x0800b018   0x00000124   Code   RO         7367    i.netconn_recv_data  api_lib.o
    0x0800b13c   0x0800b13c   0x00000098   Code   RO         7368    i.netconn_recv_data_tcp  api_lib.o
    0x0800b1d4   0x0800b1d4   0x00000048   Code   RO         7370    i.netconn_recv_tcp_pbuf_flags  api_lib.o
    0x0800b21c   0x0800b21c   0x00000050   Code   RO         7372    i.netconn_recv_udp_raw_netbuf_flags  api_lib.o
    0x0800b26c   0x0800b26c   0x0000004c   Code   RO         7376    i.netconn_tcp_recvd  api_lib.o
    0x0800b2b8   0x0800b2b8   0x00000058   Code   RO         7377    i.netconn_tcp_recvd_msg  api_lib.o
    0x0800b310   0x0800b310   0x00000164   Code   RO         9025    i.netif_add         netif.o
    0x0800b474   0x0800b474   0x0000001a   Code   RO         9027    i.netif_do_ip_addr_changed  netif.o
    0x0800b48e   0x0800b48e   0x00000016   Code   RO         9028    i.netif_do_set_gw   netif.o
    0x0800b4a4   0x0800b4a4   0x00000058   Code   RO         9029    i.netif_do_set_ipaddr  netif.o
    0x0800b4fc   0x0800b4fc   0x00000016   Code   RO         9030    i.netif_do_set_netmask  netif.o
    0x0800b512   0x0800b512   0x00000002   PAD
    0x0800b514   0x0800b514   0x00000044   Code   RO         9031    i.netif_find        netif.o
    0x0800b558   0x0800b558   0x00000028   Code   RO         9032    i.netif_get_by_index  netif.o
    0x0800b580   0x0800b580   0x00000002   Code   RO         9034    i.netif_init        netif.o
    0x0800b582   0x0800b582   0x00000002   PAD
    0x0800b584   0x0800b584   0x0000005c   Code   RO         9036    i.netif_issue_reports  netif.o
    0x0800b5e0   0x0800b5e0   0x00000006   Code   RO         9038    i.netif_null_output_ip4  netif.o
    0x0800b5e6   0x0800b5e6   0x00000002   PAD
    0x0800b5e8   0x0800b5e8   0x00000064   Code   RO         9040    i.netif_set_addr    netif.o
    0x0800b64c   0x0800b64c   0x0000000c   Code   RO         9041    i.netif_set_default  netif.o
    0x0800b658   0x0800b658   0x00000044   Code   RO         9042    i.netif_set_down    netif.o
    0x0800b69c   0x0800b69c   0x00000040   Code   RO         9045    i.netif_set_link_down  netif.o
    0x0800b6dc   0x0800b6dc   0x00000048   Code   RO         9046    i.netif_set_link_up  netif.o
    0x0800b724   0x0800b724   0x00000040   Code   RO         9048    i.netif_set_up      netif.o
    0x0800b764   0x0800b764   0x00000006   Code   RO         9204    i.pbuf_add_header   pbuf.o
    0x0800b76a   0x0800b76a   0x00000002   PAD
    0x0800b76c   0x0800b76c   0x00000070   Code   RO         9206    i.pbuf_add_header_impl  pbuf.o
    0x0800b7dc   0x0800b7dc   0x000001c4   Code   RO         9207    i.pbuf_alloc        pbuf.o
    0x0800b9a0   0x0800b9a0   0x00000054   Code   RO         9208    i.pbuf_alloc_reference  pbuf.o
    0x0800b9f4   0x0800b9f4   0x00000036   Code   RO         9209    i.pbuf_alloced_custom  pbuf.o
    0x0800ba2a   0x0800ba2a   0x00000002   PAD
    0x0800ba2c   0x0800ba2c   0x000000c4   Code   RO         9210    i.pbuf_cat          pbuf.o
    0x0800baf0   0x0800baf0   0x00000012   Code   RO         9212    i.pbuf_clen         pbuf.o
    0x0800bb02   0x0800bb02   0x00000002   PAD
    0x0800bb04   0x0800bb04   0x00000040   Code   RO         9213    i.pbuf_clone        pbuf.o
    0x0800bb44   0x0800bb44   0x00000164   Code   RO         9215    i.pbuf_copy         pbuf.o
    0x0800bca8   0x0800bca8   0x000000bc   Code   RO         9216    i.pbuf_copy_partial  pbuf.o
    0x0800bd64   0x0800bd64   0x000000f4   Code   RO         9218    i.pbuf_free         pbuf.o
    0x0800be58   0x0800be58   0x0000001c   Code   RO        10878    i.pbuf_free_custom  ethernetif.o
    0x0800be74   0x0800be74   0x00000034   Code   RO         9219    i.pbuf_free_header  pbuf.o
    0x0800bea8   0x0800bea8   0x00000006   Code   RO         9223    i.pbuf_header_force  pbuf.o
    0x0800beae   0x0800beae   0x0000000e   Code   RO         9224    i.pbuf_header_impl  pbuf.o
    0x0800bebc   0x0800bebc   0x0000001c   Code   RO         9225    i.pbuf_init_alloced_pbuf  pbuf.o
    0x0800bed8   0x0800bed8   0x000000c0   Code   RO         9229    i.pbuf_realloc      pbuf.o
    0x0800bf98   0x0800bf98   0x0000003c   Code   RO         9230    i.pbuf_ref          pbuf.o
    0x0800bfd4   0x0800bfd4   0x00000074   Code   RO         9231    i.pbuf_remove_header  pbuf.o
    0x0800c048   0x0800c048   0x00000094   Code   RO         7648    i.pcb_new           api_msg.o
    0x0800c0dc   0x0800c0dc   0x00000128   Code   RO         8821    i.plug_holes        mem.o
    0x0800c204   0x0800c204   0x0000007c   Code   RO         7649    i.poll_tcp          api_msg.o
    0x0800c280   0x0800c280   0x00000070   Code   RO         6864    i.prvAddCurrentTaskToDelayedList  tasks.o
    0x0800c2f0   0x0800c2f0   0x00000088   Code   RO         6865    i.prvAddNewTaskToReadyList  tasks.o
    0x0800c378   0x0800c378   0x00000054   Code   RO         6866    i.prvCheckTasksWaitingTermination  tasks.o
    0x0800c3cc   0x0800c3cc   0x00000028   Code   RO         6678    i.prvCopyDataFromQueue  queue.o
    0x0800c3f4   0x0800c3f4   0x0000006e   Code   RO         6679    i.prvCopyDataToQueue  queue.o
    0x0800c462   0x0800c462   0x00000014   Code   RO         6867    i.prvDeleteTCB      tasks.o
    0x0800c476   0x0800c476   0x00000002   PAD
    0x0800c478   0x0800c478   0x0000004c   Code   RO         7202    i.prvHeapInit       heap_4.o
    0x0800c4c4   0x0800c4c4   0x00000028   Code   RO         6868    i.prvIdleTask       tasks.o
    0x0800c4ec   0x0800c4ec   0x00000018   Code   RO         6680    i.prvInitialiseMutex  queue.o
    0x0800c504   0x0800c504   0x00000018   Code   RO         6681    i.prvInitialiseNewQueue  queue.o
    0x0800c51c   0x0800c51c   0x000000b8   Code   RO         6869    i.prvInitialiseNewTask  tasks.o
    0x0800c5d4   0x0800c5d4   0x00000058   Code   RO         6870    i.prvInitialiseTaskLists  tasks.o
    0x0800c62c   0x0800c62c   0x00000054   Code   RO         7203    i.prvInsertBlockIntoFreeList  heap_4.o
    0x0800c680   0x0800c680   0x0000001a   Code   RO         6682    i.prvIsQueueEmpty   queue.o
    0x0800c69a   0x0800c69a   0x0000001e   Code   RO         6683    i.prvIsQueueFull    queue.o
    0x0800c6b8   0x0800c6b8   0x00000024   Code   RO         6871    i.prvResetNextTaskUnblockTime  tasks.o
    0x0800c6dc   0x0800c6dc   0x0000006c   Code   RO         7264    i.prvTaskExitError  port.o
    0x0800c748   0x0800c748   0x0000006a   Code   RO         6684    i.prvUnlockQueue    queue.o
    0x0800c7b2   0x0800c7b2   0x00000002   PAD
    0x0800c7b4   0x0800c7b4   0x0000000c   Code   RO         8822    i.ptr_to_mem        mem.o
    0x0800c7c0   0x0800c7c0   0x0000010c   Code   RO         7204    i.pvPortMalloc      heap_4.o
    0x0800c8cc   0x0800c8cc   0x00000018   Code   RO         6873    i.pvTaskIncrementMutexHeldCount  tasks.o
    0x0800c8e4   0x0800c8e4   0x00000024   Code   RO         7265    i.pxPortInitialiseStack  port.o
    0x0800c908   0x0800c908   0x00000108   Code   RO         7650    i.recv_tcp          api_msg.o
    0x0800ca10   0x0800ca10   0x00000108   Code   RO         7651    i.recv_udp          api_msg.o
    0x0800cb18   0x0800cb18   0x000000a4   Code   RO         8080    i.select_check_waiters  sockets.o
    0x0800cbbc   0x0800cbbc   0x00000070   Code   RO         7652    i.sent_tcp          api_msg.o
    0x0800cc2c   0x0800cc2c   0x00000044   Code   RO         7653    i.setup_tcp         api_msg.o
    0x0800cc70   0x0800cc70   0x00000042   Code   RO        10952    i.sys_arch_mbox_fetch  sys_arch.o
    0x0800ccb2   0x0800ccb2   0x00000020   Code   RO        10953    i.sys_arch_mbox_tryfetch  sys_arch.o
    0x0800ccd2   0x0800ccd2   0x0000000a   Code   RO        10954    i.sys_arch_protect  sys_arch.o
    0x0800ccdc   0x0800ccdc   0x00000040   Code   RO        10955    i.sys_arch_sem_wait  sys_arch.o
    0x0800cd1c   0x0800cd1c   0x00000004   Code   RO        10957    i.sys_arch_unprotect  sys_arch.o
    0x0800cd20   0x0800cd20   0x00000044   Code   RO        10056    i.sys_check_timeouts  timeouts.o
    0x0800cd64   0x0800cd64   0x00000024   Code   RO        10958    i.sys_init          sys_arch.o
    0x0800cd88   0x0800cd88   0x00000014   Code   RO        10960    i.sys_mbox_free     sys_arch.o
    0x0800cd9c   0x0800cd9c   0x0000001c   Code   RO        10961    i.sys_mbox_new      sys_arch.o
    0x0800cdb8   0x0800cdb8   0x00000006   Code   RO        10963    i.sys_mbox_set_invalid  sys_arch.o
    0x0800cdbe   0x0800cdbe   0x0000001c   Code   RO        10964    i.sys_mbox_trypost  sys_arch.o
    0x0800cdda   0x0800cdda   0x0000000e   Code   RO        10966    i.sys_mbox_valid    sys_arch.o
    0x0800cde8   0x0800cde8   0x0000000c   Code   RO        10968    i.sys_mutex_lock    sys_arch.o
    0x0800cdf4   0x0800cdf4   0x0000003c   Code   RO        10969    i.sys_mutex_new     sys_arch.o
    0x0800ce30   0x0800ce30   0x0000000c   Code   RO        10971    i.sys_mutex_unlock  sys_arch.o
    0x0800ce3c   0x0800ce3c   0x00000010   Code   RO        10972    i.sys_now           sys_arch.o
    0x0800ce4c   0x0800ce4c   0x00000010   Code   RO        10973    i.sys_sem_free      sys_arch.o
    0x0800ce5c   0x0800ce5c   0x0000005c   Code   RO        10974    i.sys_sem_new       sys_arch.o
    0x0800ceb8   0x0800ceb8   0x00000006   Code   RO        10975    i.sys_sem_set_invalid  sys_arch.o
    0x0800cebe   0x0800cebe   0x00000002   PAD
    0x0800cec0   0x0800cec0   0x00000040   Code   RO        10976    i.sys_sem_signal    sys_arch.o
    0x0800cf00   0x0800cf00   0x0000000e   Code   RO        10977    i.sys_sem_valid     sys_arch.o
    0x0800cf0e   0x0800cf0e   0x00000002   PAD
    0x0800cf10   0x0800cf10   0x0000005c   Code   RO        10978    i.sys_thread_new    sys_arch.o
    0x0800cf6c   0x0800cf6c   0x00000060   Code   RO        10058    i.sys_timeout       timeouts.o
    0x0800cfcc   0x0800cfcc   0x000000a0   Code   RO        10059    i.sys_timeout_abs   timeouts.o
    0x0800d06c   0x0800d06c   0x00000024   Code   RO        10060    i.sys_timeouts_init  timeouts.o
    0x0800d090   0x0800d090   0x00000028   Code   RO        10061    i.sys_timeouts_sleeptime  timeouts.o
    0x0800d0b8   0x0800d0b8   0x0000013c   Code   RO         9486    i.tcp_abandon       tcp.o
    0x0800d1f4   0x0800d1f4   0x00000006   Code   RO         9487    i.tcp_abort         tcp.o
    0x0800d1fa   0x0800d1fa   0x0000000e   Code   RO         9488    i.tcp_accept        tcp.o
    0x0800d208   0x0800d208   0x0000003c   Code   RO         9489    i.tcp_accept_null   tcp.o
    0x0800d244   0x0800d244   0x000000ac   Code   RO         9490    i.tcp_alloc         tcp.o
    0x0800d2f0   0x0800d2f0   0x00000008   Code   RO         9491    i.tcp_arg           tcp.o
    0x0800d2f8   0x0800d2f8   0x000000e0   Code   RO         9492    i.tcp_bind          tcp.o
    0x0800d3d8   0x0800d3d8   0x00000014   Code   RO         9493    i.tcp_bind_netif    tcp.o
    0x0800d3ec   0x0800d3ec   0x00000044   Code   RO         9494    i.tcp_close         tcp.o
    0x0800d430   0x0800d430   0x00000150   Code   RO         9495    i.tcp_close_shutdown  tcp.o
    0x0800d580   0x0800d580   0x00000078   Code   RO         9496    i.tcp_close_shutdown_fin  tcp.o
    0x0800d5f8   0x0800d5f8   0x0000011c   Code   RO         9895    i.tcp_create_segment  tcp_out.o
    0x0800d714   0x0800d714   0x0000005c   Code   RO         9499    i.tcp_eff_send_mss_netif  tcp.o
    0x0800d770   0x0800d770   0x000001bc   Code   RO         9896    i.tcp_enqueue_flags  tcp_out.o
    0x0800d92c   0x0800d92c   0x00000044   Code   RO         9500    i.tcp_err           tcp.o
    0x0800d970   0x0800d970   0x0000006c   Code   RO         9501    i.tcp_fasttmr       tcp.o
    0x0800d9dc   0x0800d9dc   0x00000030   Code   RO         9502    i.tcp_free          tcp.o
    0x0800da0c   0x0800da0c   0x000000d8   Code   RO         9811    i.tcp_free_acked_segments  tcp_in.o
    0x0800dae4   0x0800dae4   0x00000038   Code   RO         9503    i.tcp_free_listen   tcp.o
    0x0800db1c   0x0800db1c   0x00000028   Code   RO         9812    i.tcp_get_next_optbyte  tcp_in.o
    0x0800db44   0x0800db44   0x00000028   Code   RO         9504    i.tcp_handle_closepend  tcp.o
    0x0800db6c   0x0800db6c   0x00000002   Code   RO         9505    i.tcp_init          tcp.o
    0x0800db6e   0x0800db6e   0x00000002   PAD
    0x0800db70   0x0800db70   0x000005fc   Code   RO         9813    i.tcp_input         tcp_in.o
    0x0800e16c   0x0800e16c   0x00000070   Code   RO         9814    i.tcp_input_delayed_close  tcp_in.o
    0x0800e1dc   0x0800e1dc   0x00000068   Code   RO         9897    i.tcp_keepalive     tcp_out.o
    0x0800e244   0x0800e244   0x00000050   Code   RO         9506    i.tcp_kill_prio     tcp.o
    0x0800e294   0x0800e294   0x0000005c   Code   RO         9507    i.tcp_kill_state    tcp.o
    0x0800e2f0   0x0800e2f0   0x00000034   Code   RO         9508    i.tcp_kill_timewait  tcp.o
    0x0800e324   0x0800e324   0x0000005c   Code   RO         9509    i.tcp_listen_closed  tcp.o
    0x0800e380   0x0800e380   0x00000134   Code   RO         9815    i.tcp_listen_input  tcp_in.o
    0x0800e4b4   0x0800e4b4   0x00000118   Code   RO         9511    i.tcp_listen_with_backlog_and_err  tcp.o
    0x0800e5cc   0x0800e5cc   0x0000004c   Code   RO         9512    i.tcp_netif_ip_addr_changed  tcp.o
    0x0800e618   0x0800e618   0x00000064   Code   RO         9513    i.tcp_netif_ip_addr_changed_pcblist  tcp.o
    0x0800e67c   0x0800e67c   0x00000006   Code   RO         9515    i.tcp_new_ip_type   tcp.o
    0x0800e682   0x0800e682   0x00000002   PAD
    0x0800e684   0x0800e684   0x00000058   Code   RO         9516    i.tcp_new_port      tcp.o
    0x0800e6dc   0x0800e6dc   0x00000038   Code   RO         9517    i.tcp_next_iss      tcp.o
    0x0800e714   0x0800e714   0x00000284   Code   RO         9898    i.tcp_output        tcp_out.o
    0x0800e998   0x0800e998   0x0000006c   Code   RO         9899    i.tcp_output_alloc_header  tcp_out.o
    0x0800ea04   0x0800ea04   0x000000b0   Code   RO         9900    i.tcp_output_alloc_header_common  tcp_out.o
    0x0800eab4   0x0800eab4   0x0000007c   Code   RO         9901    i.tcp_output_control_segment  tcp_out.o
    0x0800eb30   0x0800eb30   0x00000070   Code   RO         9902    i.tcp_output_fill_options  tcp_out.o
    0x0800eba0   0x0800eba0   0x00000164   Code   RO         9903    i.tcp_output_segment  tcp_out.o
    0x0800ed04   0x0800ed04   0x00000048   Code   RO         9904    i.tcp_output_segment_busy  tcp_out.o
    0x0800ed4c   0x0800ed4c   0x00000098   Code   RO         9816    i.tcp_parseopt      tcp_in.o
    0x0800ede4   0x0800ede4   0x000000e0   Code   RO         9905    i.tcp_pbuf_prealloc  tcp_out.o
    0x0800eec4   0x0800eec4   0x00000064   Code   RO         9518    i.tcp_pcb_purge     tcp.o
    0x0800ef28   0x0800ef28   0x000000ec   Code   RO         9519    i.tcp_pcb_remove    tcp.o
    0x0800f014   0x0800f014   0x00000064   Code   RO         9520    i.tcp_poll          tcp.o
    0x0800f078   0x0800f078   0x0000050a   Code   RO         9817    i.tcp_process       tcp_in.o
    0x0800f582   0x0800f582   0x00000002   PAD
    0x0800f584   0x0800f584   0x000000ac   Code   RO         9521    i.tcp_process_refused_data  tcp.o
    0x0800f630   0x0800f630   0x00000570   Code   RO         9818    i.tcp_receive       tcp_in.o
    0x0800fba0   0x0800fba0   0x00000044   Code   RO         9522    i.tcp_recv          tcp.o
    0x0800fbe4   0x0800fbe4   0x00000050   Code   RO         9523    i.tcp_recv_null     tcp.o
    0x0800fc34   0x0800fc34   0x0000009c   Code   RO         9524    i.tcp_recved        tcp.o
    0x0800fcd0   0x0800fcd0   0x0000004c   Code   RO         9525    i.tcp_remove_listener  tcp.o
    0x0800fd1c   0x0800fd1c   0x0000008c   Code   RO         9906    i.tcp_rexmit        tcp_out.o
    0x0800fda8   0x0800fda8   0x00000088   Code   RO         9907    i.tcp_rexmit_fast   tcp_out.o
    0x0800fe30   0x0800fe30   0x00000040   Code   RO         9908    i.tcp_rexmit_rto    tcp_out.o
    0x0800fe70   0x0800fe70   0x0000004c   Code   RO         9909    i.tcp_rexmit_rto_commit  tcp_out.o
    0x0800febc   0x0800febc   0x000000a0   Code   RO         9910    i.tcp_rexmit_rto_prepare  tcp_out.o
    0x0800ff5c   0x0800ff5c   0x00000012   Code   RO         9911    i.tcp_route         tcp_out.o
    0x0800ff6e   0x0800ff6e   0x00000002   PAD
    0x0800ff70   0x0800ff70   0x000000a8   Code   RO         9912    i.tcp_rst           tcp_out.o
    0x08010018   0x08010018   0x0000001e   Code   RO         9526    i.tcp_seg_free      tcp.o
    0x08010036   0x08010036   0x00000012   Code   RO         9527    i.tcp_segs_free     tcp.o
    0x08010048   0x08010048   0x0000008c   Code   RO         9913    i.tcp_send_empty_ack  tcp_out.o
    0x080100d4   0x080100d4   0x0000006c   Code   RO         9914    i.tcp_send_fin      tcp_out.o
    0x08010140   0x08010140   0x00000044   Code   RO         9528    i.tcp_sent          tcp.o
    0x08010184   0x08010184   0x00000090   Code   RO         9530    i.tcp_shutdown      tcp.o
    0x08010214   0x08010214   0x00000520   Code   RO         9531    i.tcp_slowtmr       tcp.o
    0x08010734   0x08010734   0x000001bc   Code   RO         9915    i.tcp_split_unsent_seg  tcp_out.o
    0x080108f0   0x080108f0   0x00000034   Code   RO        10063    i.tcp_timer_needed  timeouts.o
    0x08010924   0x08010924   0x00000098   Code   RO         9819    i.tcp_timewait_input  tcp_in.o
    0x080109bc   0x080109bc   0x00000020   Code   RO         9533    i.tcp_tmr           tcp.o
    0x080109dc   0x080109dc   0x00000010   Code   RO         9820    i.tcp_trigger_input_pcb_close  tcp_in.o
    0x080109ec   0x080109ec   0x00000090   Code   RO         9535    i.tcp_update_rcv_ann_wnd  tcp.o
    0x08010a7c   0x08010a7c   0x000005fc   Code   RO         9916    i.tcp_write         tcp_out.o
    0x08011078   0x08011078   0x00000110   Code   RO         9917    i.tcp_write_checks  tcp_out.o
    0x08011188   0x08011188   0x000000ec   Code   RO         9918    i.tcp_zero_window_probe  tcp_out.o
    0x08011274   0x08011274   0x0000009c   Code   RO         8377    i.tcpip_init        tcpip.o
    0x08011310   0x08011310   0x00000064   Code   RO         8378    i.tcpip_inpkt       tcpip.o
    0x08011374   0x08011374   0x00000020   Code   RO         8379    i.tcpip_input       tcpip.o
    0x08011394   0x08011394   0x00000020   Code   RO         8380    i.tcpip_send_msg_wait_sem  tcpip.o
    0x080113b4   0x080113b4   0x00000038   Code   RO        10064    i.tcpip_tcp_timer   timeouts.o
    0x080113ec   0x080113ec   0x00000058   Code   RO         8381    i.tcpip_thread      tcpip.o
    0x08011444   0x08011444   0x00000074   Code   RO         8382    i.tcpip_thread_handle_msg  tcpip.o
    0x080114b8   0x080114b8   0x0000005c   Code   RO         8383    i.tcpip_timeouts_mbox_fetch  tcpip.o
    0x08011514   0x08011514   0x00000012   Code   RO         8081    i.tryget_socket     sockets.o
    0x08011526   0x08011526   0x00000004   Code   RO         8082    i.tryget_socket_unconn  sockets.o
    0x0801152a   0x0801152a   0x00000004   Code   RO         8083    i.tryget_socket_unconn_locked  sockets.o
    0x0801152e   0x0801152e   0x00000002   PAD
    0x08011530   0x08011530   0x00000014   Code   RO         8084    i.tryget_socket_unconn_nouse  sockets.o
    0x08011544   0x08011544   0x000000a8   Code   RO        10147    i.udp_bind          udp.o
    0x080115ec   0x080115ec   0x00000014   Code   RO        10148    i.udp_bind_netif    udp.o
    0x08011600   0x08011600   0x00000002   Code   RO        10151    i.udp_init          udp.o
    0x08011602   0x08011602   0x00000002   PAD
    0x08011604   0x08011604   0x000001b0   Code   RO        10152    i.udp_input         udp.o
    0x080117b4   0x080117b4   0x000000b4   Code   RO        10153    i.udp_input_local_match  udp.o
    0x08011868   0x08011868   0x00000034   Code   RO        10154    i.udp_netif_ip_addr_changed  udp.o
    0x0801189c   0x0801189c   0x0000001c   Code   RO        10155    i.udp_new           udp.o
    0x080118b8   0x080118b8   0x00000004   Code   RO        10156    i.udp_new_ip_type   udp.o
    0x080118bc   0x080118bc   0x00000048   Code   RO        10157    i.udp_new_port      udp.o
    0x08011904   0x08011904   0x00000028   Code   RO        10158    i.udp_recv          udp.o
    0x0801192c   0x0801192c   0x00000050   Code   RO        10159    i.udp_remove        udp.o
    0x0801197c   0x0801197c   0x00000024   Code   RO         6629    i.uxListRemove      list.o
    0x080119a0   0x080119a0   0x00000050   Code   RO         6685    i.uxQueueMessagesWaiting  queue.o
    0x080119f0   0x080119f0   0x00000016   Code   RO         6630    i.vListInitialise   list.o
    0x08011a06   0x08011a06   0x00000006   Code   RO         6631    i.vListInitialiseItem  list.o
    0x08011a0c   0x08011a0c   0x00000030   Code   RO         6632    i.vListInsert       list.o
    0x08011a3c   0x08011a3c   0x00000018   Code   RO         6633    i.vListInsertEnd    list.o
    0x08011a54   0x08011a54   0x00000080   Code   RO         7267    i.vPortEnterCritical  port.o
    0x08011ad4   0x08011ad4   0x0000006c   Code   RO         7268    i.vPortExitCritical  port.o
    0x08011b40   0x08011b40   0x0000009c   Code   RO         7205    i.vPortFree         heap_4.o
    0x08011bdc   0x08011bdc   0x00000020   Code   RO         7269    i.vPortSetupTimerInterrupt  port.o
    0x08011bfc   0x08011bfc   0x00000090   Code   RO         7270    i.vPortValidateInterruptPriority  port.o
    0x08011c8c   0x08011c8c   0x00000050   Code   RO         6689    i.vQueueDelete      queue.o
    0x08011cdc   0x08011cdc   0x00000028   Code   RO         6690    i.vQueueUnregisterQueue  queue.o
    0x08011d04   0x08011d04   0x00000078   Code   RO         6879    i.vTaskDelay        tasks.o
    0x08011d7c   0x08011d7c   0x000000d4   Code   RO         6881    i.vTaskDelete       tasks.o
    0x08011e50   0x08011e50   0x0000000c   Code   RO         6883    i.vTaskMissedYield  tasks.o
    0x08011e5c   0x08011e5c   0x00000060   Code   RO         6885    i.vTaskPlaceOnEventList  tasks.o
    0x08011ebc   0x08011ebc   0x00000088   Code   RO         6887    i.vTaskPriorityInherit  tasks.o
    0x08011f44   0x08011f44   0x00000050   Code   RO         6890    i.vTaskSetTimeOutState  tasks.o
    0x08011f94   0x08011f94   0x00000098   Code   RO         6891    i.vTaskStartScheduler  tasks.o
    0x0801202c   0x0801202c   0x00000010   Code   RO         6893    i.vTaskSuspendAll   tasks.o
    0x0801203c   0x0801203c   0x00000088   Code   RO         6894    i.vTaskSwitchContext  tasks.o
    0x080120c4   0x080120c4   0x000000e4   Code   RO         7271    i.xPortStartScheduler  port.o
    0x080121a8   0x080121a8   0x00000030   Code   RO         7272    i.xPortSysTickHandler  port.o
    0x080121d8   0x080121d8   0x00000064   Code   RO         6691    i.xQueueCreateCountingSemaphore  queue.o
    0x0801223c   0x0801223c   0x00000018   Code   RO         6692    i.xQueueCreateMutex  queue.o
    0x08012254   0x08012254   0x0000006c   Code   RO         6693    i.xQueueGenericCreate  queue.o
    0x080122c0   0x080122c0   0x000001a8   Code   RO         6694    i.xQueueGenericReceive  queue.o
    0x08012468   0x08012468   0x000000b4   Code   RO         6695    i.xQueueGenericReset  queue.o
    0x0801251c   0x0801251c   0x00000180   Code   RO         6696    i.xQueueGenericSend  queue.o
    0x0801269c   0x0801269c   0x000000c4   Code   RO         6698    i.xQueueGiveFromISR  queue.o
    0x08012760   0x08012760   0x00000098   Code   RO         6895    i.xTaskCheckForTimeOut  tasks.o
    0x080127f8   0x080127f8   0x00000060   Code   RO         6896    i.xTaskCreate       tasks.o
    0x08012858   0x08012858   0x0000001c   Code   RO         6900    i.xTaskGetSchedulerState  tasks.o
    0x08012874   0x08012874   0x0000000c   Code   RO         6901    i.xTaskGetTickCount  tasks.o
    0x08012880   0x08012880   0x000000f4   Code   RO         6903    i.xTaskIncrementTick  tasks.o
    0x08012974   0x08012974   0x000000bc   Code   RO         6906    i.xTaskPriorityDisinherit  tasks.o
    0x08012a30   0x08012a30   0x000000a4   Code   RO         6907    i.xTaskRemoveFromEventList  tasks.o
    0x08012ad4   0x08012ad4   0x000000f4   Code   RO         6909    i.xTaskResumeAll    tasks.o
    0x08012bc8   0x08012bc8   0x00000010   Data   RO           15    .constdata          system_stm32h7xx.o
    0x08012bd8   0x08012bd8   0x00000003   Data   RO         7654    .constdata          api_msg.o
    0x08012bdb   0x08012bdb   0x00000001   PAD
    0x08012bdc   0x08012bdc   0x00000044   Data   RO         7829    .constdata          err.o
    0x08012c20   0x08012c20   0x0000000c   Data   RO         8907    .constdata          memp.o
    0x08012c2c   0x08012c2c   0x0000000c   Data   RO         8908    .constdata          memp.o
    0x08012c38   0x08012c38   0x0000000c   Data   RO         8909    .constdata          memp.o
    0x08012c44   0x08012c44   0x0000000c   Data   RO         8910    .constdata          memp.o
    0x08012c50   0x08012c50   0x0000000c   Data   RO         8911    .constdata          memp.o
    0x08012c5c   0x08012c5c   0x0000000c   Data   RO         8912    .constdata          memp.o
    0x08012c68   0x08012c68   0x0000000c   Data   RO         8913    .constdata          memp.o
    0x08012c74   0x08012c74   0x0000000c   Data   RO         8914    .constdata          memp.o
    0x08012c80   0x08012c80   0x0000000c   Data   RO         8915    .constdata          memp.o
    0x08012c8c   0x08012c8c   0x0000000c   Data   RO         8916    .constdata          memp.o
    0x08012c98   0x08012c98   0x0000000c   Data   RO         8917    .constdata          memp.o
    0x08012ca4   0x08012ca4   0x0000000c   Data   RO         8918    .constdata          memp.o
    0x08012cb0   0x08012cb0   0x0000000c   Data   RO         8919    .constdata          memp.o
    0x08012cbc   0x08012cbc   0x00000034   Data   RO         8920    .constdata          memp.o
    0x08012cf0   0x08012cf0   0x00000054   Data   RO         9536    .constdata          tcp.o
    0x08012d44   0x08012d44   0x00000018   Data   RO        10065    .constdata          timeouts.o
    0x08012d5c   0x08012d5c   0x00000004   Data   RO        10564    .constdata          ip4_addr.o
    0x08012d60   0x08012d60   0x00000006   Data   RO        10709    .constdata          ethernet.o
    0x08012d66   0x08012d66   0x00000006   Data   RO        10710    .constdata          ethernet.o
    0x08012d6c   0x08012d6c   0x0000000c   Data   RO        10884    .constdata          ethernetif.o
    0x08012d78   0x08012d78   0x00000081   Data   RO        11158    .constdata          mc_w.l(ctype_o.o)
    0x08012df9   0x08012df9   0x00000003   PAD
    0x08012dfc   0x08012dfc   0x00000004   Data   RO        11159    .constdata          mc_w.l(ctype_o.o)
    0x08012e00   0x08012e00   0x0000008b   Data   RO         5920    .conststring        main.o
    0x08012e8b   0x08012e8b   0x00000001   PAD
    0x08012e8c   0x08012e8c   0x00000075   Data   RO         9537    .conststring        tcp.o
    0x08012f01   0x08012f01   0x00000003   PAD
    0x08012f04   0x08012f04   0x00000055   Data   RO         9919    .conststring        tcp_out.o
    0x08012f59   0x08012f59   0x00000003   PAD
    0x08012f5c   0x08012f5c   0x00000041   Data   RO        10332    .conststring        etharp.o
    0x08012f9d   0x08012f9d   0x00000003   PAD
    0x08012fa0   0x08012fa0   0x00000020   Data   RO        11551    Region$$Table       anon$$obj.o


    Execution Region RW_IRAM2 (Exec base: 0x24000000, Load base: 0x08012fc0, Size: 0x00019b58, Max: 0x00080000, ABSOLUTE, COMPRESSED[0x00000020])

    Exec Addr    Load Addr    Size         Type   Attr      Idx    E Section Name        Object

    0x24000000   COMPRESSED   0x00000008   Data   RW           16    .data               system_stm32h7xx.o
    0x24000008   COMPRESSED   0x0000000c   Data   RW          218    .data               stm32h7xx_hal.o
    0x24000014   COMPRESSED   0x0000000c   Data   RW         5921    .data               main.o
    0x24000020   COMPRESSED   0x0000000c   Data   RW         6429    .data               iperf.o
    0x2400002c   COMPRESSED   0x0000003c   Data   RW         6912    .data               tasks.o
    0x24000068   COMPRESSED   0x00000018   Data   RW         7210    .data               heap_4.o
    0x24000080   COMPRESSED   0x0000000c   Data   RW         7273    .data               port.o
    0x2400008c   COMPRESSED   0x00000004   Data   RW         8086    .data               sockets.o
    0x24000090   COMPRESSED   0x00000010   Data   RW         8385    .data               tcpip.o
    0x240000a0   COMPRESSED   0x00000010   Data   RW         8824    .data               mem.o
    0x240000b0   COMPRESSED   0x00000004   Data   RW         8921    .data               memp.o
    0x240000b4   COMPRESSED   0x00000004   Data   RW         8922    .data               memp.o
    0x240000b8   COMPRESSED   0x00000004   Data   RW         8923    .data               memp.o
    0x240000bc   COMPRESSED   0x00000004   Data   RW         8924    .data               memp.o
    0x240000c0   COMPRESSED   0x00000004   Data   RW         8925    .data               memp.o
    0x240000c4   COMPRESSED   0x00000004   Data   RW         8926    .data               memp.o
    0x240000c8   COMPRESSED   0x00000004   Data   RW         8927    .data               memp.o
    0x240000cc   COMPRESSED   0x00000004   Data   RW         8928    .data               memp.o
    0x240000d0   COMPRESSED   0x00000004   Data   RW         8929    .data               memp.o
    0x240000d4   COMPRESSED   0x00000004   Data   RW         8930    .data               memp.o
    0x240000d8   COMPRESSED   0x00000004   Data   RW         8931    .data               memp.o
    0x240000dc   COMPRESSED   0x00000004   Data   RW         8932    .data               memp.o
    0x240000e0   COMPRESSED   0x00000004   Data   RW         8933    .data               memp.o
    0x240000e4   COMPRESSED   0x0000000c   Data   RW         9049    .data               netif.o
    0x240000f0   COMPRESSED   0x00000020   Data   RW         9538    .data               tcp.o
    0x24000110   COMPRESSED   0x00000024   Data   RW         9822    .data               tcp_in.o
    0x24000134   COMPRESSED   0x0000000c   Data   RW        10067    .data               timeouts.o
    0x24000140   COMPRESSED   0x00000008   Data   RW        10164    .data               udp.o
    0x24000148   COMPRESSED   0x00000001   Data   RW        10333    .data               etharp.o
    0x24000149   COMPRESSED   0x00000001   PAD
    0x2400014a   COMPRESSED   0x00000002   Data   RW        10494    .data               ip4.o
    0x2400014c   COMPRESSED   0x00000008   Data   RW        10637    .data               ip4_frag.o
    0x24000154   COMPRESSED   0x00000010   Data   RW        10886    .data               ethernetif.o
    0x24000164   COMPRESSED   0x00000004   Data   RW        10887    .data               ethernetif.o
    0x24000168   COMPRESSED   0x00000014   Data   RW        10980    .data               sys_arch.o
    0x2400017c   COMPRESSED   0x00000004   Data   RW        10981    .data               sys_arch.o
    0x24000180   COMPRESSED   0x00000004   Data   RW        11510    .data               mc_w.l(stdout.o)
    0x24000184   COMPRESSED   0x00000004   Data   RW        11517    .data               mc_w.l(mvars.o)
    0x24000188   COMPRESSED   0x00000004   Data   RW        11522    .data               mc_w.l(errno.o)
    0x2400018c        -       0x0000008c   Zero   RW         6182    .bss                bsp_debug_usart.o
    0x24000218        -       0x00000050   Zero   RW         6705    .bss                queue.o
    0x24000268        -       0x000002e4   Zero   RW         6911    .bss                tasks.o
    0x2400054c        -       0x00006400   Zero   RW         7209    .bss                heap_4.o
    0x2400694c        -       0x00000040   Zero   RW         8085    .bss                sockets.o
    0x2400698c        -       0x00000018   Zero   RW         8790    .bss                ip.o
    0x240069a4        -       0x00006413   Zero   RW         8823    .bss                mem.o
    0x2400cdb7        -       0x00000083   Zero   RW         8894    .bss                memp.o
    0x2400ce3a        -       0x00000393   Zero   RW         8895    .bss                memp.o
    0x2400d1cd        -       0x000000ab   Zero   RW         8896    .bss                memp.o
    0x2400d278        -       0x00000783   Zero   RW         8897    .bss                memp.o
    0x2400d9fb        -       0x000000a3   Zero   RW         8898    .bss                memp.o
    0x2400da9e        -       0x0000016b   Zero   RW         8899    .bss                memp.o
    0x2400dc09        -       0x00000023   Zero   RW         8900    .bss                memp.o
    0x2400dc2c        -       0x000000a3   Zero   RW         8901    .bss                memp.o
    0x2400dccf        -       0x00000083   Zero   RW         8902    .bss                memp.o
    0x2400dd52        -       0x00000083   Zero   RW         8903    .bss                memp.o
    0x2400ddd5        -       0x00000063   Zero   RW         8904    .bss                memp.o
    0x2400de38        -       0x00000193   Zero   RW         8905    .bss                memp.o
    0x2400dfcb        -       0x0000b38b   Zero   RW         8906    .bss                memp.o
    0x24019356   COMPRESSED   0x00000002   PAD
    0x24019358        -       0x00000010   Zero   RW         9821    .bss                tcp_in.o
    0x24019368        -       0x000000f0   Zero   RW        10331    .bss                etharp.o
    0x24019458        -       0x00000010   Zero   RW        10563    .bss                ip4_addr.o
    0x24019468        -       0x00000108   Zero   RW        10882    .bss                ethernetif.o
    0x24019570        -       0x00000193   Zero   RW        10883    .bss                ethernetif.o
    0x24019703   COMPRESSED   0x00000001   PAD
    0x24019704        -       0x00000050   Zero   RW        10979    .bss                sys_arch.o
    0x24019754   COMPRESSED   0x00000004   PAD
    0x24019758        -       0x00000400   Zero   RW            1    STACK               startup_stm32h743xx.o



  Load Region LR$$.ARM.__AT_0x30040000 (Base: 0x30040000, Size: 0x00000000, Max: 0x00000060, ABSOLUTE)

    Execution Region ER$$.ARM.__AT_0x30040000 (Exec base: 0x30040000, Load base: 0x30040000, Size: 0x00000060, Max: 0x00000060, ABSOLUTE, UNINIT)

    Exec Addr    Load Addr    Size         Type   Attr      Idx    E Section Name        Object

    0x30040000        -       0x00000060   Zero   RW        10879    .ARM.__AT_0x30040000  ethernetif.o



  Load Region LR$$.ARM.__AT_0x30040060 (Base: 0x30040060, Size: 0x00000000, Max: 0x00000060, ABSOLUTE)

    Execution Region ER$$.ARM.__AT_0x30040060 (Exec base: 0x30040060, Load base: 0x30040060, Size: 0x00000060, Max: 0x00000060, ABSOLUTE, UNINIT)

    Exec Addr    Load Addr    Size         Type   Attr      Idx    E Section Name        Object

    0x30040060        -       0x00000060   Zero   RW        10880    .ARM.__AT_0x30040060  ethernetif.o



  Load Region LR$$.ARM.__AT_0x30040200 (Base: 0x30040200, Size: 0x00000000, Max: 0x00001800, ABSOLUTE)

    Execution Region ER$$.ARM.__AT_0x30040200 (Exec base: 0x30040200, Load base: 0x30040200, Size: 0x00001800, Max: 0x00001800, ABSOLUTE, UNINIT)

    Exec Addr    Load Addr    Size         Type   Attr      Idx    E Section Name        Object

    0x30040200        -       0x00001800   Zero   RW        10881    .ARM.__AT_0x30040200  ethernetif.o


==============================================================================

Image component sizes


      Code (inc. data)   RO Data    RW Data    ZI Data      Debug   Object Name

      1762        636          0          0          0      46429   api_lib.o
      4762       1322          3          0          0      32602   api_msg.o
       632         78          0          0          0      38350   board.o
       220         22          0          0        140       2011   bsp_debug_usart.o
       184         22          0          0          0       1046   bsp_led.o
        64         18          0          0          0       1061   core_delay.o
        34          0          0          0          0       1034   def.o
        28          4         68          0          0       3727   err.o
      2196        514         65          1        240      12163   etharp.o
       308         56         12          0          0       2622   ethernet.o
       964        146         12         20       7003      41929   ethernetif.o
         0          0          0          0          0       1472   event_groups.o
       584        138          0         24      25600       4155   heap_4.o
       620        160          0          0          0       4438   icmp.o
       160          0          0          0          0       2210   inet_chksum.o
        34          0          0          0          0       1568   init.o
         0          0          0          0         24       3146   ip.o
       854         90          0          2          0       5536   ip4.o
       210          4          4          0         16      10098   ip4_addr.o
      2170        462          0          8          0      12578   ip4_frag.o
       484        134          0         12          0      17860   iperf.o
       624         42          0          0          0       7640   lan8720a.o
       136          0          0          0          0       3318   list.o
       572        362        139         12          0      33002   main.o
      1716        604          0         16      25619       8217   mem.o
       470        192        208         52      50591      11940   memp.o
        36          0          0          0          0       9748   netbuf.o
         0          0          0          0          0       2036   netdb.o
      1102        356          0         12          0      15333   netif.o
      2242        816          0          0          0      18933   pbuf.o
      1018        402          0         12          0      10813   port.o
      1976        378          0          0         80      15463   queue.o
      4660        648          0          4         64      49726   sockets.o
        36          8        664          0       1024        972   startup_stm32h743xx.o
       172         34          0         12          0      22411   stm32h7xx_hal.o
       310         30          0          0          0      40024   stm32h7xx_hal_cortex.o
      4278         78          0          0          0      24574   stm32h7xx_hal_eth.o
       496         50          0          0          0       1932   stm32h7xx_hal_gpio.o
         2          0          0          0          0        550   stm32h7xx_hal_msp_template.o
      2592        120          0          0          0       7796   stm32h7xx_hal_rcc.o
      3892        140          0          0          0       8855   stm32h7xx_hal_rcc_ex.o
      6216        130          0          0          0      11752   stm32h7xx_hal_uart.o
        58          0          0          0          0      11543   stm32h7xx_it.o
       856        198          0         24         80      14953   sys_arch.o
       152         22         16          8          0    1240205   system_stm32h7xx.o
      2812        732          0         60        740      29853   tasks.o
      5416       1772        201         32          0      42305   tcp.o
      5210       1050          0         36         16      21087   tcp_in.o
      6142       1936         85          0          0      33418   tcp_out.o
       616        200          0         16          0      10633   tcpip.o
       572        186         24         12          0       7079   timeouts.o
      1078        266          0          8          0      10118   udp.o

    ----------------------------------------------------------------------
     71788      14558       1544        384     111244    1972264   Object Totals
         0          0         32          0          0          0   (incl. Generated)
        60          0         11          1          7          0   (incl. Padding)

    ----------------------------------------------------------------------

      Code (inc. data)   RO Data    RW Data    ZI Data      Debug   Library Member Name

        86          0          0          0          0          0   __dczerorl2.o
        28          0          0          0          0         68   _chval.o
       158          0          0          0          0         92   _strtoul.o
        26          0          0          0          0         80   atoi.o
         8          4        133          0          0         68   ctype_o.o
         0          0          0          0          0          0   entry.o
         0          0          0          0          0          0   entry10a.o
         0          0          0          0          0          0   entry11a.o
         8          4          0          0          0          0   entry2.o
         4          0          0          0          0          0   entry5.o
         0          0          0          0          0          0   entry7b.o
         0          0          0          0          0          0   entry8b.o
         8          4          0          0          0          0   entry9a.o
         8          4          0          4          0         68   errno.o
        30          0          0          0          0          0   handlers.o
        36          8          0          0          0         68   init.o
         0          0          0          0          0          0   iusefp.o
        30          0          0          0          0         68   llshl.o
        36          0          0          0          0         68   llsshr.o
        32          0          0          0          0         68   llushr.o
        80          4          0          0          0         76   malloc.o
        26          0          0          0          0         80   memcmp.o
        64          0          0          0          0         76   memmovea.o
        36          0          0          0          0        108   memseta.o
         0          0          0          4          0          0   mvars.o
      2258         90          0          0          0        452   printfa.o
         0          0          0          4          0          0   stdout.o
       112          0          0          0          0         88   strtol.o
        44          0          0          0          0         80   uidiv.o
        98          0          0          0          0         92   uldiv.o
        48          0          0          0          0         68   cdrcmple.o
       334          0          0          0          0        148   dadd.o
       222          0          0          0          0        100   ddiv.o
       186          0          0          0          0        176   depilogue.o
        48          0          0          0          0         68   dfixul.o
       228          0          0          0          0         96   dmul.o

    ----------------------------------------------------------------------
      4292        118        136         12          0       2356   Library Totals
        10          0          3          0          0          0   (incl. Padding)

    ----------------------------------------------------------------------

      Code (inc. data)   RO Data    RW Data    ZI Data      Debug   Library Name

      3216        118        133         12          0       1700   mc_w.l
      1066          0          0          0          0        656   mf_w.l

    ----------------------------------------------------------------------
      4292        118        136         12          0       2356   Library Totals

    ----------------------------------------------------------------------

==============================================================================


      Code (inc. data)   RO Data    RW Data    ZI Data      Debug   

     76080      14676       1680        396     111244    1929808   Grand Totals
     76080      14676       1680         32     111244    1929808   ELF Image Totals (compressed)
     76080      14676       1680         32          0          0   ROM Totals

==============================================================================

    Total RO  Size (Code + RO Data)                77760 (  75.94kB)
    Total RW  Size (RW Data + ZI Data)            111640 ( 109.02kB)
    Total ROM Size (Code + RO Data + RW Data)      77792 (  75.97kB)

==============================================================================

