Component: ARM Compiler 5.06 update 6 (build 750) Tool: armlink [4d35ed]

==============================================================================

Section Cross References

    startup_stm32h743xx.o(RESET) refers to startup_stm32h743xx.o(STACK) for __initial_sp
    startup_stm32h743xx.o(RESET) refers to startup_stm32h743xx.o(.text) for Reset_Handler
    startup_stm32h743xx.o(RESET) refers to stm32h7xx_it.o(i.NMI_Handler) for NMI_Handler
    startup_stm32h743xx.o(RESET) refers to stm32h7xx_it.o(i.HardFault_Handler) for HardFault_Handler
    startup_stm32h743xx.o(RESET) refers to stm32h7xx_it.o(i.MemManage_Handler) for MemManage_Handler
    startup_stm32h743xx.o(RESET) refers to stm32h7xx_it.o(i.BusFault_Handler) for BusFault_Handler
    startup_stm32h743xx.o(RESET) refers to stm32h7xx_it.o(i.UsageFault_Handler) for UsageFault_Handler
    startup_stm32h743xx.o(RESET) refers to port.o(.emb_text) for SVC_Handler
    startup_stm32h743xx.o(RESET) refers to stm32h7xx_it.o(i.DebugMon_Handler) for DebugMon_Handler
    startup_stm32h743xx.o(RESET) refers to stm32h7xx_it.o(i.SysTick_Handler) for SysTick_Handler
    startup_stm32h743xx.o(RESET) refers to lan8720a.o(i.ETH_IRQHandler) for ETH_IRQHandler
    startup_stm32h743xx.o(.text) refers to system_stm32h7xx.o(i.SystemInit) for SystemInit
    startup_stm32h743xx.o(.text) refers to entry.o(.ARM.Collect$$$$00000000) for __main
    system_stm32h7xx.o(i.SystemCoreClockUpdate) refers to system_stm32h7xx.o(.data) for .data
    system_stm32h7xx.o(i.SystemCoreClockUpdate) refers to system_stm32h7xx.o(.constdata) for .constdata
    stm32h7xx_hal.o(i.HAL_DeInit) refers to stm32h7xx_hal.o(i.HAL_MspDeInit) for HAL_MspDeInit
    stm32h7xx_hal.o(i.HAL_Delay) refers to core_delay.o(i.HAL_GetTick) for HAL_GetTick
    stm32h7xx_hal.o(i.HAL_Delay) refers to stm32h7xx_hal.o(.data) for .data
    stm32h7xx_hal.o(i.HAL_GetTick) refers to stm32h7xx_hal.o(.data) for .data
    stm32h7xx_hal.o(i.HAL_GetTickFreq) refers to stm32h7xx_hal.o(.data) for .data
    stm32h7xx_hal.o(i.HAL_GetTickPrio) refers to stm32h7xx_hal.o(.data) for .data
    stm32h7xx_hal.o(i.HAL_IncTick) refers to stm32h7xx_hal.o(.data) for .data
    stm32h7xx_hal.o(i.HAL_Init) refers to stm32h7xx_hal_cortex.o(i.HAL_NVIC_SetPriorityGrouping) for HAL_NVIC_SetPriorityGrouping
    stm32h7xx_hal.o(i.HAL_Init) refers to stm32h7xx_hal_rcc.o(i.HAL_RCC_GetSysClockFreq) for HAL_RCC_GetSysClockFreq
    stm32h7xx_hal.o(i.HAL_Init) refers to core_delay.o(i.HAL_InitTick) for HAL_InitTick
    stm32h7xx_hal.o(i.HAL_Init) refers to stm32h7xx_hal.o(i.HAL_MspInit) for HAL_MspInit
    stm32h7xx_hal.o(i.HAL_Init) refers to system_stm32h7xx.o(.constdata) for D1CorePrescTable
    stm32h7xx_hal.o(i.HAL_Init) refers to system_stm32h7xx.o(.data) for SystemCoreClock
    stm32h7xx_hal.o(i.HAL_InitTick) refers to stm32h7xx_hal_cortex.o(i.HAL_SYSTICK_Config) for HAL_SYSTICK_Config
    stm32h7xx_hal.o(i.HAL_InitTick) refers to stm32h7xx_hal_cortex.o(i.HAL_NVIC_SetPriority) for HAL_NVIC_SetPriority
    stm32h7xx_hal.o(i.HAL_InitTick) refers to stm32h7xx_hal.o(.data) for .data
    stm32h7xx_hal.o(i.HAL_InitTick) refers to system_stm32h7xx.o(.data) for SystemCoreClock
    stm32h7xx_hal.o(i.HAL_SYSCFG_EnableVREFBUF) refers to core_delay.o(i.HAL_GetTick) for HAL_GetTick
    stm32h7xx_hal.o(i.HAL_SetTickFreq) refers to core_delay.o(i.HAL_InitTick) for HAL_InitTick
    stm32h7xx_hal.o(i.HAL_SetTickFreq) refers to stm32h7xx_hal.o(.data) for .data
    stm32h7xx_hal_cortex.o(i.HAL_NVIC_SetPriority) refers to stm32h7xx_hal_cortex.o(i.__NVIC_SetPriority) for __NVIC_SetPriority
    stm32h7xx_hal_cortex.o(i.HAL_SYSTICK_Config) refers to stm32h7xx_hal_cortex.o(i.__NVIC_SetPriority) for __NVIC_SetPriority
    stm32h7xx_hal_cortex.o(i.HAL_SYSTICK_IRQHandler) refers to stm32h7xx_hal_cortex.o(i.HAL_SYSTICK_Callback) for HAL_SYSTICK_Callback
    stm32h7xx_hal_dma.o(i.DMA_CalcBaseAndBitshift) refers to stm32h7xx_hal_dma.o(.constdata) for .constdata
    stm32h7xx_hal_dma.o(i.HAL_DMA_Abort) refers to core_delay.o(i.HAL_GetTick) for HAL_GetTick
    stm32h7xx_hal_dma.o(i.HAL_DMA_DeInit) refers to stm32h7xx_hal_dma.o(i.DMA_CalcBaseAndBitshift) for DMA_CalcBaseAndBitshift
    stm32h7xx_hal_dma.o(i.HAL_DMA_DeInit) refers to stm32h7xx_hal_dma.o(i.DMA_CalcDMAMUXChannelBaseAndMask) for DMA_CalcDMAMUXChannelBaseAndMask
    stm32h7xx_hal_dma.o(i.HAL_DMA_DeInit) refers to stm32h7xx_hal_dma.o(i.DMA_CalcDMAMUXRequestGenBaseAndMask) for DMA_CalcDMAMUXRequestGenBaseAndMask
    stm32h7xx_hal_dma.o(i.HAL_DMA_IRQHandler) refers to system_stm32h7xx.o(.data) for SystemCoreClock
    stm32h7xx_hal_dma.o(i.HAL_DMA_Init) refers to core_delay.o(i.HAL_GetTick) for HAL_GetTick
    stm32h7xx_hal_dma.o(i.HAL_DMA_Init) refers to stm32h7xx_hal_dma.o(i.DMA_CheckFifoParam) for DMA_CheckFifoParam
    stm32h7xx_hal_dma.o(i.HAL_DMA_Init) refers to stm32h7xx_hal_dma.o(i.DMA_CalcBaseAndBitshift) for DMA_CalcBaseAndBitshift
[...]
    sys_now                                  0x0800cdb9   Thumb Code    12  sys_arch.o(i.sys_now)
    sys_sem_free                             0x0800cdc9   Thumb Code    16  sys_arch.o(i.sys_sem_free)
    sys_sem_new                              0x0800cdd9   Thumb Code    62  sys_arch.o(i.sys_sem_new)
    sys_sem_set_invalid                      0x0800ce35   Thumb Code     6  sys_arch.o(i.sys_sem_set_invalid)
    sys_sem_signal                           0x0800ce3d   Thumb Code    30  sys_arch.o(i.sys_sem_signal)
    sys_sem_valid                            0x0800ce7d   Thumb Code    14  sys_arch.o(i.sys_sem_valid)
    sys_thread_new                           0x0800ce8d   Thumb Code    52  sys_arch.o(i.sys_thread_new)
    sys_timeout                              0x0800cee9   Thumb Code    38  timeouts.o(i.sys_timeout)
    sys_timeouts_init                        0x0800cfe9   Thumb Code    28  timeouts.o(i.sys_timeouts_init)
    sys_timeouts_sleeptime                   0x0800d00d   Thumb Code    36  timeouts.o(i.sys_timeouts_sleeptime)
    tcp_abandon                              0x0800d035   Thumb Code   232  tcp.o(i.tcp_abandon)
    tcp_abort                                0x0800d171   Thumb Code     6  tcp.o(i.tcp_abort)
    tcp_accept                               0x0800d177   Thumb Code    14  tcp.o(i.tcp_accept)
    tcp_alloc                                0x0800d185   Thumb Code   160  tcp.o(i.tcp_alloc)
    tcp_arg                                  0x0800d231   Thumb Code     8  tcp.o(i.tcp_arg)
    tcp_close                                0x0800d239   Thumb Code    42  tcp.o(i.tcp_close)
    tcp_connect                              0x0800d445   Thumb Code   280  tcp.o(i.tcp_connect)
    tcp_eff_send_mss_netif                   0x0800d6e5   Thumb Code    50  tcp.o(i.tcp_eff_send_mss_netif)
    tcp_enqueue_flags                        0x0800d741   Thumb Code   240  tcp_out.o(i.tcp_enqueue_flags)
    tcp_err                                  0x0800d8fd   Thumb Code    28  tcp.o(i.tcp_err)
    tcp_fasttmr                              0x0800d941   Thumb Code   102  tcp.o(i.tcp_fasttmr)
    tcp_free                                 0x0800d9ad   Thumb Code    28  tcp.o(i.tcp_free)
    tcp_init                                 0x0800db3d   Thumb Code    20  tcp.o(i.tcp_init)
    tcp_input                                0x0800db55   Thumb Code  1528  tcp_in.o(i.tcp_input)
    tcp_keepalive                            0x0800e1c1   Thumb Code    74  tcp_out.o(i.tcp_keepalive)
    tcp_netif_ip_addr_changed                0x0800e499   Thumb Code    72  tcp.o(i.tcp_netif_ip_addr_changed)
    tcp_new_ip_type                          0x0800e549   Thumb Code     6  tcp.o(i.tcp_new_ip_type)
    tcp_next_iss                             0x0800e5a9   Thumb Code    24  tcp.o(i.tcp_next_iss)
    tcp_output                               0x0800e5e1   Thumb Code   552  tcp_out.o(i.tcp_output)
    tcp_pcb_purge                            0x0800ed91   Thumb Code    72  tcp.o(i.tcp_pcb_purge)
    tcp_pcb_remove                           0x0800edf5   Thumb Code   124  tcp.o(i.tcp_pcb_remove)
    tcp_poll                                 0x0800eee1   Thumb Code    44  tcp.o(i.tcp_poll)
    tcp_process_refused_data                 0x0800f451   Thumb Code   130  tcp.o(i.tcp_process_refused_data)
    tcp_recv                                 0x0800fa6d   Thumb Code    28  tcp.o(i.tcp_recv)
    tcp_recv_null                            0x0800fab1   Thumb Code    52  tcp.o(i.tcp_recv_null)
    tcp_recved                               0x0800fb01   Thumb Code    92  tcp.o(i.tcp_recved)
    tcp_rexmit                               0x0800fbe9   Thumb Code   116  tcp_out.o(i.tcp_rexmit)
    tcp_rexmit_fast                          0x0800fc75   Thumb Code   102  tcp_out.o(i.tcp_rexmit_fast)
    tcp_rexmit_rto                           0x0800fcfd   Thumb Code    36  tcp_out.o(i.tcp_rexmit_rto)
    tcp_rexmit_rto_commit                    0x0800fd3d   Thumb Code    38  tcp_out.o(i.tcp_rexmit_rto_commit)
    tcp_rexmit_rto_prepare                   0x0800fd89   Thumb Code   124  tcp_out.o(i.tcp_rexmit_rto_prepare)
    tcp_rst                                  0x0800fe3d   Thumb Code   112  tcp_out.o(i.tcp_rst)
    tcp_seg_free                             0x0800fee5   Thumb Code    30  tcp.o(i.tcp_seg_free)
    tcp_segs_free                            0x0800ff03   Thumb Code    18  tcp.o(i.tcp_segs_free)
    tcp_send_empty_ack                       0x0800ff15   Thumb Code   106  tcp_out.o(i.tcp_send_empty_ack)
    tcp_send_fin                             0x0800ffa1   Thumb Code    80  tcp_out.o(i.tcp_send_fin)
    tcp_sent                                 0x0801000d   Thumb Code    26  tcp.o(i.tcp_sent)
    tcp_shutdown                             0x08010051   Thumb Code   114  tcp.o(i.tcp_shutdown)
    tcp_slowtmr                              0x080100e1   Thumb Code   834  tcp.o(i.tcp_slowtmr)
    tcp_split_unsent_seg                     0x08010601   Thumb Code   338  tcp_out.o(i.tcp_split_unsent_seg)
    tcp_timer_needed                         0x080107bd   Thumb Code    36  timeouts.o(i.tcp_timer_needed)
    tcp_tmr                                  0x08010889   Thumb Code    28  tcp.o(i.tcp_tmr)
    tcp_trigger_input_pcb_close              0x080108a9   Thumb Code    12  tcp_in.o(i.tcp_trigger_input_pcb_close)
    tcp_update_rcv_ann_wnd                   0x080108b9   Thumb Code    78  tcp.o(i.tcp_update_rcv_ann_wnd)
    tcp_write                                0x08010949   Thumb Code  1032  tcp_out.o(i.tcp_write)
    tcp_zero_window_probe                    0x08011055   Thumb Code   198  tcp_out.o(i.tcp_zero_window_probe)
    tcpip_init                               0x08011141   Thumb Code    66  tcpip.o(i.tcpip_init)
    tcpip_inpkt                              0x080111dd   Thumb Code    80  tcpip.o(i.tcpip_inpkt)
    tcpip_input                              0x08011241   Thumb Code    22  tcpip.o(i.tcpip_input)
    tcpip_send_msg_wait_sem                  0x08011261   Thumb Code    26  tcpip.o(i.tcpip_send_msg_wait_sem)
    udp_bind                                 0x0801140d   Thumb Code   136  udp.o(i.udp_bind)
    udp_connect                              0x080114b5   Thumb Code   102  udp.o(i.udp_connect)
    udp_disconnect                           0x08011559   Thumb Code    28  udp.o(i.udp_disconnect)
    udp_init                                 0x08011591   Thumb Code    20  udp.o(i.udp_init)
    udp_input                                0x080115a9   Thumb Code   342  udp.o(i.udp_input)
    udp_netif_ip_addr_changed                0x0801180d   Thumb Code    48  udp.o(i.udp_netif_ip_addr_changed)
    udp_new                                  0x08011841   Thumb Code    30  udp.o(i.udp_new)
    udp_new_ip_type                          0x0801185f   Thumb Code     4  udp.o(i.udp_new_ip_type)
    udp_recv                                 0x080118ad   Thumb Code    16  udp.o(i.udp_recv)
    udp_remove                               0x080118d5   Thumb Code    52  udp.o(i.udp_remove)
    udp_send                                 0x08011925   Thumb Code    44  udp.o(i.udp_send)
    udp_sendto                               0x08011981   Thumb Code   142  udp.o(i.udp_sendto)
    udp_sendto_if                            0x08011a65   Thumb Code   100  udp.o(i.udp_sendto_if)
    udp_sendto_if_src                        0x08011b41   Thumb Code   306  udp.o(i.udp_sendto_if_src)
    uxListRemove                             0x08011d51   Thumb Code    36  list.o(i.uxListRemove)
    uxQueueMessagesWaiting                   0x08011d75   Thumb Code    34  queue.o(i.uxQueueMessagesWaiting)
    vListInitialise                          0x08011dc5   Thumb Code    22  list.o(i.vListInitialise)
    vListInitialiseItem                      0x08011ddb   Thumb Code     6  list.o(i.vListInitialiseItem)
    vListInsert                              0x08011de1   Thumb Code    48  list.o(i.vListInsert)
    vListInsertEnd                           0x08011e11   Thumb Code    24  list.o(i.vListInsertEnd)
    vPortEnterCritical                       0x08011e29   Thumb Code    54  port.o(i.vPortEnterCritical)
    vPortExitCritical                        0x08011ea9   Thumb Code    38  port.o(i.vPortExitCritical)
    vPortFree                                0x08011f15   Thumb Code    94  heap_4.o(i.vPortFree)
    vPortSetupTimerInterrupt                 0x08011fb1   Thumb Code    26  port.o(i.vPortSetupTimerInterrupt)
    vPortValidateInterruptPriority           0x08011fd1   Thumb Code    70  port.o(i.vPortValidateInterruptPriority)
    vQueueDelete                             0x08012061   Thumb Code    36  queue.o(i.vQueueDelete)
    vQueueUnregisterQueue                    0x080120b1   Thumb Code    36  queue.o(i.vQueueUnregisterQueue)
    vTaskDelay                               0x080120d9   Thumb Code    66  tasks.o(i.vTaskDelay)
    vTaskDelete                              0x08012151   Thumb Code   152  tasks.o(i.vTaskDelete)
    vTaskMissedYield                         0x08012225   Thumb Code     8  tasks.o(i.vTaskMissedYield)
    vTaskPlaceOnEventList                    0x08012231   Thumb Code    46  tasks.o(i.vTaskPlaceOnEventList)
    vTaskPriorityInherit                     0x08012291   Thumb Code   126  tasks.o(i.vTaskPriorityInherit)
    vTaskSetTimeOutState                     0x08012319   Thumb Code    32  tasks.o(i.vTaskSetTimeOutState)
    vTaskStartScheduler                      0x08012369   Thumb Code    92  tasks.o(i.vTaskStartScheduler)
    vTaskSuspendAll                          0x08012401   Thumb Code    10  tasks.o(i.vTaskSuspendAll)
    vTaskSwitchContext                       0x08012411   Thumb Code    84  tasks.o(i.vTaskSwitchContext)
    xPortStartScheduler                      0x08012499   Thumb Code   146  port.o(i.xPortStartScheduler)
    xPortSysTickHandler                      0x0801257d   Thumb Code    42  port.o(i.xPortSysTickHandler)
    xQueueCreateCountingSemaphore            0x080125ad   Thumb Code    56  queue.o(i.xQueueCreateCountingSemaphore)
    xQueueCreateMutex                        0x08012611   Thumb Code    24  queue.o(i.xQueueCreateMutex)
    xQueueGenericCreate                      0x08012629   Thumb Code    64  queue.o(i.xQueueGenericCreate)
    xQueueGenericReceive                     0x08012695   Thumb Code   374  queue.o(i.xQueueGenericReceive)
    xQueueGenericReset                       0x0801283d   Thumb Code   130  queue.o(i.xQueueGenericReset)
    xQueueGenericSend                        0x080128f1   Thumb Code   334  queue.o(i.xQueueGenericSend)
    xQueueGiveFromISR                        0x08012a71   Thumb Code   150  queue.o(i.xQueueGiveFromISR)
    xTaskCheckForTimeOut                     0x08012b35   Thumb Code   104  tasks.o(i.xTaskCheckForTimeOut)
    xTaskCreate                              0x08012bcd   Thumb Code    96  tasks.o(i.xTaskCreate)
    xTaskGetSchedulerState                   0x08012c2d   Thumb Code    24  tasks.o(i.xTaskGetSchedulerState)
    xTaskGetTickCount                        0x08012c49   Thumb Code     6  tasks.o(i.xTaskGetTickCount)
    xTaskIncrementTick                       0x08012c55   Thumb Code   192  tasks.o(i.xTaskIncrementTick)
    xTaskPriorityDisinherit                  0x08012d49   Thumb Code   136  tasks.o(i.xTaskPriorityDisinherit)
    xTaskRemoveFromEventList                 0x08012e05   Thumb Code   108  tasks.o(i.xTaskRemoveFromEventList)
    xTaskResumeAll                           0x08012ea9   Thumb Code   184  tasks.o(i.xTaskResumeAll)
    D1CorePrescTable                         0x08012f9c   Data          16  system_stm32h7xx.o(.constdata)
    netconn_aborted                          0x08012fac   Data           1  api_msg.o(.constdata)
    netconn_reset                            0x08012fad   Data           1  api_msg.o(.constdata)
    netconn_closed                           0x08012fae   Data           1  api_msg.o(.constdata)
    memp_UDP_PCB                             0x08012ff4   Data          12  memp.o(.constdata)
    memp_TCP_PCB                             0x08013000   Data          12  memp.o(.constdata)
    memp_TCP_PCB_LISTEN                      0x0801300c   Data          12  memp.o(.constdata)
    memp_TCP_SEG                             0x08013018   Data          12  memp.o(.constdata)
    memp_REASSDATA                           0x08013024   Data          12  memp.o(.constdata)
    memp_FRAG_PBUF                           0x08013030   Data          12  memp.o(.constdata)
    memp_NETBUF                              0x0801303c   Data          12  memp.o(.constdata)
    memp_NETCONN                             0x08013048   Data          12  memp.o(.constdata)
    memp_TCPIP_MSG_API                       0x08013054   Data          12  memp.o(.constdata)
    memp_TCPIP_MSG_INPKT                     0x08013060   Data          12  memp.o(.constdata)
    memp_IGMP_GROUP                          0x0801306c   Data          12  memp.o(.constdata)
    memp_SYS_TIMEOUT                         0x08013078   Data          12  memp.o(.constdata)
    memp_NETDB                               0x08013084   Data          12  memp.o(.constdata)
    memp_PBUF                                0x08013090   Data          12  memp.o(.constdata)
    memp_PBUF_POOL                           0x0801309c   Data          12  memp.o(.constdata)
    memp_pools                               0x080130a8   Data          60  memp.o(.constdata)
    tcp_pcb_lists                            0x08013128   Data          16  tcp.o(.constdata)
    lwip_cyclic_timers                       0x08013138   Data          40  timeouts.o(.constdata)
    ip_addr_any                              0x08013160   Data           4  ip4_addr.o(.constdata)
    ip_addr_broadcast                        0x08013164   Data           4  ip4_addr.o(.constdata)
    ethbroadcast                             0x08013168   Data           6  ethernet.o(.constdata)
    ethzero                                  0x0801316e   Data           6  ethernet.o(.constdata)
    memp_RX_POOL                             0x08013174   Data          12  ethernetif.o(.constdata)
    __ctype_table                            0x08013180   Data         129  ctype_o.o(.constdata)
    Region$$Table$$Base                      0x080134a4   Number         0  anon$$obj.o(Region$$Table)
    Region$$Table$$Limit                     0x080134c4   Number         0  anon$$obj.o(Region$$Table)
    SystemCoreClock                          0x24000000   Data           4  system_stm32h7xx.o(.data)
    SystemD2Clock                            0x24000004   Data           4  system_stm32h7xx.o(.data)
    uwTickFreq                               0x24000008   Data           1  stm32h7xx_hal.o(.data)
    uwTickPrio                               0x2400000c   Data           4  stm32h7xx_hal.o(.data)
    uwTick                                   0x24000010   Data           4  stm32h7xx_hal.o(.data)
    pxCurrentTCB                             0x24000020   Data           4  tasks.o(.data)
    lock_tcpip_core                          0x24000090   Data           4  tcpip.o(.data)
    netif_list                               0x240000f0   Data           4  netif.o(.data)
    netif_default                            0x240000f4   Data           4  netif.o(.data)
    tcp_active_pcbs_changed                  0x240000f8   Data           1  tcp.o(.data)
    tcp_ticks                                0x24000104   Data           4  tcp.o(.data)
    tcp_bound_pcbs                           0x24000108   Data           4  tcp.o(.data)
    tcp_listen_pcbs                          0x2400010c   Data           4  tcp.o(.data)
    tcp_active_pcbs                          0x24000110   Data           4  tcp.o(.data)
    tcp_tw_pcbs                              0x24000114   Data           4  tcp.o(.data)
    tcp_input_pcb                            0x24000138   Data           4  tcp_in.o(.data)
    udp_pcbs                                 0x2400014c   Data           4  udp.o(.data)
    s_xSemaphore                             0x2400016c   Data           4  ethernetif.o(.data)
    tx_sem                                   0x24000170   Data           4  ethernetif.o(.data)
    eth_tx_mb                                0x24000174   Data           4  ethernetif.o(.data)
    lwip_sys_now                             0x24000184   Data           4  sys_arch.o(.data)
    ipaddr                                   0x24000188   Data           4  sys_arch.o(.data)
    netmask                                  0x2400018c   Data           4  sys_arch.o(.data)
    gw                                       0x24000190   Data           4  sys_arch.o(.data)
    errno                                    0x24000194   Data           4  sys_arch.o(.data)
    __stdout                                 0x2400019c   Data           4  stdout.o(.data)
    UartHandle                               0x240001a0   Data         140  bsp_debug_usart.o(.bss)
    xQueueRegistry                           0x2400022c   Data          80  queue.o(.bss)
    ip_data                                  0x24009650   Data          24  ip.o(.bss)
    ram_heap                                 0x24009668   Data       15379  mem.o(.bss)
    memp_memory_UDP_PCB_base                 0x2400d27b   Data         163  memp.o(.bss)
    memp_memory_TCP_PCB_base                 0x2400d31e   Data         915  memp.o(.bss)
    memp_memory_TCP_PCB_LISTEN_base          0x2400d6b1   Data         171  memp.o(.bss)
    memp_memory_TCP_SEG_base                 0x2400d75c   Data        2403  memp.o(.bss)
    memp_memory_REASSDATA_base               0x2400e0bf   Data         163  memp.o(.bss)
    memp_memory_FRAG_PBUF_base               0x2400e162   Data         363  memp.o(.bss)
    memp_memory_NETBUF_base                  0x2400e2cd   Data          35  memp.o(.bss)
    memp_memory_NETCONN_base                 0x2400e2f0   Data         163  memp.o(.bss)
    memp_memory_TCPIP_MSG_API_base           0x2400e393   Data         131  memp.o(.bss)
    memp_memory_TCPIP_MSG_INPKT_base         0x2400e416   Data         131  memp.o(.bss)
    memp_memory_IGMP_GROUP_base              0x2400e499   Data         131  memp.o(.bss)
    memp_memory_SYS_TIMEOUT_base             0x2400e51c   Data         131  memp.o(.bss)
    memp_memory_NETDB_base                   0x2400e59f   Data         311  memp.o(.bss)
    memp_memory_PBUF_base                    0x2400e6d6   Data         403  memp.o(.bss)
    memp_memory_PBUF_POOL_base               0x2400e869   Data       68943  memp.o(.bss)
    EthHandle                                0x2401f6b8   Data         112  ethernetif.o(.bss)
    TxConfig                                 0x2401f728   Data          52  ethernetif.o(.bss)
    MACConfig                                0x2401f75c   Data         100  ethernetif.o(.bss)
    memp_memory_RX_POOL_base                 0x2401f7c0   Data         403  ethernetif.o(.bss)
    gnetif                                   0x2401f974   Data          56  sys_arch.o(.bss)
    __initial_sp                             0x2401fdb0   Data           0  startup_stm32h743xx.o(STACK)
    DMARxDscrTab                             0x30040000   Data          96  ethernetif.o(.ARM.__AT_0x30040000)
    DMATxDscrTab                             0x30040060   Data          96  ethernetif.o(.ARM.__AT_0x30040060)
    Rx_Buff                                  0x30040200   Data        6144  ethernetif.o(.ARM.__AT_0x30040200)



==============================================================================

Memory Map of the image

  Image Entry point : 0x08000299

  Load Region LR_IROM1 (Base: 0x08000000, Size: 0x00013664, Max: 0x00200000, ABSOLUTE, COMPRESSED[0x000134e0])

    Execution Region ER_IROM1 (Exec base: 0x08000000, Load base: 0x08000000, Size: 0x000134c4, Max: 0x00200000, ABSOLUTE)

    Exec Addr    Load Addr    Size         Type   Attr      Idx    E Section Name        Object

    0x08000000   0x08000000   0x00000298   Data   RO            3    RESET               startup_stm32h743xx.o
    0x08000298   0x08000298   0x00000000   Code   RO        11584  * .ARM.Collect$$$$00000000  mc_w.l(entry.o)
    0x08000298   0x08000298   0x00000004   Code   RO        11905    .ARM.Collect$$$$00000001  mc_w.l(entry2.o)
    0x0800029c   0x0800029c   0x00000004   Code   RO        11908    .ARM.Collect$$$$00000004  mc_w.l(entry5.o)
    0x080002a0   0x080002a0   0x00000000   Code   RO        11910    .ARM.Collect$$$$00000008  mc_w.l(entry7b.o)
    0x080002a0   0x080002a0   0x00000000   Code   RO        11912    .ARM.Collect$$$$0000000A  mc_w.l(entry8b.o)
    0x080002a0   0x080002a0   0x00000008   Code   RO        11913    .ARM.Collect$$$$0000000B  mc_w.l(entry9a.o)
    0x080002a8   0x080002a8   0x00000000   Code   RO        11915    .ARM.Collect$$$$0000000D  mc_w.l(entry10a.o)
    0x080002a8   0x080002a8   0x00000000   Code   RO        11917    .ARM.Collect$$$$0000000F  mc_w.l(entry11a.o)
    0x080002a8   0x080002a8   0x00000004   Code   RO        11906    .ARM.Collect$$$$00002712  mc_w.l(entry2.o)
    0x080002ac   0x080002ac   0x000000ba   Code   RO         7344    .emb_text           port.o
    0x08000366   0x08000366   0x00000002   PAD
    0x08000368   0x08000368   0x00000024   Code   RO            4    .text               startup_stm32h743xx.o
    0x0800038c   0x0800038c   0x00000062   Code   RO        11587    .text               mc_w.l(uldiv.o)
    0x080003ee   0x080003ee   0x00000002   PAD
    0x080003f0   0x080003f0   0x00000008   Code   RO        11589    .text               mc_w.l(ctype_o.o)
    0x080003f8   0x080003f8   0x00000024   Code   RO        11619    .text               mc_w.l(rand.o)
    0x0800041c   0x0800041c   0x00000040   Code   RO        11624    .text               mc_w.l(memmovea.o)
    0x0800045c   0x0800045c   0x00000024   Code   RO        11626    .text               mc_w.l(memseta.o)
    0x08000480   0x08000480   0x0000000e   Code   RO        11630    .text               mc_w.l(strlen.o)
    0x0800048e   0x0800048e   0x0000001a   Code   RO        11632    .text               mc_w.l(memcmp.o)
    0x080004a8   0x080004a8   0x0000001c   Code   RO        11903    .text               mf_w.l(ffltul.o)
    0x080004c4   0x080004c4   0x0000002c   Code   RO        11920    .text               mc_w.l(uidiv.o)
    0x080004f0   0x080004f0   0x0000001e   Code   RO        11922    .text               mc_w.l(llshl.o)
    0x0800050e   0x0800050e   0x00000020   Code   RO        11924    .text               mc_w.l(llushr.o)
    0x0800052e   0x0800052e   0x00000000   Code   RO        11935    .text               mc_w.l(iusefp.o)
    0x0800052e   0x0800052e   0x0000006e   Code   RO        11936    .text               mf_w.l(fepilogue.o)
    0x0800059c   0x0800059c   0x0000014e   Code   RO        11938    .text               mf_w.l(dadd.o)
    0x080006ea   0x080006ea   0x000000e4   Code   RO        11940    .text               mf_w.l(dmul.o)
    0x080007ce   0x080007ce   0x000000de   Code   RO        11942    .text               mf_w.l(ddiv.o)
    0x080008ac   0x080008ac   0x00000030   Code   RO        11944    .text               mf_w.l(dfixul.o)
    0x080008dc   0x080008dc   0x00000030   Code   RO        11946    .text               mf_w.l(cdrcmple.o)
    0x0800090c   0x0800090c   0x00000024   Code   RO        11948    .text               mc_w.l(init.o)
    0x08000930   0x08000930   0x00000024   Code   RO        11950    .text               mc_w.l(llsshr.o)
    0x08000954   0x08000954   0x000000ba   Code   RO        11954    .text               mf_w.l(depilogue.o)
    0x08000a0e   0x08000a0e   0x0000003a   Code   RO        11966    .text               mc_w.l(__dczerorl.o)
    0x08000a48   0x08000a48   0x000001d0   Code   RO         6021    i.AppTaskCreate     main.o
    0x08000c18   0x08000c18   0x0000005c   Code   RO         6343    i.BSP_Init          board.o
    0x08000c74   0x08000c74   0x00000002   Code   RO         6113    i.BusFault_Handler  stm32h7xx_it.o
    0x08000c76   0x08000c76   0x00000002   PAD
    0x08000c78   0x08000c78   0x00000080   Code   RO         6344    i.CPU_CACHE_Enable  board.o
    0x08000cf8   0x08000cf8   0x000000c4   Code   RO         6216    i.DEBUG_USART_Config  bsp_debug_usart.o
    0x08000dbc   0x08000dbc   0x00000002   Code   RO         6114    i.DebugMon_Handler  stm32h7xx_it.o
    0x08000dbe   0x08000dbe   0x0000005c   Code   RO         1065    i.ETH_DMARxDescListInit  stm32h7xx_hal_eth.o
    0x08000e1a   0x08000e1a   0x0000004c   Code   RO         1066    i.ETH_DMATxDescListInit  stm32h7xx_hal_eth.o
    0x08000e66   0x08000e66   0x00000002   PAD
    0x08000e68   0x08000e68   0x0000013c   Code   RO         6391    i.ETH_GPIO_Config   lan8720a.o
    0x08000fa4   0x08000fa4   0x00000028   Code   RO         6392    i.ETH_IRQHandler    lan8720a.o
    0x08000fcc   0x08000fcc   0x000000d8   Code   RO         1067    i.ETH_MACDMAConfig  stm32h7xx_hal_eth.o
    0x080010a4   0x080010a4   0x00000078   Code   RO         1068    i.ETH_MAC_MDIO_ClkConfig  stm32h7xx_hal_eth.o
    0x0800111c   0x0800111c   0x0000031c   Code   RO         1069    i.ETH_Prepare_Tx_Descriptors  stm32h7xx_hal_eth.o
    0x08001438   0x08001438   0x000000a0   Code   RO         1070    i.ETH_SetDMAConfig  stm32h7xx_hal_eth.o
    0x080014d8   0x080014d8   0x00000194   Code   RO         1071    i.ETH_SetMACConfig  stm32h7xx_hal_eth.o
    0x0800166c   0x0800166c   0x0000006c   Code   RO         6345    i.GPIO_CLK_Init     board.o
    0x080016d8   0x080016d8   0x00000024   Code   RO          170    i.HAL_Delay         stm32h7xx_hal.o
    0x080016fc   0x080016fc   0x00000078   Code   RO         1072    i.HAL_ETH_BuildRxDescriptors  stm32h7xx_hal_eth.o
    0x08001774   0x08001774   0x00000002   Code   RO         1073    i.HAL_ETH_DMAErrorCallback  stm32h7xx_hal_eth.o
    0x08001776   0x08001776   0x0000003e   Code   RO         1075    i.HAL_ETH_DescAssignMemory  stm32h7xx_hal_eth.o
    0x080017b4   0x080017b4   0x00000002   Code   RO         1076    i.HAL_ETH_EEECallback  stm32h7xx_hal_eth.o
    0x080017b6   0x080017b6   0x000001cc   Code   RO         1082    i.HAL_ETH_GetMACConfig  stm32h7xx_hal_eth.o
    0x08001982   0x08001982   0x0000009c   Code   RO         1086    i.HAL_ETH_GetRxDataBuffer  stm32h7xx_hal_eth.o
    0x08001a1e   0x08001a1e   0x00000036   Code   RO         1088    i.HAL_ETH_GetRxDataLength  stm32h7xx_hal_eth.o
    0x08001a54   0x08001a54   0x00000128   Code   RO         1090    i.HAL_ETH_IRQHandler  stm32h7xx_hal_eth.o
    0x08001b7c   0x08001b7c   0x00000128   Code   RO         1091    i.HAL_ETH_Init      stm32h7xx_hal_eth.o
    0x08001ca4   0x08001ca4   0x000000da   Code   RO         1092    i.HAL_ETH_IsRxDataAvailable  stm32h7xx_hal_eth.o
    0x08001d7e   0x08001d7e   0x00000002   Code   RO         1093    i.HAL_ETH_MACErrorCallback  stm32h7xx_hal_eth.o
    0x08001d80   0x08001d80   0x00000050   Code   RO         6394    i.HAL_ETH_MspInit   lan8720a.o
    0x08001dd0   0x08001dd0   0x00000002   Code   RO         1096    i.HAL_ETH_PMTCallback  stm32h7xx_hal_eth.o
    0x08001dd2   0x08001dd2   0x0000006a   Code   RO         1097    i.HAL_ETH_ReadPHYRegister  stm32h7xx_hal_eth.o
    0x08001e3c   0x08001e3c   0x00000040   Code   RO         6395    i.HAL_ETH_RxCpltCallback  lan8720a.o
    0x08001e7c   0x08001e7c   0x0000001c   Code   RO         1101    i.HAL_ETH_SetMACConfig  stm32h7xx_hal_eth.o
    0x08001e98   0x08001e98   0x000000ae   Code   RO         1108    i.HAL_ETH_Start_IT  stm32h7xx_hal_eth.o
    0x08001f46   0x08001f46   0x0000008a   Code   RO         1110    i.HAL_ETH_Stop_IT   stm32h7xx_hal_eth.o
    0x08001fd0   0x08001fd0   0x000000c4   Code   RO         1111    i.HAL_ETH_Transmit  stm32h7xx_hal_eth.o
    0x08002094   0x08002094   0x00000002   Code   RO         6396    i.HAL_ETH_TxCpltCallback  lan8720a.o
    0x08002096   0x08002096   0x00000002   Code   RO         1114    i.HAL_ETH_WakeUpCallback  stm32h7xx_hal_eth.o
    0x08002098   0x08002098   0x00000064   Code   RO         1115    i.HAL_ETH_WritePHYRegister  stm32h7xx_hal_eth.o
    0x080020fc   0x080020fc   0x000001f0   Code   RO         1817    i.HAL_GPIO_Init     stm32h7xx_hal_gpio.o
    0x080022ec   0x080022ec   0x0000000c   Code   RO          185    i.HAL_GetREVID      stm32h7xx_hal.o
    0x080022f8   0x080022f8   0x0000001c   Code   RO         6267    i.HAL_GetTick       core_delay.o
    0x08002314   0x08002314   0x00000010   Code   RO          192    i.HAL_IncTick       stm32h7xx_hal.o
    0x08002324   0x08002324   0x00000058   Code   RO          193    i.HAL_Init          stm32h7xx_hal.o
    0x0800237c   0x0800237c   0x00000024   Code   RO         6268    i.HAL_InitTick      core_delay.o
    0x080023a0   0x080023a0   0x00000058   Code   RO          576    i.HAL_MPU_ConfigRegion  stm32h7xx_hal_cortex.o
    0x080023f8   0x080023f8   0x0000001c   Code   RO          577    i.HAL_MPU_Disable   stm32h7xx_hal_cortex.o
    0x08002414   0x08002414   0x00000024   Code   RO          578    i.HAL_MPU_Enable    stm32h7xx_hal_cortex.o
    0x08002438   0x08002438   0x00000002   Code   RO          196    i.HAL_MspInit       stm32h7xx_hal.o
    0x0800243a   0x0800243a   0x0000001a   Code   RO          581    i.HAL_NVIC_EnableIRQ  stm32h7xx_hal_cortex.o
    0x08002454   0x08002454   0x00000040   Code   RO          587    i.HAL_NVIC_SetPriority  stm32h7xx_hal_cortex.o
    0x08002494   0x08002494   0x00000024   Code   RO          588    i.HAL_NVIC_SetPriorityGrouping  stm32h7xx_hal_cortex.o
    0x080024b8   0x080024b8   0x0000002c   Code   RO         3709    i.HAL_RCCEx_GetD1SysClockFreq  stm32h7xx_hal_rcc_ex.o
    0x080024e4   0x080024e4   0x00000024   Code   RO         3710    i.HAL_RCCEx_GetD3PCLK1Freq  stm32h7xx_hal_rcc_ex.o
    0x08002508   0x08002508   0x000001c0   Code   RO         3712    i.HAL_RCCEx_GetPLL2ClockFreq  stm32h7xx_hal_rcc_ex.o
    0x080026c8   0x080026c8   0x000001c0   Code   RO         3713    i.HAL_RCCEx_GetPLL3ClockFreq  stm32h7xx_hal_rcc_ex.o
    0x08002888   0x08002888   0x0000091c   Code   RO         3717    i.HAL_RCCEx_PeriphCLKConfig  stm32h7xx_hal_rcc_ex.o
    0x080031a4   0x080031a4   0x00000264   Code   RO         3596    i.HAL_RCC_ClockConfig  stm32h7xx_hal_rcc.o
    0x08003408   0x08003408   0x0000002c   Code   RO         3601    i.HAL_RCC_GetHCLKFreq  stm32h7xx_hal_rcc.o
    0x08003434   0x08003434   0x00000024   Code   RO         3603    i.HAL_RCC_GetPCLK1Freq  stm32h7xx_hal_rcc.o
    0x08003458   0x08003458   0x00000024   Code   RO         3604    i.HAL_RCC_GetPCLK2Freq  stm32h7xx_hal_rcc.o
    0x0800347c   0x0800347c   0x000001b4   Code   RO         3605    i.HAL_RCC_GetSysClockFreq  stm32h7xx_hal_rcc.o
    0x08003630   0x08003630   0x00000594   Code   RO         3608    i.HAL_RCC_OscConfig  stm32h7xx_hal_rcc.o
    0x08003bc4   0x08003bc4   0x00000014   Code   RO          205    i.HAL_SYSCFG_ETHInterfaceSelect  stm32h7xx_hal.o
    0x08003bd8   0x08003bd8   0x00000070   Code   RO         5164    i.HAL_UART_Init     stm32h7xx_hal_uart.o
    0x08003c48   0x08003c48   0x00000002   Code   RO         5166    i.HAL_UART_MspInit  stm32h7xx_hal_uart.o
    0x08003c4a   0x08003c4a   0x000000c8   Code   RO         5173    i.HAL_UART_Transmit  stm32h7xx_hal_uart.o
    0x08003d12   0x08003d12   0x00000002   Code   RO         6115    i.HardFault_Handler  stm32h7xx_it.o
    0x08003d14   0x08003d14   0x00000018   Code   RO         6397    i.LAN8720_GetLinkState  lan8720a.o
    0x08003d2c   0x08003d2c   0x00000062   Code   RO         6398    i.LAN8720_Init      lan8720a.o
    0x08003d8e   0x08003d8e   0x00000002   PAD
    0x08003d90   0x08003d90   0x000000b8   Code   RO         6192    i.LED_GPIO_Config   bsp_led.o
    0x08003e48   0x08003e48   0x00000084   Code   RO         6346    i.MPU_Config        board.o
    0x08003ecc   0x08003ecc   0x00000002   Code   RO         6116    i.MemManage_Handler  stm32h7xx_it.o
    0x08003ece   0x08003ece   0x00000002   Code   RO         6117    i.NMI_Handler       stm32h7xx_it.o
    0x08003ed0   0x08003ed0   0x00000124   Code   RO         3720    i.RCCEx_PLL2_Config  stm32h7xx_hal_rcc_ex.o
    0x08003ff4   0x08003ff4   0x00000124   Code   RO         3721    i.RCCEx_PLL3_Config  stm32h7xx_hal_rcc_ex.o
    0x08004118   0x08004118   0x00000024   Code   RO        11291    i.SCB_InvalidateDCache_by_Addr  ethernetif.o
    0x0800413c   0x0800413c   0x0000002e   Code   RO         6118    i.SysTick_Handler   stm32h7xx_it.o
    0x0800416a   0x0800416a   0x00000002   PAD
    0x0800416c   0x0800416c   0x000000ac   Code   RO         6347    i.SystemClock_Config  board.o
    0x08004218   0x08004218   0x00000098   Code   RO           14    i.SystemInit        system_stm32h7xx.o
    0x080042b0   0x080042b0   0x000000a4   Code   RO        11383    i.TCPIP_Init        sys_arch.o
    0x08004354   0x08004354   0x0000001c   Code   RO         6022    i.Test1_Task        main.o
    0x08004370   0x08004370   0x0000001c   Code   RO         6023    i.Test2_Task        main.o
    0x0800438c   0x0800438c   0x000000c8   Code   RO         5178    i.UART_AdvFeatureConfig  stm32h7xx_hal_uart.o
    0x08004454   0x08004454   0x0000005e   Code   RO         5179    i.UART_CheckIdleState  stm32h7xx_hal_uart.o
    0x080044b2   0x080044b2   0x00000002   PAD
    0x080044b4   0x080044b4   0x00001540   Code   RO         5197    i.UART_SetConfig    stm32h7xx_hal_uart.o
    0x080059f4   0x080059f4   0x000000a8   Code   RO         5202    i.UART_WaitOnFlagUntilTimeout  stm32h7xx_hal_uart.o
    0x08005a9c   0x08005a9c   0x00000002   Code   RO         6119    i.UsageFault_Handler  stm32h7xx_it.o
    0x08005a9e   0x08005a9e   0x00000002   PAD
    0x08005aa0   0x08005aa0   0x00000020   Code   RO        11873    i.__0printf         mc_w.l(printfa.o)
    0x08005ac0   0x08005ac0   0x00000020   Code   RO          594    i.__NVIC_SetPriority  stm32h7xx_hal_cortex.o
    0x08005ae0   0x08005ae0   0x0000000e   Code   RO        11960    i.__scatterload_copy  mc_w.l(handlers.o)
    0x08005aee   0x08005aee   0x00000002   Code   RO        11961    i.__scatterload_null  mc_w.l(handlers.o)
    0x08005af0   0x08005af0   0x0000000e   Code   RO        11962    i.__scatterload_zeroinit  mc_w.l(handlers.o)
    0x08005afe   0x08005afe   0x00000002   PAD
    0x08005b00   0x08005b00   0x00000184   Code   RO        11880    i._fp_digits        mc_w.l(printfa.o)
    0x08005c84   0x08005c84   0x000006dc   Code   RO        11881    i._printf_core      mc_w.l(printfa.o)
    0x08006360   0x08006360   0x00000024   Code   RO        11882    i._printf_post_padding  mc_w.l(printfa.o)
    0x08006384   0x08006384   0x0000002e   Code   RO        11883    i._printf_pre_padding  mc_w.l(printfa.o)
    0x080063b2   0x080063b2   0x00000002   PAD
    0x080063b4   0x080063b4   0x00000090   Code   RO         8180    i.alloc_socket      sockets.o
    0x08006444   0x08006444   0x00000024   Code   RO         8796    i.dns_backupserver_available  dns.o
    0x08006468   0x08006468   0x00000094   Code   RO         8797    i.dns_call_found    dns.o
    0x080064fc   0x080064fc   0x00000014   Code   RO         8798    i.dns_check_entries  dns.o
    0x08006510   0x08006510   0x000000e8   Code   RO         8799    i.dns_check_entry   dns.o
    0x080065f8   0x080065f8   0x00000030   Code   RO         8802    i.dns_create_txid   dns.o
    0x08006628   0x08006628   0x00000024   Code   RO         8807    i.dns_init          dns.o
    0x0800664c   0x0800664c   0x0000014c   Code   RO         8810    i.dns_send          dns.o
    0x08006798   0x08006798   0x00000024   Code   RO         8811    i.dns_setserver     dns.o
    0x080067bc   0x080067bc   0x00000004   Code   RO         8813    i.dns_tmr           dns.o
    0x080067c0   0x080067c0   0x00000048   Code   RO         9179    i.do_memp_free_pool  memp.o
    0x08006808   0x08006808   0x00000058   Code   RO         9180    i.do_memp_malloc_pool  memp.o
    0x08006860   0x08006860   0x00000150   Code   RO         7717    i.err_tcp           api_msg.o
    0x080069b0   0x080069b0   0x0000001c   Code   RO         7949    i.err_to_errno      err.o
    0x080069cc   0x080069cc   0x0000002c   Code   RO        10609    i.etharp_cleanup_netif  etharp.o
    0x080069f8   0x080069f8   0x000001e0   Code   RO        10611    i.etharp_find_entry  etharp.o
    0x08006bd8   0x08006bd8   0x00000028   Code   RO        10612    i.etharp_free_entry  etharp.o
    0x08006c00   0x08006c00   0x000000b0   Code   RO        10614    i.etharp_input      etharp.o
    0x08006cb0   0x08006cb0   0x00000144   Code   RO        10615    i.etharp_output     etharp.o
    0x08006df4   0x08006df4   0x000000b0   Code   RO        10616    i.etharp_output_to_arp_index  etharp.o
    0x08006ea4   0x08006ea4   0x00000180   Code   RO        10617    i.etharp_query      etharp.o
    0x08007024   0x08007024   0x000000fc   Code   RO        10618    i.etharp_raw        etharp.o
    0x08007120   0x08007120   0x0000000c   Code   RO        10619    i.etharp_request    etharp.o
    0x0800712c   0x0800712c   0x00000020   Code   RO        10620    i.etharp_request_dst  etharp.o
    0x0800714c   0x0800714c   0x00000060   Code   RO        10621    i.etharp_tmr        etharp.o
    0x080071ac   0x080071ac   0x000000b4   Code   RO        10622    i.etharp_update_arp_entry  etharp.o
    0x08007260   0x08007260   0x000000a8   Code   RO        11127    i.ethernet_input    ethernet.o
    0x08007308   0x08007308   0x000000a8   Code   RO        11292    i.ethernet_link_check_state  ethernetif.o
    0x080073b0   0x080073b0   0x0000008c   Code   RO        11128    i.ethernet_output   ethernet.o
    0x0800743c   0x0800743c   0x00000058   Code   RO        11293    i.ethernetif_init   ethernetif.o
    0x08007494   0x08007494   0x00000064   Code   RO        11294    i.ethernetif_input  ethernetif.o
    0x080074f8   0x080074f8   0x000000e4   Code   RO         8181    i.event_callback    sockets.o
    0x080075dc   0x080075dc   0x00000018   Code   RO         6219    i.fputc             bsp_debug_usart.o
    0x080075f4   0x080075f4   0x00000030   Code   RO         8182    i.free_socket       sockets.o
    0x08007624   0x08007624   0x00000028   Code   RO         8183    i.free_socket_free_elements  sockets.o
    0x0800764c   0x0800764c   0x00000012   Code   RO         8184    i.free_socket_locked  sockets.o
    0x0800765e   0x0800765e   0x00000002   PAD
    0x08007660   0x08007660   0x00000018   Code   RO         8185    i.get_socket        sockets.o
    0x08007678   0x08007678   0x00000008   Code   RO        10718    i.icmp_dest_unreach  icmp.o
    0x08007680   0x08007680   0x000001b4   Code   RO        10719    i.icmp_input        icmp.o
    0x08007834   0x08007834   0x000000a8   Code   RO        10720    i.icmp_send_response  icmp.o
    0x080078dc   0x080078dc   0x00000008   Code   RO        10721    i.icmp_time_exceeded  icmp.o
    0x080078e4   0x080078e4   0x00000022   Code   RO        10762    i.igmp_delaying_member  igmp.o
    0x08007906   0x08007906   0x00000002   PAD
    0x08007908   0x08007908   0x0000001c   Code   RO        10763    i.igmp_init         igmp.o
    0x08007924   0x08007924   0x000000bc   Code   RO        10764    i.igmp_input        igmp.o
    0x080079e0   0x080079e0   0x0000002c   Code   RO        10765    i.igmp_ip_output_if  igmp.o
    0x08007a0c   0x08007a0c   0x000000d4   Code   RO        10766    i.igmp_joingroup    igmp.o
    0x08007ae0   0x08007ae0   0x0000013c   Code   RO        10767    i.igmp_joingroup_netif  igmp.o
    0x08007c1c   0x08007c1c   0x000000dc   Code   RO        10768    i.igmp_leavegroup   igmp.o
    0x08007cf8   0x08007cf8   0x0000014c   Code   RO        10769    i.igmp_leavegroup_netif  igmp.o
    0x08007e44   0x08007e44   0x00000014   Code   RO        10770    i.igmp_lookfor_group  igmp.o
    0x08007e58   0x08007e58   0x000000a8   Code   RO        10771    i.igmp_lookup_group  igmp.o
    0x08007f00   0x08007f00   0x00000024   Code   RO        10772    i.igmp_remove_group  igmp.o
    0x08007f24   0x08007f24   0x0000001c   Code   RO        10773    i.igmp_report_groups  igmp.o
    0x08007f40   0x08007f40   0x000000d0   Code   RO        10774    i.igmp_send         igmp.o
    0x08008010   0x08008010   0x00000034   Code   RO        10775    i.igmp_start        igmp.o
    0x08008044   0x08008044   0x00000028   Code   RO        10776    i.igmp_start_timer  igmp.o
    0x0800806c   0x0800806c   0x00000020   Code   RO        10778    i.igmp_timeout      igmp.o
    0x0800808c   0x0800808c   0x00000034   Code   RO        10779    i.igmp_tmr          igmp.o
    0x080080c0   0x080080c0   0x0000000c   Code   RO         8941    i.inet_chksum       inet_chksum.o
    0x080080cc   0x080080cc   0x0000004a   Code   RO         8942    i.inet_chksum_pbuf  inet_chksum.o
    0x08008116   0x08008116   0x00000040   Code   RO        10977    i.ip4_addr_isbroadcast_u32  ip4_addr.o
    0x08008156   0x08008156   0x00000002   PAD
    0x08008158   0x08008158   0x000001f8   Code   RO        11046    i.ip4_frag          ip4_frag.o
    0x08008350   0x08008350   0x000001dc   Code   RO        10890    i.ip4_input         ip4.o
    0x0800852c   0x0800852c   0x0000002c   Code   RO        10891    i.ip4_input_accept  ip4.o
    0x08008558   0x08008558   0x0000001e   Code   RO        10893    i.ip4_output_if     ip4.o
    0x08008576   0x08008576   0x0000003a   Code   RO        10894    i.ip4_output_if_opt  ip4.o
    0x080085b0   0x080085b0   0x0000015c   Code   RO        10895    i.ip4_output_if_opt_src  ip4.o
    0x0800870c   0x0800870c   0x0000001e   Code   RO        10896    i.ip4_output_if_src  ip4.o
    0x0800872a   0x0800872a   0x00000002   PAD
    0x0800872c   0x0800872c   0x000001e0   Code   RO        11047    i.ip4_reass         ip4_frag.o
    0x0800890c   0x0800890c   0x00000074   Code   RO        10897    i.ip4_route         ip4.o
    0x08008980   0x08008980   0x00000158   Code   RO        10979    i.ip4addr_aton      ip4_addr.o
    0x08008ad8   0x08008ad8   0x00000006   Code   RO        11048    i.ip_frag_alloc_pbuf_custom_ref  ip4_frag.o
    0x08008ade   0x08008ade   0x00000002   PAD
    0x08008ae0   0x08008ae0   0x00000028   Code   RO        11049    i.ip_frag_free_pbuf_custom_ref  ip4_frag.o
    0x08008b08   0x08008b08   0x000001dc   Code   RO        11050    i.ip_reass_chain_frag_into_datagram_and_validate  ip4_frag.o
    0x08008ce4   0x08008ce4   0x0000004c   Code   RO        11051    i.ip_reass_dequeue_datagram  ip4_frag.o
    0x08008d30   0x08008d30   0x00000054   Code   RO        11052    i.ip_reass_enqueue_new_datagram  ip4_frag.o
    0x08008d84   0x08008d84   0x00000118   Code   RO        11053    i.ip_reass_free_complete_datagram  ip4_frag.o
    0x08008e9c   0x08008e9c   0x00000088   Code   RO        11054    i.ip_reass_remove_oldest_datagram  ip4_frag.o
    0x08008f24   0x08008f24   0x0000002c   Code   RO        11055    i.ip_reass_tmr      ip4_frag.o
    0x08008f50   0x08008f50   0x00000014   Code   RO        10982    i.ipaddr_addr       ip4_addr.o
    0x08008f64   0x08008f64   0x000001c0   Code   RO         6463    i.iperf_client      iperf_client.o
    0x08009124   0x08009124   0x00000028   Code   RO         6464    i.iperf_client_init  iperf_client.o
    0x0800914c   0x0800914c   0x0000002c   Code   RO        11056    i.ipfrag_free_pbuf_custom  ip4_frag.o
    0x08009178   0x08009178   0x00000120   Code   RO        11295    i.low_level_init    ethernetif.o
    0x08009298   0x08009298   0x00000060   Code   RO        11296    i.low_level_input   ethernetif.o
    0x080092f8   0x080092f8   0x000000a0   Code   RO        11297    i.low_level_output  ethernetif.o
    0x08009398   0x08009398   0x00000080   Code   RO         8188    i.lwip_close        sockets.o
    0x08009418   0x08009418   0x0000009c   Code   RO         8189    i.lwip_connect      sockets.o
    0x080094b4   0x080094b4   0x00000040   Code   RO        10351    i.lwip_cyclic_timer  timeouts.o
    0x080094f4   0x080094f4   0x00000018   Code   RO         8740    i.lwip_htonl        def.o
    0x0800950c   0x0800950c   0x0000000a   Code   RO         8741    i.lwip_htons        def.o
    0x08009516   0x08009516   0x0000002a   Code   RO         9014    i.lwip_init         init.o
    0x08009540   0x08009540   0x0000027c   Code   RO         7721    i.lwip_netconn_do_close_internal  api_msg.o
    0x080097bc   0x080097bc   0x000000f4   Code   RO         7722    i.lwip_netconn_do_connect  api_msg.o
    0x080098b0   0x080098b0   0x0000010c   Code   RO         7723    i.lwip_netconn_do_connected  api_msg.o
    0x080099bc   0x080099bc   0x00000154   Code   RO         7724    i.lwip_netconn_do_delconn  api_msg.o
    0x08009b10   0x08009b10   0x00000022   Code   RO         7725    i.lwip_netconn_do_disconnect  api_msg.o
    0x08009b32   0x08009b32   0x0000003c   Code   RO         7729    i.lwip_netconn_do_join_leave_group  api_msg.o
    0x08009b6e   0x08009b6e   0x00000012   Code   RO         7732    i.lwip_netconn_do_newconn  api_msg.o
    0x08009b80   0x08009b80   0x00000042   Code   RO         7734    i.lwip_netconn_do_send  api_msg.o
    0x08009bc2   0x08009bc2   0x00000002   PAD
    0x08009bc4   0x08009bc4   0x000000d0   Code   RO         7735    i.lwip_netconn_do_write  api_msg.o
    0x08009c94   0x08009c94   0x00000304   Code   RO         7736    i.lwip_netconn_do_writemore  api_msg.o
    0x08009f98   0x08009f98   0x00000044   Code   RO         7737    i.lwip_netconn_err_to_msg  api_msg.o
    0x08009fdc   0x08009fdc   0x00000054   Code   RO         7738    i.lwip_netconn_is_err_msg  api_msg.o
    0x0800a030   0x0800a030   0x00000044   Code   RO         8202    i.lwip_poll_should_wake  sockets.o
    0x0800a074   0x0800a074   0x0000007c   Code   RO         8214    i.lwip_send         sockets.o
    0x0800a0f0   0x0800a0f0   0x000000f4   Code   RO         8216    i.lwip_sendto       sockets.o
    0x0800a1e4   0x0800a1e4   0x0000007c   Code   RO         8221    i.lwip_socket       sockets.o
    0x0800a260   0x0800a260   0x0000004c   Code   RO         8223    i.lwip_socket_drop_registered_memberships  sockets.o
    0x0800a2ac   0x0800a2ac   0x00000056   Code   RO         8949    i.lwip_standard_chksum  inet_chksum.o
    0x0800a302   0x0800a302   0x00000006   Code   RO         8230    i.lwip_write        sockets.o
    0x0800a308   0x0800a308   0x00000044   Code   RO         6024    i.main              main.o
    0x0800a34c   0x0800a34c   0x0000014c   Code   RO         9108    i.mem_free          mem.o
    0x0800a498   0x0800a498   0x00000068   Code   RO         9109    i.mem_init          mem.o
    0x0800a500   0x0800a500   0x00000050   Code   RO         9110    i.mem_link_valid    mem.o
    0x0800a550   0x0800a550   0x000001e0   Code   RO         9111    i.mem_malloc        mem.o
    0x0800a730   0x0800a730   0x00000010   Code   RO         9112    i.mem_to_ptr        mem.o
    0x0800a740   0x0800a740   0x0000018c   Code   RO         9113    i.mem_trim          mem.o
    0x0800a8cc   0x0800a8cc   0x0000003c   Code   RO         9181    i.memp_free         memp.o
    0x0800a908   0x0800a908   0x0000003c   Code   RO         9182    i.memp_free_pool    memp.o
    0x0800a944   0x0800a944   0x0000001c   Code   RO         9183    i.memp_init         memp.o
    0x0800a960   0x0800a960   0x0000002a   Code   RO         9184    i.memp_init_pool    memp.o
    0x0800a98a   0x0800a98a   0x00000002   PAD
    0x0800a98c   0x0800a98c   0x00000044   Code   RO         9185    i.memp_malloc       memp.o
    0x0800a9d0   0x0800a9d0   0x00000034   Code   RO         9186    i.memp_malloc_pool  memp.o
    0x0800aa04   0x0800aa04   0x00000024   Code   RO         8021    i.netbuf_delete     netbuf.o
    0x0800aa28   0x0800aa28   0x00000040   Code   RO         8023    i.netbuf_free       netbuf.o
    0x0800aa68   0x0800aa68   0x00000060   Code   RO         8026    i.netbuf_ref        netbuf.o
    0x0800aac8   0x0800aac8   0x000000a8   Code   RO         7739    i.netconn_alloc     api_msg.o
    0x0800ab70   0x0800ab70   0x00000018   Code   RO         7434    i.netconn_apimsg    api_lib.o
    0x0800ab88   0x0800ab88   0x00000058   Code   RO         7439    i.netconn_connect   api_lib.o
    0x0800abe0   0x0800abe0   0x00000022   Code   RO         7440    i.netconn_delete    api_lib.o
    0x0800ac02   0x0800ac02   0x00000002   PAD
    0x0800ac04   0x0800ac04   0x0000004c   Code   RO         7441    i.netconn_disconnect  api_lib.o
    0x0800ac50   0x0800ac50   0x0000009a   Code   RO         7740    i.netconn_drain     api_msg.o
    0x0800acea   0x0800acea   0x00000020   Code   RO         7442    i.netconn_err       api_lib.o
    0x0800ad0a   0x0800ad0a   0x00000002   PAD
    0x0800ad0c   0x0800ad0c   0x000000f4   Code   RO         7741    i.netconn_free      api_msg.o
    0x0800ae00   0x0800ae00   0x00000064   Code   RO         7445    i.netconn_join_leave_group  api_lib.o
    0x0800ae64   0x0800ae64   0x00000100   Code   RO         7448    i.netconn_new_with_proto_and_callback  api_lib.o
    0x0800af64   0x0800af64   0x00000028   Code   RO         7449    i.netconn_prepare_delete  api_lib.o
    0x0800af8c   0x0800af8c   0x00000044   Code   RO         7457    i.netconn_send      api_lib.o
    0x0800afd0   0x0800afd0   0x00000014   Code   RO         7462    i.netconn_write_partly  api_lib.o
    0x0800afe4   0x0800afe4   0x0000012c   Code   RO         7463    i.netconn_write_vectors_partly  api_lib.o
    0x0800b110   0x0800b110   0x0000017c   Code   RO         9325    i.netif_add         netif.o
    0x0800b28c   0x0800b28c   0x0000001a   Code   RO         9327    i.netif_do_ip_addr_changed  netif.o
    0x0800b2a6   0x0800b2a6   0x00000016   Code   RO         9328    i.netif_do_set_gw   netif.o
    0x0800b2bc   0x0800b2bc   0x00000058   Code   RO         9329    i.netif_do_set_ipaddr  netif.o
    0x0800b314   0x0800b314   0x00000016   Code   RO         9330    i.netif_do_set_netmask  netif.o
    0x0800b32a   0x0800b32a   0x00000002   PAD
    0x0800b32c   0x0800b32c   0x00000028   Code   RO         9332    i.netif_get_by_index  netif.o
    0x0800b354   0x0800b354   0x00000002   Code   RO         9334    i.netif_init        netif.o
    0x0800b356   0x0800b356   0x00000002   PAD
    0x0800b358   0x0800b358   0x0000006c   Code   RO         9336    i.netif_issue_reports  netif.o
    0x0800b3c4   0x0800b3c4   0x00000006   Code   RO         9338    i.netif_null_output_ip4  netif.o
    0x0800b3ca   0x0800b3ca   0x00000002   PAD
    0x0800b3cc   0x0800b3cc   0x00000064   Code   RO         9340    i.netif_set_addr    netif.o
    0x0800b430   0x0800b430   0x0000000c   Code   RO         9341    i.netif_set_default  netif.o
    0x0800b43c   0x0800b43c   0x00000044   Code   RO         9342    i.netif_set_down    netif.o
    0x0800b480   0x0800b480   0x00000040   Code   RO         9345    i.netif_set_link_down  netif.o
    0x0800b4c0   0x0800b4c0   0x00000048   Code   RO         9346    i.netif_set_link_up  netif.o
    0x0800b508   0x0800b508   0x00000040   Code   RO         9348    i.netif_set_up      netif.o
    0x0800b548   0x0800b548   0x00000006   Code   RO         9504    i.pbuf_add_header   pbuf.o
    0x0800b54e   0x0800b54e   0x00000002   PAD
    0x0800b550   0x0800b550   0x00000070   Code   RO         9506    i.pbuf_add_header_impl  pbuf.o
    0x0800b5c0   0x0800b5c0   0x000001c4   Code   RO         9507    i.pbuf_alloc        pbuf.o
    0x0800b784   0x0800b784   0x00000054   Code   RO         9508    i.pbuf_alloc_reference  pbuf.o
    0x0800b7d8   0x0800b7d8   0x00000036   Code   RO         9509    i.pbuf_alloced_custom  pbuf.o
    0x0800b80e   0x0800b80e   0x00000002   PAD
    0x0800b810   0x0800b810   0x000000c4   Code   RO         9510    i.pbuf_cat          pbuf.o
    0x0800b8d4   0x0800b8d4   0x00000014   Code   RO         9511    i.pbuf_chain        pbuf.o
    0x0800b8e8   0x0800b8e8   0x00000012   Code   RO         9512    i.pbuf_clen         pbuf.o
    0x0800b8fa   0x0800b8fa   0x00000002   PAD
    0x0800b8fc   0x0800b8fc   0x00000040   Code   RO         9513    i.pbuf_clone        pbuf.o
    0x0800b93c   0x0800b93c   0x00000164   Code   RO         9515    i.pbuf_copy         pbuf.o
    0x0800baa0   0x0800baa0   0x000000bc   Code   RO         9516    i.pbuf_copy_partial  pbuf.o
    0x0800bb5c   0x0800bb5c   0x000000f4   Code   RO         9518    i.pbuf_free         pbuf.o
    0x0800bc50   0x0800bc50   0x0000001c   Code   RO        11298    i.pbuf_free_custom  ethernetif.o
    0x0800bc6c   0x0800bc6c   0x00000006   Code   RO         9523    i.pbuf_header_force  pbuf.o
    0x0800bc72   0x0800bc72   0x0000000e   Code   RO         9524    i.pbuf_header_impl  pbuf.o
    0x0800bc80   0x0800bc80   0x0000001c   Code   RO         9525    i.pbuf_init_alloced_pbuf  pbuf.o
    0x0800bc9c   0x0800bc9c   0x0000001e   Code   RO         9528    i.pbuf_put_at       pbuf.o
    0x0800bcba   0x0800bcba   0x00000002   PAD
    0x0800bcbc   0x0800bcbc   0x000000c0   Code   RO         9529    i.pbuf_realloc      pbuf.o
    0x0800bd7c   0x0800bd7c   0x0000003c   Code   RO         9530    i.pbuf_ref          pbuf.o
    0x0800bdb8   0x0800bdb8   0x00000074   Code   RO         9531    i.pbuf_remove_header  pbuf.o
    0x0800be2c   0x0800be2c   0x00000004   Code   RO         9532    i.pbuf_skip         pbuf.o
    0x0800be30   0x0800be30   0x00000018   Code   RO         9533    i.pbuf_skip_const   pbuf.o
    0x0800be48   0x0800be48   0x00000100   Code   RO         9535    i.pbuf_take         pbuf.o
    0x0800bf48   0x0800bf48   0x0000007c   Code   RO         9536    i.pbuf_take_at      pbuf.o
    0x0800bfc4   0x0800bfc4   0x00000094   Code   RO         7742    i.pcb_new           api_msg.o
    0x0800c058   0x0800c058   0x00000128   Code   RO         9114    i.plug_holes        mem.o
    0x0800c180   0x0800c180   0x0000007c   Code   RO         7743    i.poll_tcp          api_msg.o
    0x0800c1fc   0x0800c1fc   0x00000070   Code   RO         6945    i.prvAddCurrentTaskToDelayedList  tasks.o
    0x0800c26c   0x0800c26c   0x00000088   Code   RO         6946    i.prvAddNewTaskToReadyList  tasks.o
    0x0800c2f4   0x0800c2f4   0x00000054   Code   RO         6947    i.prvCheckTasksWaitingTermination  tasks.o
    0x0800c348   0x0800c348   0x00000028   Code   RO         6762    i.prvCopyDataFromQueue  queue.o
    0x0800c370   0x0800c370   0x0000006e   Code   RO         6763    i.prvCopyDataToQueue  queue.o
    0x0800c3de   0x0800c3de   0x00000014   Code   RO         6948    i.prvDeleteTCB      tasks.o
    0x0800c3f2   0x0800c3f2   0x00000002   PAD
    0x0800c3f4   0x0800c3f4   0x0000004c   Code   RO         7283    i.prvHeapInit       heap_4.o
    0x0800c440   0x0800c440   0x00000028   Code   RO         6949    i.prvIdleTask       tasks.o
    0x0800c468   0x0800c468   0x00000018   Code   RO         6764    i.prvInitialiseMutex  queue.o
    0x0800c480   0x0800c480   0x00000018   Code   RO         6765    i.prvInitialiseNewQueue  queue.o
    0x0800c498   0x0800c498   0x000000b8   Code   RO         6950    i.prvInitialiseNewTask  tasks.o
    0x0800c550   0x0800c550   0x00000058   Code   RO         6951    i.prvInitialiseTaskLists  tasks.o
    0x0800c5a8   0x0800c5a8   0x00000054   Code   RO         7284    i.prvInsertBlockIntoFreeList  heap_4.o
    0x0800c5fc   0x0800c5fc   0x0000001a   Code   RO         6766    i.prvIsQueueEmpty   queue.o
    0x0800c616   0x0800c616   0x0000001e   Code   RO         6767    i.prvIsQueueFull    queue.o
    0x0800c634   0x0800c634   0x00000024   Code   RO         6952    i.prvResetNextTaskUnblockTime  tasks.o
    0x0800c658   0x0800c658   0x0000006c   Code   RO         7345    i.prvTaskExitError  port.o
    0x0800c6c4   0x0800c6c4   0x0000006a   Code   RO         6768    i.prvUnlockQueue    queue.o
    0x0800c72e   0x0800c72e   0x00000002   PAD
    0x0800c730   0x0800c730   0x0000000c   Code   RO         9115    i.ptr_to_mem        mem.o
    0x0800c73c   0x0800c73c   0x0000010c   Code   RO         7285    i.pvPortMalloc      heap_4.o
    0x0800c848   0x0800c848   0x00000018   Code   RO         6954    i.pvTaskIncrementMutexHeldCount  tasks.o
    0x0800c860   0x0800c860   0x00000024   Code   RO         7346    i.pxPortInitialiseStack  port.o
    0x0800c884   0x0800c884   0x00000108   Code   RO         7744    i.recv_tcp          api_msg.o
    0x0800c98c   0x0800c98c   0x00000108   Code   RO         7745    i.recv_udp          api_msg.o
    0x0800ca94   0x0800ca94   0x000000a4   Code   RO         8232    i.select_check_waiters  sockets.o
    0x0800cb38   0x0800cb38   0x00000070   Code   RO         7746    i.sent_tcp          api_msg.o
    0x0800cba8   0x0800cba8   0x00000044   Code   RO         7747    i.setup_tcp         api_msg.o
    0x0800cbec   0x0800cbec   0x00000042   Code   RO        11384    i.sys_arch_mbox_fetch  sys_arch.o
    0x0800cc2e   0x0800cc2e   0x00000020   Code   RO        11385    i.sys_arch_mbox_tryfetch  sys_arch.o
    0x0800cc4e   0x0800cc4e   0x0000000a   Code   RO        11386    i.sys_arch_protect  sys_arch.o
    0x0800cc58   0x0800cc58   0x00000040   Code   RO        11387    i.sys_arch_sem_wait  sys_arch.o
    0x0800cc98   0x0800cc98   0x00000004   Code   RO        11389    i.sys_arch_unprotect  sys_arch.o
    0x0800cc9c   0x0800cc9c   0x00000044   Code   RO        10352    i.sys_check_timeouts  timeouts.o
    0x0800cce0   0x0800cce0   0x00000024   Code   RO        11390    i.sys_init          sys_arch.o
    0x0800cd04   0x0800cd04   0x00000014   Code   RO        11392    i.sys_mbox_free     sys_arch.o
    0x0800cd18   0x0800cd18   0x0000001c   Code   RO        11393    i.sys_mbox_new      sys_arch.o
    0x0800cd34   0x0800cd34   0x00000006   Code   RO        11395    i.sys_mbox_set_invalid  sys_arch.o
    0x0800cd3a   0x0800cd3a   0x0000001c   Code   RO        11396    i.sys_mbox_trypost  sys_arch.o
    0x0800cd56   0x0800cd56   0x0000000e   Code   RO        11398    i.sys_mbox_valid    sys_arch.o
    0x0800cd64   0x0800cd64   0x0000000c   Code   RO        11400    i.sys_mutex_lock    sys_arch.o
    0x0800cd70   0x0800cd70   0x0000003c   Code   RO        11401    i.sys_mutex_new     sys_arch.o
    0x0800cdac   0x0800cdac   0x0000000c   Code   RO        11403    i.sys_mutex_unlock  sys_arch.o
    0x0800cdb8   0x0800cdb8   0x00000010   Code   RO        11404    i.sys_now           sys_arch.o
    0x0800cdc8   0x0800cdc8   0x00000010   Code   RO        11405    i.sys_sem_free      sys_arch.o
    0x0800cdd8   0x0800cdd8   0x0000005c   Code   RO        11406    i.sys_sem_new       sys_arch.o
    0x0800ce34   0x0800ce34   0x00000006   Code   RO        11407    i.sys_sem_set_invalid  sys_arch.o
    0x0800ce3a   0x0800ce3a   0x00000002   PAD
    0x0800ce3c   0x0800ce3c   0x00000040   Code   RO        11408    i.sys_sem_signal    sys_arch.o
    0x0800ce7c   0x0800ce7c   0x0000000e   Code   RO        11409    i.sys_sem_valid     sys_arch.o
    0x0800ce8a   0x0800ce8a   0x00000002   PAD
    0x0800ce8c   0x0800ce8c   0x0000005c   Code   RO        11410    i.sys_thread_new    sys_arch.o
    0x0800cee8   0x0800cee8   0x00000060   Code   RO        10354    i.sys_timeout       timeouts.o
    0x0800cf48   0x0800cf48   0x000000a0   Code   RO        10355    i.sys_timeout_abs   timeouts.o
    0x0800cfe8   0x0800cfe8   0x00000024   Code   RO        10356    i.sys_timeouts_init  timeouts.o
    0x0800d00c   0x0800d00c   0x00000028   Code   RO        10357    i.sys_timeouts_sleeptime  timeouts.o
    0x0800d034   0x0800d034   0x0000013c   Code   RO         9782    i.tcp_abandon       tcp.o
    0x0800d170   0x0800d170   0x00000006   Code   RO         9783    i.tcp_abort         tcp.o
    0x0800d176   0x0800d176   0x0000000e   Code   RO         9784    i.tcp_accept        tcp.o
    0x0800d184   0x0800d184   0x000000ac   Code   RO         9786    i.tcp_alloc         tcp.o
    0x0800d230   0x0800d230   0x00000008   Code   RO         9787    i.tcp_arg           tcp.o
    0x0800d238   0x0800d238   0x00000044   Code   RO         9790    i.tcp_close         tcp.o
    0x0800d27c   0x0800d27c   0x00000150   Code   RO         9791    i.tcp_close_shutdown  tcp.o
    0x0800d3cc   0x0800d3cc   0x00000078   Code   RO         9792    i.tcp_close_shutdown_fin  tcp.o
    0x0800d444   0x0800d444   0x00000184   Code   RO         9793    i.tcp_connect       tcp.o
    0x0800d5c8   0x0800d5c8   0x0000011c   Code   RO        10191    i.tcp_create_segment  tcp_out.o
    0x0800d6e4   0x0800d6e4   0x0000005c   Code   RO         9795    i.tcp_eff_send_mss_netif  tcp.o
    0x0800d740   0x0800d740   0x000001bc   Code   RO        10192    i.tcp_enqueue_flags  tcp_out.o
    0x0800d8fc   0x0800d8fc   0x00000044   Code   RO         9796    i.tcp_err           tcp.o
    0x0800d940   0x0800d940   0x0000006c   Code   RO         9797    i.tcp_fasttmr       tcp.o
    0x0800d9ac   0x0800d9ac   0x00000030   Code   RO         9798    i.tcp_free          tcp.o
    0x0800d9dc   0x0800d9dc   0x000000d8   Code   RO        10107    i.tcp_free_acked_segments  tcp_in.o
    0x0800dab4   0x0800dab4   0x00000038   Code   RO         9799    i.tcp_free_listen   tcp.o
    0x0800daec   0x0800daec   0x00000028   Code   RO        10108    i.tcp_get_next_optbyte  tcp_in.o
    0x0800db14   0x0800db14   0x00000028   Code   RO         9800    i.tcp_handle_closepend  tcp.o
    0x0800db3c   0x0800db3c   0x00000018   Code   RO         9801    i.tcp_init          tcp.o
    0x0800db54   0x0800db54   0x000005fc   Code   RO        10109    i.tcp_input         tcp_in.o
    0x0800e150   0x0800e150   0x00000070   Code   RO        10110    i.tcp_input_delayed_close  tcp_in.o
    0x0800e1c0   0x0800e1c0   0x00000068   Code   RO        10193    i.tcp_keepalive     tcp_out.o
    0x0800e228   0x0800e228   0x00000050   Code   RO         9802    i.tcp_kill_prio     tcp.o
    0x0800e278   0x0800e278   0x0000005c   Code   RO         9803    i.tcp_kill_state    tcp.o
    0x0800e2d4   0x0800e2d4   0x00000034   Code   RO         9804    i.tcp_kill_timewait  tcp.o
    0x0800e308   0x0800e308   0x0000005c   Code   RO         9805    i.tcp_listen_closed  tcp.o
    0x0800e364   0x0800e364   0x00000134   Code   RO        10111    i.tcp_listen_input  tcp_in.o
    0x0800e498   0x0800e498   0x0000004c   Code   RO         9808    i.tcp_netif_ip_addr_changed  tcp.o
    0x0800e4e4   0x0800e4e4   0x00000064   Code   RO         9809    i.tcp_netif_ip_addr_changed_pcblist  tcp.o
    0x0800e548   0x0800e548   0x00000006   Code   RO         9811    i.tcp_new_ip_type   tcp.o
    0x0800e54e   0x0800e54e   0x00000002   PAD
    0x0800e550   0x0800e550   0x00000058   Code   RO         9812    i.tcp_new_port      tcp.o
    0x0800e5a8   0x0800e5a8   0x00000038   Code   RO         9813    i.tcp_next_iss      tcp.o
    0x0800e5e0   0x0800e5e0   0x00000284   Code   RO        10194    i.tcp_output        tcp_out.o
    0x0800e864   0x0800e864   0x0000006c   Code   RO        10195    i.tcp_output_alloc_header  tcp_out.o
    0x0800e8d0   0x0800e8d0   0x000000b0   Code   RO        10196    i.tcp_output_alloc_header_common  tcp_out.o
    0x0800e980   0x0800e980   0x0000007c   Code   RO        10197    i.tcp_output_control_segment  tcp_out.o
    0x0800e9fc   0x0800e9fc   0x00000070   Code   RO        10198    i.tcp_output_fill_options  tcp_out.o
    0x0800ea6c   0x0800ea6c   0x00000164   Code   RO        10199    i.tcp_output_segment  tcp_out.o
    0x0800ebd0   0x0800ebd0   0x00000048   Code   RO        10200    i.tcp_output_segment_busy  tcp_out.o
    0x0800ec18   0x0800ec18   0x00000098   Code   RO        10112    i.tcp_parseopt      tcp_in.o
    0x0800ecb0   0x0800ecb0   0x000000e0   Code   RO        10201    i.tcp_pbuf_prealloc  tcp_out.o
    0x0800ed90   0x0800ed90   0x00000064   Code   RO         9814    i.tcp_pcb_purge     tcp.o
    0x0800edf4   0x0800edf4   0x000000ec   Code   RO         9815    i.tcp_pcb_remove    tcp.o
    0x0800eee0   0x0800eee0   0x00000064   Code   RO         9816    i.tcp_poll          tcp.o
    0x0800ef44   0x0800ef44   0x0000050a   Code   RO        10113    i.tcp_process       tcp_in.o
    0x0800f44e   0x0800f44e   0x00000002   PAD
    0x0800f450   0x0800f450   0x000000ac   Code   RO         9817    i.tcp_process_refused_data  tcp.o
    0x0800f4fc   0x0800f4fc   0x00000570   Code   RO        10114    i.tcp_receive       tcp_in.o
    0x0800fa6c   0x0800fa6c   0x00000044   Code   RO         9818    i.tcp_recv          tcp.o
    0x0800fab0   0x0800fab0   0x00000050   Code   RO         9819    i.tcp_recv_null     tcp.o
    0x0800fb00   0x0800fb00   0x0000009c   Code   RO         9820    i.tcp_recved        tcp.o
    0x0800fb9c   0x0800fb9c   0x0000004c   Code   RO         9821    i.tcp_remove_listener  tcp.o
    0x0800fbe8   0x0800fbe8   0x0000008c   Code   RO        10202    i.tcp_rexmit        tcp_out.o
    0x0800fc74   0x0800fc74   0x00000088   Code   RO        10203    i.tcp_rexmit_fast   tcp_out.o
    0x0800fcfc   0x0800fcfc   0x00000040   Code   RO        10204    i.tcp_rexmit_rto    tcp_out.o
    0x0800fd3c   0x0800fd3c   0x0000004c   Code   RO        10205    i.tcp_rexmit_rto_commit  tcp_out.o
    0x0800fd88   0x0800fd88   0x000000a0   Code   RO        10206    i.tcp_rexmit_rto_prepare  tcp_out.o
    0x0800fe28   0x0800fe28   0x00000012   Code   RO        10207    i.tcp_route         tcp_out.o
    0x0800fe3a   0x0800fe3a   0x00000002   PAD
    0x0800fe3c   0x0800fe3c   0x000000a8   Code   RO        10208    i.tcp_rst           tcp_out.o
    0x0800fee4   0x0800fee4   0x0000001e   Code   RO         9822    i.tcp_seg_free      tcp.o
    0x0800ff02   0x0800ff02   0x00000012   Code   RO         9823    i.tcp_segs_free     tcp.o
    0x0800ff14   0x0800ff14   0x0000008c   Code   RO        10209    i.tcp_send_empty_ack  tcp_out.o
    0x0800ffa0   0x0800ffa0   0x0000006c   Code   RO        10210    i.tcp_send_fin      tcp_out.o
    0x0801000c   0x0801000c   0x00000044   Code   RO         9824    i.tcp_sent          tcp.o
    0x08010050   0x08010050   0x00000090   Code   RO         9826    i.tcp_shutdown      tcp.o
    0x080100e0   0x080100e0   0x00000520   Code   RO         9827    i.tcp_slowtmr       tcp.o
    0x08010600   0x08010600   0x000001bc   Code   RO        10211    i.tcp_split_unsent_seg  tcp_out.o
    0x080107bc   0x080107bc   0x00000034   Code   RO        10359    i.tcp_timer_needed  timeouts.o
    0x080107f0   0x080107f0   0x00000098   Code   RO        10115    i.tcp_timewait_input  tcp_in.o
    0x08010888   0x08010888   0x00000020   Code   RO         9829    i.tcp_tmr           tcp.o
    0x080108a8   0x080108a8   0x00000010   Code   RO        10116    i.tcp_trigger_input_pcb_close  tcp_in.o
    0x080108b8   0x080108b8   0x00000090   Code   RO         9831    i.tcp_update_rcv_ann_wnd  tcp.o
    0x08010948   0x08010948   0x000005fc   Code   RO        10212    i.tcp_write         tcp_out.o
    0x08010f44   0x08010f44   0x00000110   Code   RO        10213    i.tcp_write_checks  tcp_out.o
    0x08011054   0x08011054   0x000000ec   Code   RO        10214    i.tcp_zero_window_probe  tcp_out.o
    0x08011140   0x08011140   0x0000009c   Code   RO         8541    i.tcpip_init        tcpip.o
    0x080111dc   0x080111dc   0x00000064   Code   RO         8542    i.tcpip_inpkt       tcpip.o
    0x08011240   0x08011240   0x00000020   Code   RO         8543    i.tcpip_input       tcpip.o
    0x08011260   0x08011260   0x00000020   Code   RO         8544    i.tcpip_send_msg_wait_sem  tcpip.o
    0x08011280   0x08011280   0x00000038   Code   RO        10360    i.tcpip_tcp_timer   timeouts.o
    0x080112b8   0x080112b8   0x00000058   Code   RO         8545    i.tcpip_thread      tcpip.o
    0x08011310   0x08011310   0x00000074   Code   RO         8546    i.tcpip_thread_handle_msg  tcpip.o
    0x08011384   0x08011384   0x0000005c   Code   RO         8547    i.tcpip_timeouts_mbox_fetch  tcpip.o
    0x080113e0   0x080113e0   0x00000012   Code   RO         8233    i.tryget_socket     sockets.o
    0x080113f2   0x080113f2   0x00000004   Code   RO         8234    i.tryget_socket_unconn  sockets.o
    0x080113f6   0x080113f6   0x00000002   PAD
    0x080113f8   0x080113f8   0x00000014   Code   RO         8236    i.tryget_socket_unconn_nouse  sockets.o
    0x0801140c   0x0801140c   0x000000a8   Code   RO        10443    i.udp_bind          udp.o
    0x080114b4   0x080114b4   0x000000a4   Code   RO        10445    i.udp_connect       udp.o
    0x08011558   0x08011558   0x00000038   Code   RO        10446    i.udp_disconnect    udp.o
    0x08011590   0x08011590   0x00000018   Code   RO        10447    i.udp_init          udp.o
    0x080115a8   0x080115a8   0x000001b0   Code   RO        10448    i.udp_input         udp.o
    0x08011758   0x08011758   0x000000b4   Code   RO        10449    i.udp_input_local_match  udp.o
    0x0801180c   0x0801180c   0x00000034   Code   RO        10450    i.udp_netif_ip_addr_changed  udp.o
    0x08011840   0x08011840   0x0000001e   Code   RO        10451    i.udp_new           udp.o
    0x0801185e   0x0801185e   0x00000004   Code   RO        10452    i.udp_new_ip_type   udp.o
    0x08011862   0x08011862   0x00000002   PAD
    0x08011864   0x08011864   0x00000048   Code   RO        10453    i.udp_new_port      udp.o
    0x080118ac   0x080118ac   0x00000028   Code   RO        10454    i.udp_recv          udp.o
    0x080118d4   0x080118d4   0x00000050   Code   RO        10455    i.udp_remove        udp.o
    0x08011924   0x08011924   0x0000005c   Code   RO        10456    i.udp_send          udp.o
    0x08011980   0x08011980   0x000000e4   Code   RO        10457    i.udp_sendto        udp.o
    0x08011a64   0x08011a64   0x000000dc   Code   RO        10458    i.udp_sendto_if     udp.o
    0x08011b40   0x08011b40   0x00000210   Code   RO        10459    i.udp_sendto_if_src  udp.o
    0x08011d50   0x08011d50   0x00000024   Code   RO         6713    i.uxListRemove      list.o
    0x08011d74   0x08011d74   0x00000050   Code   RO         6769    i.uxQueueMessagesWaiting  queue.o
    0x08011dc4   0x08011dc4   0x00000016   Code   RO         6714    i.vListInitialise   list.o
    0x08011dda   0x08011dda   0x00000006   Code   RO         6715    i.vListInitialiseItem  list.o
    0x08011de0   0x08011de0   0x00000030   Code   RO         6716    i.vListInsert       list.o
    0x08011e10   0x08011e10   0x00000018   Code   RO         6717    i.vListInsertEnd    list.o
    0x08011e28   0x08011e28   0x00000080   Code   RO         7348    i.vPortEnterCritical  port.o
    0x08011ea8   0x08011ea8   0x0000006c   Code   RO         7349    i.vPortExitCritical  port.o
    0x08011f14   0x08011f14   0x0000009c   Code   RO         7286    i.vPortFree         heap_4.o
    0x08011fb0   0x08011fb0   0x00000020   Code   RO         7350    i.vPortSetupTimerInterrupt  port.o
    0x08011fd0   0x08011fd0   0x00000090   Code   RO         7351    i.vPortValidateInterruptPriority  port.o
    0x08012060   0x08012060   0x00000050   Code   RO         6773    i.vQueueDelete      queue.o
    0x080120b0   0x080120b0   0x00000028   Code   RO         6774    i.vQueueUnregisterQueue  queue.o
    0x080120d8   0x080120d8   0x00000078   Code   RO         6960    i.vTaskDelay        tasks.o
    0x08012150   0x08012150   0x000000d4   Code   RO         6962    i.vTaskDelete       tasks.o
    0x08012224   0x08012224   0x0000000c   Code   RO         6964    i.vTaskMissedYield  tasks.o
    0x08012230   0x08012230   0x00000060   Code   RO         6966    i.vTaskPlaceOnEventList  tasks.o
    0x08012290   0x08012290   0x00000088   Code   RO         6968    i.vTaskPriorityInherit  tasks.o
    0x08012318   0x08012318   0x00000050   Code   RO         6971    i.vTaskSetTimeOutState  tasks.o
    0x08012368   0x08012368   0x00000098   Code   RO         6972    i.vTaskStartScheduler  tasks.o
    0x08012400   0x08012400   0x00000010   Code   RO         6974    i.vTaskSuspendAll   tasks.o
    0x08012410   0x08012410   0x00000088   Code   RO         6975    i.vTaskSwitchContext  tasks.o
    0x08012498   0x08012498   0x000000e4   Code   RO         7352    i.xPortStartScheduler  port.o
    0x0801257c   0x0801257c   0x00000030   Code   RO         7353    i.xPortSysTickHandler  port.o
    0x080125ac   0x080125ac   0x00000064   Code   RO         6775    i.xQueueCreateCountingSemaphore  queue.o
    0x08012610   0x08012610   0x00000018   Code   RO         6776    i.xQueueCreateMutex  queue.o
    0x08012628   0x08012628   0x0000006c   Code   RO         6777    i.xQueueGenericCreate  queue.o
    0x08012694   0x08012694   0x000001a8   Code   RO         6778    i.xQueueGenericReceive  queue.o
    0x0801283c   0x0801283c   0x000000b4   Code   RO         6779    i.xQueueGenericReset  queue.o
    0x080128f0   0x080128f0   0x00000180   Code   RO         6780    i.xQueueGenericSend  queue.o
    0x08012a70   0x08012a70   0x000000c4   Code   RO         6782    i.xQueueGiveFromISR  queue.o
    0x08012b34   0x08012b34   0x00000098   Code   RO         6976    i.xTaskCheckForTimeOut  tasks.o
    0x08012bcc   0x08012bcc   0x00000060   Code   RO         6977    i.xTaskCreate       tasks.o
    0x08012c2c   0x08012c2c   0x0000001c   Code   RO         6981    i.xTaskGetSchedulerState  tasks.o
    0x08012c48   0x08012c48   0x0000000c   Code   RO         6982    i.xTaskGetTickCount  tasks.o
    0x08012c54   0x08012c54   0x000000f4   Code   RO         6984    i.xTaskIncrementTick  tasks.o
    0x08012d48   0x08012d48   0x000000bc   Code   RO         6987    i.xTaskPriorityDisinherit  tasks.o
    0x08012e04   0x08012e04   0x000000a4   Code   RO         6988    i.xTaskRemoveFromEventList  tasks.o
    0x08012ea8   0x08012ea8   0x000000f4   Code   RO         6990    i.xTaskResumeAll    tasks.o
    0x08012f9c   0x08012f9c   0x00000010   Data   RO           15    .constdata          system_stm32h7xx.o
    0x08012fac   0x08012fac   0x00000003   Data   RO         7748    .constdata          api_msg.o
    0x08012faf   0x08012faf   0x00000001   PAD
    0x08012fb0   0x08012fb0   0x00000044   Data   RO         7950    .constdata          err.o
    0x08012ff4   0x08012ff4   0x0000000c   Data   RO         9202    .constdata          memp.o
    0x08013000   0x08013000   0x0000000c   Data   RO         9203    .constdata          memp.o
    0x0801300c   0x0801300c   0x0000000c   Data   RO         9204    .constdata          memp.o
    0x08013018   0x08013018   0x0000000c   Data   RO         9205    .constdata          memp.o
    0x08013024   0x08013024   0x0000000c   Data   RO         9206    .constdata          memp.o
    0x08013030   0x08013030   0x0000000c   Data   RO         9207    .constdata          memp.o
    0x0801303c   0x0801303c   0x0000000c   Data   RO         9208    .constdata          memp.o
    0x08013048   0x08013048   0x0000000c   Data   RO         9209    .constdata          memp.o
    0x08013054   0x08013054   0x0000000c   Data   RO         9210    .constdata          memp.o
    0x08013060   0x08013060   0x0000000c   Data   RO         9211    .constdata          memp.o
    0x0801306c   0x0801306c   0x0000000c   Data   RO         9212    .constdata          memp.o
    0x08013078   0x08013078   0x0000000c   Data   RO         9213    .constdata          memp.o
    0x08013084   0x08013084   0x0000000c   Data   RO         9214    .constdata          memp.o
    0x08013090   0x08013090   0x0000000c   Data   RO         9215    .constdata          memp.o
    0x0801309c   0x0801309c   0x0000000c   Data   RO         9216    .constdata          memp.o
    0x080130a8   0x080130a8   0x0000003c   Data   RO         9217    .constdata          memp.o
    0x080130e4   0x080130e4   0x00000054   Data   RO         9832    .constdata          tcp.o
    0x08013138   0x08013138   0x00000028   Data   RO        10361    .constdata          timeouts.o
    0x08013160   0x08013160   0x00000004   Data   RO        10984    .constdata          ip4_addr.o
    0x08013164   0x08013164   0x00000004   Data   RO        10985    .constdata          ip4_addr.o
    0x08013168   0x08013168   0x00000006   Data   RO        11129    .constdata          ethernet.o
    0x0801316e   0x0801316e   0x00000006   Data   RO        11130    .constdata          ethernet.o
    0x08013174   0x08013174   0x0000000c   Data   RO        11304    .constdata          ethernetif.o
    0x08013180   0x08013180   0x00000081   Data   RO        11590    .constdata          mc_w.l(ctype_o.o)
    0x08013201   0x08013201   0x00000003   PAD
    0x08013204   0x08013204   0x00000004   Data   RO        11591    .constdata          mc_w.l(ctype_o.o)
    0x08013208   0x08013208   0x0000008b   Data   RO         6025    .conststring        main.o
    0x08013293   0x08013293   0x00000001   PAD
    0x08013294   0x08013294   0x000000b8   Data   RO         6465    .conststring        iperf_client.o
    0x0801334c   0x0801334c   0x00000075   Data   RO         9833    .conststring        tcp.o
    0x080133c1   0x080133c1   0x00000003   PAD
    0x080133c4   0x080133c4   0x00000055   Data   RO        10215    .conststring        tcp_out.o
    0x08013419   0x08013419   0x00000003   PAD
    0x0801341c   0x0801341c   0x00000041   Data   RO        10624    .conststring        etharp.o
    0x0801345d   0x0801345d   0x00000003   PAD
    0x08013460   0x08013460   0x00000041   Data   RO        10780    .conststring        igmp.o
    0x080134a1   0x080134a1   0x00000003   PAD
    0x080134a4   0x080134a4   0x00000020   Data   RO        11958    Region$$Table       anon$$obj.o


    Execution Region RW_IRAM1 (Exec base: 0x20000000, Load base: 0x080134c4, Size: 0x00000000, Max: 0x00020000, ABSOLUTE)

    **** No section assigned to this execution region ****


    Execution Region RW_IRAM2 (Exec base: 0x24000000, Load base: 0x080134c4, Size: 0x0001fdb0, Max: 0x00080000, ABSOLUTE, COMPRESSED[0x0000001c])

    Exec Addr    Load Addr    Size         Type   Attr      Idx    E Section Name        Object

    0x24000000   COMPRESSED   0x00000008   Data   RW           16    .data               system_stm32h7xx.o
    0x24000008   COMPRESSED   0x0000000c   Data   RW          215    .data               stm32h7xx_hal.o
    0x24000014   COMPRESSED   0x0000000c   Data   RW         6026    .data               main.o
    0x24000020   COMPRESSED   0x0000003c   Data   RW         6993    .data               tasks.o
    0x2400005c   COMPRESSED   0x00000018   Data   RW         7291    .data               heap_4.o
    0x24000074   COMPRESSED   0x0000000c   Data   RW         7354    .data               port.o
    0x24000080   COMPRESSED   0x00000004   Data   RW         8238    .data               sockets.o
    0x24000084   COMPRESSED   0x00000010   Data   RW         8549    .data               tcpip.o
    0x24000094   COMPRESSED   0x0000000c   Data   RW         8816    .data               dns.o
    0x240000a0   COMPRESSED   0x00000010   Data   RW         9117    .data               mem.o
    0x240000b0   COMPRESSED   0x00000004   Data   RW         9218    .data               memp.o
    0x240000b4   COMPRESSED   0x00000004   Data   RW         9219    .data               memp.o
    0x240000b8   COMPRESSED   0x00000004   Data   RW         9220    .data               memp.o
    0x240000bc   COMPRESSED   0x00000004   Data   RW         9221    .data               memp.o
    0x240000c0   COMPRESSED   0x00000004   Data   RW         9222    .data               memp.o
    0x240000c4   COMPRESSED   0x00000004   Data   RW         9223    .data               memp.o
    0x240000c8   COMPRESSED   0x00000004   Data   RW         9224    .data               memp.o
    0x240000cc   COMPRESSED   0x00000004   Data   RW         9225    .data               memp.o
    0x240000d0   COMPRESSED   0x00000004   Data   RW         9226    .data               memp.o
    0x240000d4   COMPRESSED   0x00000004   Data   RW         9227    .data               memp.o
    0x240000d8   COMPRESSED   0x00000004   Data   RW         9228    .data               memp.o
    0x240000dc   COMPRESSED   0x00000004   Data   RW         9229    .data               memp.o
    0x240000e0   COMPRESSED   0x00000004   Data   RW         9230    .data               memp.o
    0x240000e4   COMPRESSED   0x00000004   Data   RW         9231    .data               memp.o
    0x240000e8   COMPRESSED   0x00000004   Data   RW         9232    .data               memp.o
    0x240000ec   COMPRESSED   0x0000000c   Data   RW         9349    .data               netif.o
    0x240000f8   COMPRESSED   0x00000020   Data   RW         9834    .data               tcp.o
    0x24000118   COMPRESSED   0x00000024   Data   RW        10118    .data               tcp_in.o
    0x2400013c   COMPRESSED   0x0000000c   Data   RW        10363    .data               timeouts.o
    0x24000148   COMPRESSED   0x00000008   Data   RW        10460    .data               udp.o
    0x24000150   COMPRESSED   0x00000001   Data   RW        10625    .data               etharp.o
    0x24000151   COMPRESSED   0x00000003   PAD
    0x24000154   COMPRESSED   0x00000008   Data   RW        10781    .data               igmp.o
    0x2400015c   COMPRESSED   0x00000008   Data   RW        10899    .data               ip4.o
    0x24000164   COMPRESSED   0x00000008   Data   RW        11057    .data               ip4_frag.o
    0x2400016c   COMPRESSED   0x00000010   Data   RW        11306    .data               ethernetif.o
    0x2400017c   COMPRESSED   0x00000004   Data   RW        11307    .data               ethernetif.o
    0x24000180   COMPRESSED   0x00000014   Data   RW        11412    .data               sys_arch.o
    0x24000194   COMPRESSED   0x00000004   Data   RW        11413    .data               sys_arch.o
    0x24000198   COMPRESSED   0x00000004   Data   RW        11620    .data               mc_w.l(rand.o)
    0x2400019c   COMPRESSED   0x00000004   Data   RW        11919    .data               mc_w.l(stdout.o)
    0x240001a0        -       0x0000008c   Zero   RW         6220    .bss                bsp_debug_usart.o
    0x2400022c        -       0x00000050   Zero   RW         6789    .bss                queue.o
    0x2400027c        -       0x000002e4   Zero   RW         6992    .bss                tasks.o
    0x24000560        -       0x00008c00   Zero   RW         7290    .bss                heap_4.o
    0x24009160        -       0x00000070   Zero   RW         8237    .bss                sockets.o
    0x240091d0        -       0x00000480   Zero   RW         8814    .bss                dns.o
    0x24009650        -       0x00000018   Zero   RW         9083    .bss                ip.o
    0x24009668        -       0x00003c13   Zero   RW         9116    .bss                mem.o
    0x2400d27b        -       0x000000a3   Zero   RW         9187    .bss                memp.o
    0x2400d31e        -       0x00000393   Zero   RW         9188    .bss                memp.o
    0x2400d6b1        -       0x000000ab   Zero   RW         9189    .bss                memp.o
    0x2400d75c        -       0x00000963   Zero   RW         9190    .bss                memp.o
    0x2400e0bf        -       0x000000a3   Zero   RW         9191    .bss                memp.o
    0x2400e162        -       0x0000016b   Zero   RW         9192    .bss                memp.o
    0x2400e2cd        -       0x00000023   Zero   RW         9193    .bss                memp.o
    0x2400e2f0        -       0x000000a3   Zero   RW         9194    .bss                memp.o
    0x2400e393        -       0x00000083   Zero   RW         9195    .bss                memp.o
    0x2400e416        -       0x00000083   Zero   RW         9196    .bss                memp.o
    0x2400e499        -       0x00000083   Zero   RW         9197    .bss                memp.o
    0x2400e51c        -       0x00000083   Zero   RW         9198    .bss                memp.o
    0x2400e59f        -       0x00000137   Zero   RW         9199    .bss                memp.o
    0x2400e6d6        -       0x00000193   Zero   RW         9200    .bss                memp.o
    0x2400e869        -       0x00010d4f   Zero   RW         9201    .bss                memp.o
    0x2401f5b8        -       0x00000010   Zero   RW        10117    .bss                tcp_in.o
    0x2401f5c8        -       0x000000f0   Zero   RW        10623    .bss                etharp.o
    0x2401f6b8        -       0x00000108   Zero   RW        11302    .bss                ethernetif.o
    0x2401f7c0        -       0x00000193   Zero   RW        11303    .bss                ethernetif.o
    0x2401f953   COMPRESSED   0x00000001   PAD
    0x2401f954        -       0x00000058   Zero   RW        11411    .bss                sys_arch.o
    0x2401f9ac   COMPRESSED   0x00000004   PAD
    0x2401f9b0        -       0x00000400   Zero   RW            1    STACK               startup_stm32h743xx.o



  Load Region LR$$.ARM.__AT_0x30040000 (Base: 0x30040000, Size: 0x00000000, Max: 0x00000060, ABSOLUTE)

    Execution Region ER$$.ARM.__AT_0x30040000 (Exec base: 0x30040000, Load base: 0x30040000, Size: 0x00000060, Max: 0x00000060, ABSOLUTE, UNINIT)

    Exec Addr    Load Addr    Size         Type   Attr      Idx    E Section Name        Object

    0x30040000        -       0x00000060   Zero   RW        11299    .ARM.__AT_0x30040000  ethernetif.o



  Load Region LR$$.ARM.__AT_0x30040060 (Base: 0x30040060, Size: 0x00000000, Max: 0x00000060, ABSOLUTE)

    Execution Region ER$$.ARM.__AT_0x30040060 (Exec base: 0x30040060, Load base: 0x30040060, Size: 0x00000060, Max: 0x00000060, ABSOLUTE, UNINIT)

    Exec Addr    Load Addr    Size         Type   Attr      Idx    E Section Name        Object

    0x30040060        -       0x00000060   Zero   RW        11300    .ARM.__AT_0x30040060  ethernetif.o



  Load Region LR$$.ARM.__AT_0x30040200 (Base: 0x30040200, Size: 0x00000000, Max: 0x00001800, ABSOLUTE)

    Execution Region ER$$.ARM.__AT_0x30040200 (Exec base: 0x30040200, Load base: 0x30040200, Size: 0x00001800, Max: 0x00001800, ABSOLUTE, UNINIT)

    Exec Addr    Load Addr    Size         Type   Attr      Idx    E Section Name        Object

    0x30040200        -       0x00001800   Zero   RW        11301    .ARM.__AT_0x30040200  ethernetif.o


==============================================================================

Image component sizes


      Code (inc. data)   RO Data    RW Data    ZI Data      Debug   Object Name

      1038        400          0          0          0      43074   api_lib.o
      4680       1440          3          0          0      38425   api_msg.o
       632         78          0          0          0      38382   board.o
       220         22          0          0        140       2063   bsp_debug_usart.o
       184         22          0          0          0       1074   bsp_led.o
        64         18          0          0          0       1085   core_delay.o
        34          0          0          0          0       1058   def.o
       892        144          0         12       1152      16324   dns.o
        28          4         68          0          0       1175   err.o
      2196        514         65          1        240      12355   etharp.o
       308         56         12          0          0       2682   ethernet.o
       964        146         12         20       7003      42081   ethernetif.o
       584        138          0         24      35840       4239   heap_4.o
       620        160          0          0          0       4530   icmp.o
      2010        770         65          8          0      14985   igmp.o
       172          0          0          0          0       2880   inet_chksum.o
        42          0          0          0          0       1616   init.o
         0          0          0          0         24       3170   ip.o
      1102        100          0          8          0       7820   ip4.o
       428         18          8          0          0      12603   ip4_addr.o
      2170        462          0          8          0      12762   ip4_frag.o
       488        162        184          0          0      35297   iperf_client.o
       624         42          0          0          0       7760   lan8720a.o
       136          0          0          0          0       3410   list.o
       588        370        139         12          0      16247   main.o
      1716        604          0         16      15379       8357   mem.o
       470        192        240         60      74557      12446   memp.o
       196         54          0          0          0      11203   netbuf.o
      1074        354          0         12          0      15404   netif.o
         0          0          0          0          0       2048   netifapi.o
      2648        974          0          0          0      19305   pbuf.o
      1018        402          0         12          0      10985   port.o
      1976        378          0          0         80      15727   queue.o
      1634        196          0          4        112      37348   sockets.o
        36          8        664          0       1024        988   startup_stm32h743xx.o
       174         34          0         12          0      23057   stm32h7xx_hal.o
       310         30          0          0          0      40140   stm32h7xx_hal_cortex.o
      4278         78          0          0          0      24942   stm32h7xx_hal_eth.o
       496         50          0          0          0       1960   stm32h7xx_hal_gpio.o
      2592        120          0          0          0       7896   stm32h7xx_hal_rcc.o
      3892        140          0          0          0       8959   stm32h7xx_hal_rcc_ex.o
      6216        130          0          0          0      11860   stm32h7xx_hal_uart.o
        58          0          0          0          0      11683   stm32h7xx_it.o
       856        198          0         24         88      15289   sys_arch.o
       152         22         16          8          0    1239853   system_stm32h7xx.o
      2812        732          0         60        740      30293   tasks.o
      5242       1658        201         32          0      41137   tcp.o
      5210       1050          0         36         16      21283   tcp_in.o
      6142       1936         85          0          0      33802   tcp_out.o
       616        202          0         16          0      10829   tcpip.o
       572        186         40         12          0       7235   timeouts.o
      2370        836          0          8          0      15724   udp.o

    ----------------------------------------------------------------------
     73024      15630       1848        408     136400    2006850   Object Totals
         0          0         32          0          0          0   (incl. Generated)
        64          0         14          3          5          0   (incl. Padding)

    ----------------------------------------------------------------------

      Code (inc. data)   RO Data    RW Data    ZI Data      Debug   Library Member Name

        58          0          0          0          0          0   __dczerorl.o
         8          4        133          0          0         68   ctype_o.o
         0          0          0          0          0          0   entry.o
         0          0          0          0          0          0   entry10a.o
         0          0          0          0          0          0   entry11a.o
         8          4          0          0          0          0   entry2.o
         4          0          0          0          0          0   entry5.o
         0          0          0          0          0          0   entry7b.o
         0          0          0          0          0          0   entry8b.o
         8          4          0          0          0          0   entry9a.o
        30          0          0          0          0          0   handlers.o
        36          8          0          0          0         68   init.o
         0          0          0          0          0          0   iusefp.o
        30          0          0          0          0         68   llshl.o
        36          0          0          0          0         68   llsshr.o
        32          0          0          0          0         68   llushr.o
        26          0          0          0          0         80   memcmp.o
        64          0          0          0          0         76   memmovea.o
        36          0          0          0          0        108   memseta.o
      2258         90          0          0          0        452   printfa.o
        36         10          0          4          0        136   rand.o
         0          0          0          4          0          0   stdout.o
        14          0          0          0          0         68   strlen.o
        44          0          0          0          0         80   uidiv.o
        98          0          0          0          0         92   uldiv.o
        48          0          0          0          0         68   cdrcmple.o
       334          0          0          0          0        148   dadd.o
       222          0          0          0          0        100   ddiv.o
       186          0          0          0          0        176   depilogue.o
        48          0          0          0          0         68   dfixul.o
       228          0          0          0          0         96   dmul.o
       110          0          0          0          0        168   fepilogue.o
        28          0          0          0          0         84   ffltul.o

    ----------------------------------------------------------------------
      4036        120        136          8          0       2340   Library Totals
         6          0          3          0          0          0   (incl. Padding)

    ----------------------------------------------------------------------

      Code (inc. data)   RO Data    RW Data    ZI Data      Debug   Library Name

      2826        120        133          8          0       1432   mc_w.l
      1204          0          0          0          0        908   mf_w.l

    ----------------------------------------------------------------------
      4036        120        136          8          0       2340   Library Totals

    ----------------------------------------------------------------------

==============================================================================


      Code (inc. data)   RO Data    RW Data    ZI Data      Debug   

     77060      15750       1984        416     136400    1962330   Grand Totals
     77060      15750       1984         28     136400    1962330   ELF Image Totals (compressed)
     77060      15750       1984         28          0          0   ROM Totals

==============================================================================

    Total RO  Size (Code + RO Data)                79044 (  77.19kB)
    Total RW  Size (RW Data + ZI Data)            136816 ( 133.61kB)
    Total ROM Size (Code + RO Data + RW Data)      79072 (  77.22kB)

==============================================================================

