<html>
<body>
<pre>
<h1>µVision Build Log</h1>
<h2>Tool Versions:</h2>
IDE-Version: ¦ÌVision V5.26.2.0
Copyright (C) 2018 ARM Ltd and ARM Germany GmbH. All rights reserved.
License Information: 496496 wd, w, LIC=GMZI6-DIX99-9U34U-SCWN3-QU6XS-JR4Y4
 
Tool Versions:
Toolchain:       MDK-ARM Plus  Version: 5.26.2.0
Toolchain Path:  C:\Keil_v5\ARM\ARMCC\Bin
C Compiler:      Armcc.exe V5.06 update 6 (build 750)
Assembler:       Armasm.exe V5.06 update 6 (build 750)
Linker/Locator:  ArmLink.exe V5.06 update 6 (build 750)
Library Manager: ArmAr.exe V5.06 update 6 (build 750)
Hex Converter:   FromElf.exe V5.06 update 6 (build 750)
CPU DLL:         SARMCM3.DLL V5.26.2.0
Dialog DLL:      DCM.DLL V1.17.2.0
Target DLL:      CMSIS_AGDI.dll V1.30.6.0
Dialog DLL:      TCM.DLL V1.36.1.0
 
<h2>Project:</h2>
C:\Users\admin\Desktop\shangchuan\ebf_lwip_tutorial_code_stm32h743_zhanqing\lwip_dhcp\Project\RVMDK£¨uv5£©\Fire_FreeRTOS.uvprojx
Project File Date:  08/01/2020

<h2>Output:</h2>
*** Using Compiler 'V5.06 update 6 (build 750)', folder: 'C:\Keil_v5\ARM\ARMCC\Bin'
Build target 'Fire_FreeRTOS'
compiling bsp_led.c...
compiling core_delay.c...
compiling bsp_debug_usart.c...
compiling stm32h7xx_it.c...
compiling main.c...
compiling bsp_key.c...
compiling board.c...
compiling dhcp.c...
compiling LAN8720a.c...
compiling croutine.c...
compiling list.c...
compiling event_groups.c...
compiling timers.c...
compiling queue.c...
compiling tasks.c...
compiling port.c...
compiling heap_4.c...
compiling api_lib.c...
compiling err.c...
compiling api_msg.c...
compiling if_api.c...
compiling netbuf.c...
compiling netdb.c...
compiling netifapi.c...
compiling altcp.c...
compiling tcpip.c...
compiling sockets.c...
compiling altcp_alloc.c...
compiling altcp_tcp.c...
compiling def.c...
compiling dns.c...
compiling inet_chksum.c...
compiling ip.c...
compiling init.c...
compiling mem.c...
compiling raw.c...
compiling memp.c...
compiling pbuf.c...
compiling netif.c...
compiling stats.c...
compiling sys.c...
compiling tcp.c...
compiling tcp_out.c...
compiling tcp_in.c...
compiling autoip.c...
compiling timeouts.c...
compiling udp.c...
compiling etharp.c...
compiling dhcp.c...
compiling igmp.c...
compiling icmp.c...
compiling ip4.c...
compiling ip4_addr.c...
compiling lowpan6.c...
compiling ethernet.c...
compiling ip4_frag.c...
compiling lowpan6_ble.c...
compiling zepif.c...
compiling lowpan6_common.c...
compiling bridgeif.c...
compiling ethernetif.c...
compiling sys_arch.c...
linking...
Program Size: Code=72960 RO-data=1680 RW-data=388 ZI-data=111468  
FromELF: creating hex file...
"..\..\Output\Fire_FreeRTOS.axf" - 0 Error(s), 0 Warning(s).

<h2>Software Packages used:</h2>

Package Vendor: Keil
                https://www.keil.com/pack/Keil.STM32H7xx_DFP.2.3.1.pack
                Keil.STM32H7xx_DFP.2.3.1
                STMicroelectronics STM32H7 Series Device Support and Examples

<h2>Collection of Component include folders:</h2>
  .\RTE\_Fire_FreeRTOS
  C:\Keil_v5\ARM\PACK\Keil\STM32H7xx_DFP\2.3.1\Drivers\CMSIS\Device\ST\STM32H7xx\Include

<h2>Collection of Component Files used:</h2>
Build Time Elapsed:  00:00:06
</pre>
</body>
</html>
